Component: ARM Compiler 5.06 update 5 (build 528) Tool: armlink [4d35e2]

==============================================================================

Section Cross References

    usb_core.o(i.DataStageIn) refers to usb_regs.o(i.GetEPTxAddr) for GetEPTxAddr
    usb_core.o(i.DataStageIn) refers to usb_mem.o(i.UserToPMABufferCopy) for UserToPMABufferCopy
    usb_core.o(i.DataStageIn) refers to usb_regs.o(i.SetEPTxCount) for SetEPTxCount
    usb_core.o(i.DataStageIn) refers to usb_init.o(.data) for pInformation
    usb_core.o(i.DataStageIn) refers to usb_core.o(.data) for Data_Mul_MaxPacketSize
    usb_core.o(i.DataStageIn) refers to usb_int.o(.data) for SaveTState
    usb_core.o(i.DataStageOut) refers to usb_regs.o(i.GetEPRxAddr) for GetEPRxAddr
    usb_core.o(i.DataStageOut) refers to usb_mem.o(i.PMAToUserBufferCopy) for PMAToUserBufferCopy
    usb_core.o(i.DataStageOut) refers to usb_regs.o(i.SetEPTxCount) for SetEPTxCount
    usb_core.o(i.DataStageOut) refers to usb_init.o(.data) for pInformation
    usb_core.o(i.DataStageOut) refers to usb_int.o(.data) for SaveRState
    usb_core.o(i.Data_Setup0) refers to usb_core.o(i.DataStageIn) for DataStageIn
    usb_core.o(i.Data_Setup0) refers to usb_init.o(.data) for pInformation
    usb_core.o(i.Data_Setup0) refers to usb_core.o(i.Standard_GetStatus) for Standard_GetStatus
    usb_core.o(i.Data_Setup0) refers to usb_prop.o(.data) for Device_Table
    usb_core.o(i.Data_Setup0) refers to usb_core.o(i.Standard_GetConfiguration) for Standard_GetConfiguration
    usb_core.o(i.Data_Setup0) refers to usb_core.o(i.Standard_GetInterface) for Standard_GetInterface
    usb_core.o(i.Data_Setup0) refers to usb_core.o(.data) for Data_Mul_MaxPacketSize
    usb_core.o(i.Data_Setup0) refers to usb_int.o(.data) for SaveRState
    usb_core.o(i.In0_Process) refers to usb_core.o(i.DataStageIn) for DataStageIn
    usb_core.o(i.In0_Process) refers to usb_core.o(i.SetDeviceAddress) for SetDeviceAddress
    usb_core.o(i.In0_Process) refers to usb_core.o(i.Post0_Process) for Post0_Process
    usb_core.o(i.In0_Process) refers to usb_init.o(.data) for pInformation
    usb_core.o(i.NoData_Setup0) refers to usb_core.o(i.Standard_SetConfiguration) for Standard_SetConfiguration
    usb_core.o(i.NoData_Setup0) refers to usb_core.o(i.Standard_SetDeviceFeature) for Standard_SetDeviceFeature
    usb_core.o(i.NoData_Setup0) refers to usb_core.o(i.Standard_ClearFeature) for Standard_ClearFeature
    usb_core.o(i.NoData_Setup0) refers to usb_core.o(i.Standard_SetInterface) for Standard_SetInterface
    usb_core.o(i.NoData_Setup0) refers to usb_core.o(i.Standard_SetEndPointFeature) for Standard_SetEndPointFeature
    usb_core.o(i.NoData_Setup0) refers to usb_init.o(.data) for pInformation
    usb_core.o(i.NoData_Setup0) refers to usb_core.o(.data) for DevRemoteWakeup
    usb_core.o(i.NoData_Setup0) refers to usb_int.o(.data) for SaveTState
    usb_core.o(i.Out0_Process) refers to usb_core.o(i.DataStageOut) for DataStageOut
    usb_core.o(i.Out0_Process) refers to usb_core.o(i.Post0_Process) for Post0_Process
    usb_core.o(i.Out0_Process) refers to usb_init.o(.data) for pInformation
    usb_core.o(i.Post0_Process) refers to usb_regs.o(i.SetEPRxCount) for SetEPRxCount
    usb_core.o(i.Post0_Process) refers to usb_prop.o(.data) for Device_Property
    usb_core.o(i.Post0_Process) refers to usb_init.o(.data) for pInformation
    usb_core.o(i.Post0_Process) refers to usb_int.o(.data) for SaveRState
    usb_core.o(i.SetDeviceAddress) refers to usb_prop.o(.data) for Device_Table
    usb_core.o(i.Setup0_Process) refers to usb_regs.o(i.ByteSwap) for ByteSwap
    usb_core.o(i.Setup0_Process) refers to usb_core.o(i.NoData_Setup0) for NoData_Setup0
    usb_core.o(i.Setup0_Process) refers to usb_core.o(i.Data_Setup0) for Data_Setup0
    usb_core.o(i.Setup0_Process) refers to usb_core.o(i.Post0_Process) for Post0_Process
    usb_core.o(i.Setup0_Process) refers to usb_init.o(.data) for pInformation
    usb_core.o(i.Standard_ClearFeature) refers to usb_regs.o(i.ClearDTOG_TX) for ClearDTOG_TX
    usb_core.o(i.Standard_ClearFeature) refers to usb_regs.o(i.SetEPTxStatus) for SetEPTxStatus
    usb_core.o(i.Standard_ClearFeature) refers to usb_regs.o(i.SetEPRxCount) for SetEPRxCount
    usb_core.o(i.Standard_ClearFeature) refers to usb_regs.o(i.ClearDTOG_RX) for ClearDTOG_RX
    usb_core.o(i.Standard_ClearFeature) refers to usb_init.o(.data) for pInformation
    usb_core.o(i.Standard_ClearFeature) refers to usb_prop.o(.data) for Device_Table
    usb_core.o(i.Standard_GetConfiguration) refers to usb_init.o(.data) for pInformation
    usb_core.o(i.Standard_GetDescriptorData) refers to usb_init.o(.data) for pInformation
    usb_core.o(i.Standard_GetInterface) refers to usb_init.o(.data) for pInformation
    usb_core.o(i.Standard_GetStatus) refers to usb_init.o(.data) for pInformation
    usb_core.o(i.Standard_GetStatus) refers to usb_core.o(.data) for StatusInfo
[...]
    defsig_fpe_inner.o(.text) refers to defsig_general.o(.text) for __default_signal_display
    defsig_rtred_inner.o(.text) refers to defsig_general.o(.text) for __default_signal_display
    defsig_stak_inner.o(.text) refers to defsig_general.o(.text) for __default_signal_display
    defsig_pvfn_inner.o(.text) refers to defsig_general.o(.text) for __default_signal_display
    defsig_cppl_inner.o(.text) refers to defsig_general.o(.text) for __default_signal_display
    defsig_segv_inner.o(.text) refers to defsig_general.o(.text) for __default_signal_display
    defsig_other.o(.text) refers to defsig_general.o(.text) for __default_signal_display


==============================================================================

Removing Unused input sections from the image.

    Removing usb_int.o(i.CTR_HP), (200 bytes).
    Removing usb_regs.o(i.ClearEPDoubleBuff), (40 bytes).
    Removing usb_regs.o(i.ClearEP_CTR_RX), (36 bytes).
    Removing usb_regs.o(i.ClearEP_CTR_TX), (32 bytes).
    Removing usb_regs.o(i.ClearEP_KIND), (40 bytes).
    Removing usb_regs.o(i.FreeUserBuffer), (84 bytes).
    Removing usb_regs.o(i.GetBTABLE), (12 bytes).
    Removing usb_regs.o(i.GetCNTR), (12 bytes).
    Removing usb_regs.o(i.GetDADDR), (12 bytes).
    Removing usb_regs.o(i.GetENDPOINT), (20 bytes).
    Removing usb_regs.o(i.GetEPAddress), (24 bytes).
    Removing usb_regs.o(i.GetEPDblBuf0Addr), (32 bytes).
    Removing usb_regs.o(i.GetEPDblBuf0Count), (36 bytes).
    Removing usb_regs.o(i.GetEPDblBuf1Addr), (32 bytes).
    Removing usb_regs.o(i.GetEPDblBuf1Count), (36 bytes).
    Removing usb_regs.o(i.GetEPDblBufDir), (72 bytes).
    Removing usb_regs.o(i.GetEPRxCount), (36 bytes).
    Removing usb_regs.o(i.GetEPRxStatus), (24 bytes).
    Removing usb_regs.o(i.GetEPTxCount), (36 bytes).
    Removing usb_regs.o(i.GetEPTxStatus), (24 bytes).
    Removing usb_regs.o(i.GetEPType), (24 bytes).
    Removing usb_regs.o(i.GetFNR), (12 bytes).
    Removing usb_regs.o(i.GetISTR), (12 bytes).
    Removing usb_regs.o(i.GetRxStallStatus), (36 bytes).
    Removing usb_regs.o(i.GetTxStallStatus), (32 bytes).
    Removing usb_regs.o(i.SetBTABLE), (16 bytes).
    Removing usb_regs.o(i.SetCNTR), (12 bytes).
    Removing usb_regs.o(i.SetDADDR), (12 bytes).
    Removing usb_regs.o(i.SetDouBleBuffEPStall), (60 bytes).
    Removing usb_regs.o(i.SetENDPOINT), (16 bytes).
    Removing usb_regs.o(i.SetEPAddress), (44 bytes).
    Removing usb_regs.o(i.SetEPCountRxReg), (48 bytes).
    Removing usb_regs.o(i.SetEPDblBuf0Addr), (32 bytes).
    Removing usb_regs.o(i.SetEPDblBuf0Count), (104 bytes).
    Removing usb_regs.o(i.SetEPDblBuf1Addr), (36 bytes).
    Removing usb_regs.o(i.SetEPDblBuf1Count), (104 bytes).
    Removing usb_regs.o(i.SetEPDblBuffAddr), (52 bytes).
    Removing usb_regs.o(i.SetEPDblBuffCount), (196 bytes).
    Removing usb_regs.o(i.SetEPDoubleBuff), (44 bytes).
    Removing usb_regs.o(i.SetEPRxAddr), (36 bytes).
    Removing usb_regs.o(i.SetEPRxStatus), (64 bytes).
    Removing usb_regs.o(i.SetEPTxAddr), (32 bytes).
    Removing usb_regs.o(i.SetEPTxValid), (52 bytes).
    Removing usb_regs.o(i.SetEPType), (36 bytes).
    Removing usb_regs.o(i.SetEP_KIND), (44 bytes).
    Removing usb_regs.o(i.Set_Status_Out), (44 bytes).
    Removing usb_regs.o(i.ToWord), (8 bytes).
    Removing usb_regs.o(i.ToggleDTOG_RX), (40 bytes).
    Removing usb_regs.o(i.ToggleDTOG_TX), (40 bytes).
    Removing usb_sil.o(i.USB_SIL_Read), (46 bytes).
    Removing usb_sil.o(i.USB_SIL_Write), (46 bytes).
    Removing system_stm32f10x.o(i.SetSysClock), (8 bytes).
    Removing system_stm32f10x.o(i.SetSysClockTo48), (224 bytes).
    Removing system_stm32f10x.o(i.SystemCoreClockUpdate), (164 bytes).
    Removing system_stm32f10x.o(i.SystemInit), (96 bytes).
    Removing system_stm32f10x.o(.data), (20 bytes).
    Removing hw_config.o(i.Leave_LowPowerMode), (36 bytes).
    Removing hw_config.o(.data), (12 bytes).
    Removing usb_endp.o(i.EP1_IN_Callback), (12 bytes).
    Removing usb_pwr.o(i.PowerOff), (32 bytes).
    Removing fsmc_nor.o(i.FSMC_NOR_EraseBlock), (60 bytes).
    Removing fsmc_nor.o(i.FSMC_NOR_EraseChip), (56 bytes).
    Removing fsmc_nor.o(i.FSMC_NOR_GetStatus), (156 bytes).
    Removing fsmc_nor.o(i.FSMC_NOR_Init), (256 bytes).
    Removing fsmc_nor.o(i.FSMC_NOR_ProgramBuffer), (116 bytes).
    Removing fsmc_nor.o(i.FSMC_NOR_ReadBuffer), (52 bytes).
    Removing fsmc_nor.o(i.FSMC_NOR_ReadHalfWord), (36 bytes).
    Removing fsmc_nor.o(i.FSMC_NOR_ReadID), (60 bytes).
    Removing fsmc_nor.o(i.FSMC_NOR_Reset), (32 bytes).
    Removing fsmc_nor.o(i.FSMC_NOR_ReturnToReadMode), (12 bytes).
    Removing fsmc_nor.o(i.FSMC_NOR_WriteBuffer), (42 bytes).
    Removing fsmc_nor.o(i.FSMC_NOR_WriteHalfWord), (48 bytes).
    Removing misc.o(i.NVIC_SetVectorTable), (20 bytes).
    Removing misc.o(i.NVIC_SystemLPConfig), (32 bytes).
    Removing misc.o(i.SysTick_CLKSourceConfig), (40 bytes).
    Removing stm32f10x_exti.o(i.EXTI_ClearFlag), (12 bytes).
    Removing stm32f10x_exti.o(i.EXTI_DeInit), (36 bytes).
    Removing stm32f10x_exti.o(i.EXTI_GenerateSWInterrupt), (16 bytes).
    Removing stm32f10x_exti.o(i.EXTI_GetFlagStatus), (24 bytes).
    Removing stm32f10x_exti.o(i.EXTI_GetITStatus), (40 bytes).
    Removing stm32f10x_exti.o(i.EXTI_Init), (148 bytes).
    Removing stm32f10x_exti.o(i.EXTI_StructInit), (16 bytes).
    Removing stm32f10x_gpio.o(i.GPIO_AFIODeInit), (20 bytes).
    Removing stm32f10x_gpio.o(i.GPIO_DeInit), (200 bytes).
    Removing stm32f10x_gpio.o(i.GPIO_ETH_MediaInterfaceConfig), (12 bytes).
    Removing stm32f10x_gpio.o(i.GPIO_EXTILineConfig), (64 bytes).
    Removing stm32f10x_gpio.o(i.GPIO_EventOutputCmd), (12 bytes).
    Removing stm32f10x_gpio.o(i.GPIO_EventOutputConfig), (32 bytes).
    Removing stm32f10x_gpio.o(i.GPIO_PinLockConfig), (18 bytes).
    Removing stm32f10x_gpio.o(i.GPIO_PinRemapConfig), (144 bytes).
    Removing stm32f10x_gpio.o(i.GPIO_ReadInputData), (8 bytes).
    Removing stm32f10x_gpio.o(i.GPIO_ReadOutputData), (8 bytes).
    Removing stm32f10x_gpio.o(i.GPIO_ReadOutputDataBit), (18 bytes).
    Removing stm32f10x_gpio.o(i.GPIO_ResetBits), (4 bytes).
    Removing stm32f10x_gpio.o(i.GPIO_SetBits), (4 bytes).
    Removing stm32f10x_gpio.o(i.GPIO_StructInit), (16 bytes).
    Removing stm32f10x_gpio.o(i.GPIO_Write), (4 bytes).
    Removing stm32f10x_gpio.o(i.GPIO_WriteBit), (10 bytes).
    Removing stm32f10x_rcc.o(i.RCC_ADCCLKConfig), (24 bytes).
    Removing stm32f10x_rcc.o(i.RCC_AHBPeriphClockCmd), (32 bytes).
    Removing stm32f10x_rcc.o(i.RCC_APB1PeriphResetCmd), (32 bytes).
    Removing stm32f10x_rcc.o(i.RCC_APB2PeriphResetCmd), (32 bytes).
    Removing stm32f10x_rcc.o(i.RCC_AdjustHSICalibrationValue), (24 bytes).
    Removing stm32f10x_rcc.o(i.RCC_BackupResetCmd), (12 bytes).
    Removing stm32f10x_rcc.o(i.RCC_ClearFlag), (20 bytes).
    Removing stm32f10x_rcc.o(i.RCC_ClearITPendingBit), (12 bytes).
    Removing stm32f10x_rcc.o(i.RCC_ClockSecuritySystemCmd), (12 bytes).
    Removing stm32f10x_rcc.o(i.RCC_GetClocksFreq), (212 bytes).
    Removing stm32f10x_rcc.o(i.RCC_GetFlagStatus), (60 bytes).
    Removing stm32f10x_rcc.o(i.RCC_GetITStatus), (24 bytes).
    Removing stm32f10x_rcc.o(i.RCC_GetSYSCLKSource), (16 bytes).
    Removing stm32f10x_rcc.o(i.RCC_HCLKConfig), (24 bytes).
    Removing stm32f10x_rcc.o(i.RCC_HSEConfig), (76 bytes).
    Removing stm32f10x_rcc.o(i.RCC_HSICmd), (12 bytes).
    Removing stm32f10x_rcc.o(i.RCC_ITConfig), (32 bytes).
    Removing stm32f10x_rcc.o(i.RCC_LSEConfig), (52 bytes).
    Removing stm32f10x_rcc.o(i.RCC_LSICmd), (12 bytes).
    Removing stm32f10x_rcc.o(i.RCC_MCOConfig), (12 bytes).
    Removing stm32f10x_rcc.o(i.RCC_PCLK1Config), (24 bytes).
    Removing stm32f10x_rcc.o(i.RCC_PCLK2Config), (24 bytes).
    Removing stm32f10x_rcc.o(i.RCC_PLLCmd), (12 bytes).
    Removing stm32f10x_rcc.o(i.RCC_PLLConfig), (28 bytes).
    Removing stm32f10x_rcc.o(i.RCC_RTCCLKCmd), (12 bytes).
    Removing stm32f10x_rcc.o(i.RCC_RTCCLKConfig), (16 bytes).
    Removing stm32f10x_rcc.o(i.RCC_SYSCLKConfig), (24 bytes).
    Removing stm32f10x_rcc.o(i.RCC_WaitForHSEStartUp), (56 bytes).
    Removing stm32f10x_rcc.o(.data), (20 bytes).
    Removing stm32f10x_flash.o(i.FLASH_ClearFlag), (12 bytes).
    Removing stm32f10x_flash.o(i.FLASH_EnableWriteProtection), (196 bytes).
    Removing stm32f10x_flash.o(i.FLASH_EraseAllBank1Pages), (72 bytes).
    Removing stm32f10x_flash.o(i.FLASH_EraseAllPages), (72 bytes).
    Removing stm32f10x_flash.o(i.FLASH_EraseOptionBytes), (168 bytes).
    Removing stm32f10x_flash.o(i.FLASH_GetFlagStatus), (48 bytes).
    Removing stm32f10x_flash.o(i.FLASH_GetPrefetchBufferStatus), (24 bytes).
    Removing stm32f10x_flash.o(i.FLASH_GetReadOutProtectionStatus), (24 bytes).
    Removing stm32f10x_flash.o(i.FLASH_GetStatus), (52 bytes).
    Removing stm32f10x_flash.o(i.FLASH_GetUserOptionByte), (12 bytes).
    Removing stm32f10x_flash.o(i.FLASH_GetWriteProtectionOptionByte), (12 bytes).
    Removing stm32f10x_flash.o(i.FLASH_HalfCycleAccessCmd), (28 bytes).
    Removing stm32f10x_flash.o(i.FLASH_ITConfig), (32 bytes).
    Removing stm32f10x_flash.o(i.FLASH_Lock), (20 bytes).
    Removing stm32f10x_flash.o(i.FLASH_LockBank1), (20 bytes).
    Removing stm32f10x_flash.o(i.FLASH_PrefetchBufferCmd), (28 bytes).
    Removing stm32f10x_flash.o(i.FLASH_ProgramHalfWord), (64 bytes).
    Removing stm32f10x_flash.o(i.FLASH_ProgramOptionByteData), (84 bytes).
    Removing stm32f10x_flash.o(i.FLASH_ReadOutProtection), (172 bytes).
    Removing stm32f10x_flash.o(i.FLASH_SetLatency), (24 bytes).
    Removing stm32f10x_flash.o(i.FLASH_UnlockBank1), (24 bytes).
    Removing stm32f10x_flash.o(i.FLASH_UserOptionByteConfig), (104 bytes).
    Removing stm32f10x_flash.o(i.FLASH_WaitForLastBank1Operation), (38 bytes).
    Removing stm32f10x_fsmc.o(i.FSMC_ClearFlag), (64 bytes).
    Removing stm32f10x_fsmc.o(i.FSMC_ClearITPendingBit), (72 bytes).
    Removing stm32f10x_fsmc.o(i.FSMC_GetECC), (28 bytes).
    Removing stm32f10x_fsmc.o(i.FSMC_GetFlagStatus), (56 bytes).
    Removing stm32f10x_fsmc.o(i.FSMC_GetITStatus), (68 bytes).
    Removing stm32f10x_fsmc.o(i.FSMC_ITConfig), (128 bytes).
    Removing stm32f10x_fsmc.o(i.FSMC_NANDCmd), (92 bytes).
    Removing stm32f10x_fsmc.o(i.FSMC_NANDDeInit), (68 bytes).
    Removing stm32f10x_fsmc.o(i.FSMC_NANDECCCmd), (92 bytes).
    Removing stm32f10x_fsmc.o(i.FSMC_NANDInit), (136 bytes).
    Removing stm32f10x_fsmc.o(i.FSMC_NANDStructInit), (54 bytes).
    Removing stm32f10x_fsmc.o(i.FSMC_NORSRAMCmd), (52 bytes).
    Removing stm32f10x_fsmc.o(i.FSMC_NORSRAMDeInit), (54 bytes).
    Removing stm32f10x_fsmc.o(i.FSMC_NORSRAMInit), (230 bytes).
    Removing stm32f10x_fsmc.o(i.FSMC_NORSRAMStructInit), (114 bytes).
    Removing stm32f10x_fsmc.o(i.FSMC_PCCARDCmd), (48 bytes).
    Removing stm32f10x_fsmc.o(i.FSMC_PCCARDDeInit), (40 bytes).
    Removing stm32f10x_fsmc.o(i.FSMC_PCCARDInit), (132 bytes).
    Removing stm32f10x_fsmc.o(i.FSMC_PCCARDStructInit), (60 bytes).
    Removing delay.o(i.delay_init), (68 bytes).
    Removing delay.o(i.delay_ms), (76 bytes).
    Removing delay.o(i.delay_us), (76 bytes).
    Removing delay.o(.data), (4 bytes).

173 unused section(s) (total 8798 bytes) removed from the image.

==============================================================================

Image Symbol Table

    Local Symbols

    Symbol Name                              Value     Ov Type        Size  Object(Section)

    ../clib/angel/boardlib.s                 0x00000000   Number         0  boardinit3.o ABSOLUTE
    ../clib/angel/boardlib.s                 0x00000000   Number         0  boardinit2.o ABSOLUTE
    ../clib/angel/boardlib.s                 0x00000000   Number         0  boardinit1.o ABSOLUTE
    ../clib/angel/boardlib.s                 0x00000000   Number         0  boardshut.o ABSOLUTE
    ../clib/angel/dczerorl2.s                0x00000000   Number         0  __dczerorl2.o ABSOLUTE
    ../clib/angel/handlers.s                 0x00000000   Number         0  __scatter_zi.o ABSOLUTE
    ../clib/angel/kernel.s                   0x00000000   Number         0  __rtentry.o ABSOLUTE
    ../clib/angel/kernel.s                   0x00000000   Number         0  __rtentry2.o ABSOLUTE
    ../clib/angel/kernel.s                   0x00000000   Number         0  __rtentry4.o ABSOLUTE
    ../clib/angel/kernel.s                   0x00000000   Number         0  rtexit2.o ABSOLUTE
    ../clib/angel/kernel.s                   0x00000000   Number         0  rtexit.o ABSOLUTE
    ../clib/angel/rt.s                       0x00000000   Number         0  rt_raise.o ABSOLUTE
    ../clib/angel/scatter.s                  0x00000000   Number         0  __scatter.o ABSOLUTE
    ../clib/angel/startup.s                  0x00000000   Number         0  __main.o ABSOLUTE
    ../clib/angel/sys.s                      0x00000000   Number         0  indicate_semi.o ABSOLUTE
    ../clib/angel/sys.s                      0x00000000   Number         0  use_no_semi.o ABSOLUTE
    ../clib/angel/sys.s                      0x00000000   Number         0  sys_stackheap_outer.o ABSOLUTE
    ../clib/angel/sys.s                      0x00000000   Number         0  libspace.o ABSOLUTE
    ../clib/angel/sysapp.c                   0x00000000   Number         0  sys_command.o ABSOLUTE
    ../clib/angel/sysapp.c                   0x00000000   Number         0  sys_wrch.o ABSOLUTE
    ../clib/angel/sysapp.c                   0x00000000   Number         0  sys_exit.o ABSOLUTE
    ../clib/armsys.c                         0x00000000   Number         0  _get_argv_nomalloc.o ABSOLUTE
    ../clib/armsys.c                         0x00000000   Number         0  no_argv.o ABSOLUTE
    ../clib/armsys.c                         0x00000000   Number         0  argv_veneer.o ABSOLUTE
    ../clib/armsys.c                         0x00000000   Number         0  argv_veneer.o ABSOLUTE
    ../clib/heapalloc.c                      0x00000000   Number         0  hrguard.o ABSOLUTE
    ../clib/heapaux.c                        0x00000000   Number         0  heapauxi.o ABSOLUTE
    ../clib/libinit.s                        0x00000000   Number         0  libinit.o ABSOLUTE
    ../clib/libinit.s                        0x00000000   Number         0  libshutdown2.o ABSOLUTE
    ../clib/libinit.s                        0x00000000   Number         0  libshutdown.o ABSOLUTE
    ../clib/libinit.s                        0x00000000   Number         0  libinit2.o ABSOLUTE
    ../clib/signal.c                         0x00000000   Number         0  __raise.o ABSOLUTE
    ../clib/signal.c                         0x00000000   Number         0  defsig_rtmem_inner.o ABSOLUTE
    ../clib/signal.c                         0x00000000   Number         0  defsig_exit.o ABSOLUTE
    ../clib/signal.c                         0x00000000   Number         0  defsig_rtmem_formal.o ABSOLUTE
    ../clib/signal.c                         0x00000000   Number         0  defsig_rtmem_outer.o ABSOLUTE
    ../clib/signal.c                         0x00000000   Number         0  defsig_rtred_inner.o ABSOLUTE
    ../clib/signal.c                         0x00000000   Number         0  defsig_fpe_inner.o ABSOLUTE
    ../clib/signal.c                         0x00000000   Number         0  defsig_abrt_inner.o ABSOLUTE
    ../clib/signal.c                         0x00000000   Number         0  defsig_general.o ABSOLUTE
    ../clib/signal.c                         0x00000000   Number         0  defsig_pvfn_inner.o ABSOLUTE
    ../clib/signal.c                         0x00000000   Number         0  defsig_other.o ABSOLUTE
    ../clib/signal.c                         0x00000000   Number         0  defsig_segv_inner.o ABSOLUTE
    ../clib/signal.c                         0x00000000   Number         0  defsig_cppl_inner.o ABSOLUTE
    ../clib/signal.c                         0x00000000   Number         0  defsig_stak_inner.o ABSOLUTE
    ../clib/signal.s                         0x00000000   Number         0  defsig.o ABSOLUTE
    ../clib/stdlib.c                         0x00000000   Number         0  exit.o ABSOLUTE
    ../fplib/fpinit.s                        0x00000000   Number         0  fpinit.o ABSOLUTE
    FWLIB\misc.c                             0x00000000   Number         0  misc.o ABSOLUTE
    FWLIB\stm32f10x_exti.c                   0x00000000   Number         0  stm32f10x_exti.o ABSOLUTE
    FWLIB\stm32f10x_flash.c                  0x00000000   Number         0  stm32f10x_flash.o ABSOLUTE
    FWLIB\stm32f10x_fsmc.c                   0x00000000   Number         0  stm32f10x_fsmc.o ABSOLUTE
    FWLIB\stm32f10x_gpio.c                   0x00000000   Number         0  stm32f10x_gpio.o ABSOLUTE
    FWLIB\stm32f10x_rcc.c                    0x00000000   Number         0  stm32f10x_rcc.o ABSOLUTE
    SYSTEM\STM32_USB-FS-Device_Driver\src\usb_core.c 0x00000000   Number         0  usb_core.o ABSOLUTE
    SYSTEM\STM32_USB-FS-Device_Driver\src\usb_init.c 0x00000000   Number         0  usb_init.o ABSOLUTE
    SYSTEM\STM32_USB-FS-Device_Driver\src\usb_int.c 0x00000000   Number         0  usb_int.o ABSOLUTE
    SYSTEM\STM32_USB-FS-Device_Driver\src\usb_mem.c 0x00000000   Number         0  usb_mem.o ABSOLUTE
    SYSTEM\STM32_USB-FS-Device_Driver\src\usb_regs.c 0x00000000   Number         0  usb_regs.o ABSOLUTE
    SYSTEM\STM32_USB-FS-Device_Driver\src\usb_sil.c 0x00000000   Number         0  usb_sil.o ABSOLUTE
    SYSTEM\\sys\\core_cm3.c                  0x00000000   Number         0  core_cm3.o ABSOLUTE
    SYSTEM\delay\delay.c                     0x00000000   Number         0  delay.o ABSOLUTE
    SYSTEM\sys\core_cm3.c                    0x00000000   Number         0  core_cm3.o ABSOLUTE
    SYSTEM\sys\startup_stm32f10x_md.s        0x00000000   Number         0  startup_stm32f10x_md.o ABSOLUTE
    SYSTEM\sys\system_stm32f10x.c            0x00000000   Number         0  system_stm32f10x.o ABSOLUTE
    dc.s                                     0x00000000   Number         0  dc.o ABSOLUTE
    src\dfu_mal.c                            0x00000000   Number         0  dfu_mal.o ABSOLUTE
    src\flash_if.c                           0x00000000   Number         0  flash_if.o ABSOLUTE
    src\fsmc_nor.c                           0x00000000   Number         0  fsmc_nor.o ABSOLUTE
    src\hw_config.c                          0x00000000   Number         0  hw_config.o ABSOLUTE
    src\main.c                               0x00000000   Number         0  main.o ABSOLUTE
    src\nor_if.c                             0x00000000   Number         0  nor_if.o ABSOLUTE
    src\stm32_it.c                           0x00000000   Number         0  stm32_it.o ABSOLUTE
    src\usb_desc.c                           0x00000000   Number         0  usb_desc.o ABSOLUTE
    src\usb_endp.c                           0x00000000   Number         0  usb_endp.o ABSOLUTE
    src\usb_istr.c                           0x00000000   Number         0  usb_istr.o ABSOLUTE
    src\usb_prop.c                           0x00000000   Number         0  usb_prop.o ABSOLUTE
    src\usb_pwr.c                            0x00000000   Number         0  usb_pwr.o ABSOLUTE
    RESET                                    0x08000000   Section      236  startup_stm32f10x_md.o(RESET)
    !!!main                                  0x080000ec   Section        8  __main.o(!!!main)
    !!!scatter                               0x080000f4   Section       52  __scatter.o(!!!scatter)
    !!dczerorl2                              0x08000128   Section       90  __dczerorl2.o(!!dczerorl2)
    !!handler_zi                             0x08000184   Section       28  __scatter_zi.o(!!handler_zi)
    .ARM.Collect$$libinit$$00000000          0x080001a0   Section        2  libinit.o(.ARM.Collect$$libinit$$00000000)
    .ARM.Collect$$libinit$$00000002          0x080001a2   Section        0  libinit2.o(.ARM.Collect$$libinit$$00000002)
    .ARM.Collect$$libinit$$00000004          0x080001a2   Section        0  libinit2.o(.ARM.Collect$$libinit$$00000004)
    .ARM.Collect$$libinit$$0000000A          0x080001a2   Section        0  libinit2.o(.ARM.Collect$$libinit$$0000000A)
    .ARM.Collect$$libinit$$0000000C          0x080001a2   Section        0  libinit2.o(.ARM.Collect$$libinit$$0000000C)
    .ARM.Collect$$libinit$$0000000E          0x080001a2   Section        0  libinit2.o(.ARM.Collect$$libinit$$0000000E)
    .ARM.Collect$$libinit$$00000011          0x080001a2   Section        0  libinit2.o(.ARM.Collect$$libinit$$00000011)
    .ARM.Collect$$libinit$$00000013          0x080001a2   Section        0  libinit2.o(.ARM.Collect$$libinit$$00000013)
    .ARM.Collect$$libinit$$00000015          0x080001a2   Section        0  libinit2.o(.ARM.Collect$$libinit$$00000015)
    .ARM.Collect$$libinit$$00000017          0x080001a2   Section        0  libinit2.o(.ARM.Collect$$libinit$$00000017)
    .ARM.Collect$$libinit$$00000019          0x080001a2   Section        0  libinit2.o(.ARM.Collect$$libinit$$00000019)
    .ARM.Collect$$libinit$$0000001B          0x080001a2   Section        0  libinit2.o(.ARM.Collect$$libinit$$0000001B)
    .ARM.Collect$$libinit$$0000001D          0x080001a2   Section        0  libinit2.o(.ARM.Collect$$libinit$$0000001D)
    .ARM.Collect$$libinit$$0000001F          0x080001a2   Section        0  libinit2.o(.ARM.Collect$$libinit$$0000001F)
    .ARM.Collect$$libinit$$00000021          0x080001a2   Section        0  libinit2.o(.ARM.Collect$$libinit$$00000021)
    .ARM.Collect$$libinit$$00000023          0x080001a2   Section        0  libinit2.o(.ARM.Collect$$libinit$$00000023)
    .ARM.Collect$$libinit$$00000025          0x080001a2   Section        0  libinit2.o(.ARM.Collect$$libinit$$00000025)
    .ARM.Collect$$libinit$$0000002C          0x080001a2   Section        0  libinit2.o(.ARM.Collect$$libinit$$0000002C)
    .ARM.Collect$$libinit$$0000002E          0x080001a2   Section        0  libinit2.o(.ARM.Collect$$libinit$$0000002E)
    .ARM.Collect$$libinit$$00000030          0x080001a2   Section        0  libinit2.o(.ARM.Collect$$libinit$$00000030)
    .ARM.Collect$$libinit$$00000032          0x080001a2   Section        0  libinit2.o(.ARM.Collect$$libinit$$00000032)
    .ARM.Collect$$libinit$$00000033          0x080001a2   Section        2  libinit2.o(.ARM.Collect$$libinit$$00000033)
    .ARM.Collect$$libshutdown$$00000000      0x080001a4   Section        2  libshutdown.o(.ARM.Collect$$libshutdown$$00000000)
    .ARM.Collect$$libshutdown$$00000002      0x080001a6   Section        0  libshutdown2.o(.ARM.Collect$$libshutdown$$00000002)
    .ARM.Collect$$libshutdown$$00000004      0x080001a6   Section        0  libshutdown2.o(.ARM.Collect$$libshutdown$$00000004)
    .ARM.Collect$$libshutdown$$00000007      0x080001a6   Section        0  libshutdown2.o(.ARM.Collect$$libshutdown$$00000007)
    .ARM.Collect$$libshutdown$$0000000A      0x080001a6   Section        0  libshutdown2.o(.ARM.Collect$$libshutdown$$0000000A)
    .ARM.Collect$$libshutdown$$0000000C      0x080001a6   Section        0  libshutdown2.o(.ARM.Collect$$libshutdown$$0000000C)
    .ARM.Collect$$libshutdown$$0000000F      0x080001a6   Section        0  libshutdown2.o(.ARM.Collect$$libshutdown$$0000000F)
    .ARM.Collect$$libshutdown$$00000010      0x080001a6   Section        2  libshutdown2.o(.ARM.Collect$$libshutdown$$00000010)
    .ARM.Collect$$rtentry$$00000000          0x080001a8   Section        0  __rtentry.o(.ARM.Collect$$rtentry$$00000000)
    .ARM.Collect$$rtentry$$00000002          0x080001a8   Section        0  __rtentry2.o(.ARM.Collect$$rtentry$$00000002)
    .ARM.Collect$$rtentry$$00000004          0x080001a8   Section        6  __rtentry4.o(.ARM.Collect$$rtentry$$00000004)
    .ARM.Collect$$rtentry$$00000009          0x080001ae   Section        0  __rtentry2.o(.ARM.Collect$$rtentry$$00000009)
    .ARM.Collect$$rtentry$$0000000A          0x080001ae   Section        4  __rtentry2.o(.ARM.Collect$$rtentry$$0000000A)
    .ARM.Collect$$rtentry$$0000000C          0x080001b2   Section        0  __rtentry2.o(.ARM.Collect$$rtentry$$0000000C)
    .ARM.Collect$$rtentry$$0000000D          0x080001b2   Section        8  __rtentry2.o(.ARM.Collect$$rtentry$$0000000D)
    .ARM.Collect$$rtexit$$00000000           0x080001ba   Section        2  rtexit.o(.ARM.Collect$$rtexit$$00000000)
    .ARM.Collect$$rtexit$$00000002           0x080001bc   Section        0  rtexit2.o(.ARM.Collect$$rtexit$$00000002)
    .ARM.Collect$$rtexit$$00000003           0x080001bc   Section        4  rtexit2.o(.ARM.Collect$$rtexit$$00000003)
    .ARM.Collect$$rtexit$$00000004           0x080001c0   Section        6  rtexit2.o(.ARM.Collect$$rtexit$$00000004)
    .emb_text                                0x080001c8   Section       32  core_cm3.o(.emb_text)
    .text                                    0x080001e8   Section       56  startup_stm32f10x_md.o(.text)
    .text                                    0x08000220   Section        0  heapauxi.o(.text)
    .text                                    0x08000226   Section       74  sys_stackheap_outer.o(.text)
    .text                                    0x08000270   Section        0  exit.o(.text)
    .text                                    0x08000284   Section        8  libspace.o(.text)
    .text                                    0x0800028c   Section        0  sys_exit.o(.text)
    .text                                    0x08000298   Section        2  use_no_semi.o(.text)
    .text                                    0x0800029a   Section        0  indicate_semi.o(.text)
    i.BusFault_Handler                       0x0800029a   Section        0  stm32_it.o(i.BusFault_Handler)
    i.ByteSwap                               0x0800029e   Section        0  usb_regs.o(i.ByteSwap)
    i.CTR_LP                                 0x080002ac   Section        0  usb_int.o(i.CTR_LP)
    i.ClearDTOG_RX                           0x08000534   Section        0  usb_regs.o(i.ClearDTOG_RX)
    i.ClearDTOG_TX                           0x08000568   Section        0  usb_regs.o(i.ClearDTOG_TX)
    i.Clear_Status_Out                       0x0800059c   Section        0  usb_regs.o(i.Clear_Status_Out)
    i.DFU_Button_Config                      0x080005c4   Section        0  hw_config.o(i.DFU_Button_Config)
    i.DFU_Button_Read                        0x080005f0   Section        0  hw_config.o(i.DFU_Button_Read)
    i.DFU_Data_Setup                         0x08000600   Section        0  usb_prop.o(i.DFU_Data_Setup)
    i.DFU_GetConfigDescriptor                0x08000698   Section        0  usb_prop.o(i.DFU_GetConfigDescriptor)
    i.DFU_GetDeviceDescriptor                0x080006ac   Section        0  usb_prop.o(i.DFU_GetDeviceDescriptor)
    i.DFU_GetStringDescriptor                0x080006c0   Section        0  usb_prop.o(i.DFU_GetStringDescriptor)
    i.DFU_Get_Interface_Setting              0x080006e8   Section        0  usb_prop.o(i.DFU_Get_Interface_Setting)
    i.DFU_NoData_Setup                       0x08000700   Section        0  usb_prop.o(i.DFU_NoData_Setup)
    i.DFU_Reset                              0x08000820   Section        0  usb_prop.o(i.DFU_Reset)
    i.DFU_SetConfiguration                   0x080008d8   Section        0  usb_prop.o(i.DFU_SetConfiguration)
    i.DFU_SetDeviceAddress                   0x080008f0   Section        0  usb_prop.o(i.DFU_SetDeviceAddress)
    i.DFU_Status_In                          0x080008fc   Section        0  usb_prop.o(i.DFU_Status_In)
    i.DFU_Status_Out                         0x08000900   Section        0  usb_prop.o(i.DFU_Status_Out)
    i.DFU_init                               0x08000a2c   Section        0  usb_prop.o(i.DFU_init)
    i.DFU_write_crc                          0x08000a54   Section        0  usb_prop.o(i.DFU_write_crc)
    i.DNLOAD                                 0x08000ab0   Section        0  usb_prop.o(i.DNLOAD)
    i.DataStageIn                            0x08000b2c   Section        0  usb_core.o(i.DataStageIn)
    DataStageIn                              0x08000b2d   Thumb Code   166  usb_core.o(i.DataStageIn)
    i.DataStageOut                           0x08000bec   Section        0  usb_core.o(i.DataStageOut)
    DataStageOut                             0x08000bed   Thumb Code   198  usb_core.o(i.DataStageOut)
    i.Data_Setup0                            0x08000ccc   Section        0  usb_core.o(i.Data_Setup0)
    Data_Setup0                              0x08000ccd   Thumb Code   628  usb_core.o(i.Data_Setup0)
    i.DebugMon_Handler                       0x08000f64   Section        0  stm32_it.o(i.DebugMon_Handler)
    i.EXTI_ClearITPendingBit                 0x08000f68   Section        0  stm32f10x_exti.o(i.EXTI_ClearITPendingBit)
    i.FLASH_ErasePage                        0x08000f74   Section        0  stm32f10x_flash.o(i.FLASH_ErasePage)
    i.FLASH_GetBank1Status                   0x08000fc0   Section        0  stm32f10x_flash.o(i.FLASH_GetBank1Status)
    i.FLASH_If_Erase                         0x08000ff4   Section        0  flash_if.o(i.FLASH_If_Erase)
    i.FLASH_If_Init                          0x08001002   Section        0  flash_if.o(i.FLASH_If_Init)
    i.FLASH_If_Read                          0x08001006   Section        0  flash_if.o(i.FLASH_If_Read)
    i.FLASH_If_Write                         0x08001008   Section        0  flash_if.o(i.FLASH_If_Write)
    i.FLASH_ProgramWord                      0x08001050   Section        0  stm32f10x_flash.o(i.FLASH_ProgramWord)
    i.FLASH_Unlock                           0x080010bc   Section        0  stm32f10x_flash.o(i.FLASH_Unlock)
    i.FLASH_WaitForLastOperation             0x080010d4   Section        0  stm32f10x_flash.o(i.FLASH_WaitForLastOperation)
    i.GETSTATE                               0x080010fc   Section        0  usb_prop.o(i.GETSTATE)
    i.GETSTATUS                              0x08001118   Section        0  usb_prop.o(i.GETSTATUS)
    i.GPIO_Init                              0x08001208   Section        0  stm32f10x_gpio.o(i.GPIO_Init)
    i.GPIO_ReadInputDataBit                  0x0800131e   Section        0  stm32f10x_gpio.o(i.GPIO_ReadInputDataBit)
    i.GetEPRxAddr                            0x08001330   Section        0  usb_regs.o(i.GetEPRxAddr)
    i.GetEPTxAddr                            0x08001350   Section        0  usb_regs.o(i.GetEPTxAddr)
    i.Get_SerialNum                          0x08001370   Section        0  hw_config.o(i.Get_SerialNum)
    i.HardFault_Handler                      0x080013a4   Section        0  stm32_it.o(i.HardFault_Handler)
    i.In0_Process                            0x080013a8   Section        0  usb_core.o(i.In0_Process)
    i.IntToUnicode                           0x08001418   Section        0  hw_config.o(i.IntToUnicode)
    IntToUnicode                             0x08001419   Thumb Code    62  hw_config.o(i.IntToUnicode)
    i.MAL_Erase                              0x08001458   Section        0  dfu_mal.o(i.MAL_Erase)
    i.MAL_GetStatus                          0x08001488   Section        0  dfu_mal.o(i.MAL_GetStatus)
    i.MAL_Init                               0x080014b8   Section        0  dfu_mal.o(i.MAL_Init)
    i.MAL_Read                               0x080014c4   Section        0  dfu_mal.o(i.MAL_Read)
    i.MAL_Write                              0x080014f8   Section        0  dfu_mal.o(i.MAL_Write)
    i.MemManage_Handler                      0x0800152c   Section        0  stm32_it.o(i.MemManage_Handler)
    i.NMI_Handler                            0x08001530   Section        0  stm32_it.o(i.NMI_Handler)
    i.NOP_Process                            0x08001532   Section        0  usb_core.o(i.NOP_Process)
    i.NVIC_Init                              0x08001534   Section        0  misc.o(i.NVIC_Init)
    i.NVIC_PriorityGroupConfig               0x080015a4   Section        0  misc.o(i.NVIC_PriorityGroupConfig)
    i.NoData_Setup0                          0x080015b8   Section        0  usb_core.o(i.NoData_Setup0)
    NoData_Setup0                            0x080015b9   Thumb Code   296  usb_core.o(i.NoData_Setup0)
    i.Out0_Process                           0x080016f8   Section        0  usb_core.o(i.Out0_Process)
    i.PMAToUserBufferCopy                    0x08001748   Section        0  usb_mem.o(i.PMAToUserBufferCopy)
    i.PendSV_Handler                         0x08001770   Section        0  stm32_it.o(i.PendSV_Handler)
    i.Post0_Process                          0x08001774   Section        0  usb_core.o(i.Post0_Process)
    i.PowerOn                                0x080017bc   Section        0  usb_pwr.o(i.PowerOn)
    i.RCC_APB1PeriphClockCmd                 0x0800180c   Section        0  stm32f10x_rcc.o(i.RCC_APB1PeriphClockCmd)
    i.RCC_APB2PeriphClockCmd                 0x0800182c   Section        0  stm32f10x_rcc.o(i.RCC_APB2PeriphClockCmd)
    i.RCC_DeInit                             0x0800184c   Section        0  stm32f10x_rcc.o(i.RCC_DeInit)
    i.RCC_USBCLKConfig                       0x08001898   Section        0  stm32f10x_rcc.o(i.RCC_USBCLKConfig)
    i.Reset_Device                           0x080018a4   Section        0  hw_config.o(i.Reset_Device)
    i.Resume                                 0x080018cc   Section        0  usb_pwr.o(i.Resume)
    i.Resume_Init                            0x0800199c   Section        0  usb_pwr.o(i.Resume_Init)
    i.SVC_Handler                            0x080019b8   Section        0  stm32_it.o(i.SVC_Handler)
    i.SetDeviceAddress                       0x080019bc   Section        0  usb_core.o(i.SetDeviceAddress)
    i.SetEPRxCount                           0x08001a0c   Section        0  usb_regs.o(i.SetEPRxCount)
    i.SetEPRxValid                           0x08001a58   Section        0  usb_regs.o(i.SetEPRxValid)
    i.SetEPTxCount                           0x08001a8c   Section        0  usb_regs.o(i.SetEPTxCount)
    i.SetEPTxStatus                          0x08001aa8   Section        0  usb_regs.o(i.SetEPTxStatus)
    i.SetISTR                                0x08001ae8   Section        0  usb_regs.o(i.SetISTR)
    i.Set_System                             0x08001af4   Section        0  hw_config.o(i.Set_System)
    i.Set_USBClock                           0x08001b30   Section        0  hw_config.o(i.Set_USBClock)
    i.Setup0_Process                         0x08001b44   Section        0  usb_core.o(i.Setup0_Process)
    i.Standard_ClearFeature                  0x08001bfc   Section        0  usb_core.o(i.Standard_ClearFeature)
    i.Standard_GetConfiguration              0x08001d68   Section        0  usb_core.o(i.Standard_GetConfiguration)
    i.Standard_GetDescriptorData             0x08001d94   Section        0  usb_core.o(i.Standard_GetDescriptorData)
    i.Standard_GetInterface                  0x08001db8   Section        0  usb_core.o(i.Standard_GetInterface)
    i.Standard_GetStatus                     0x08001de4   Section        0  usb_core.o(i.Standard_GetStatus)
    i.Standard_SetConfiguration              0x08001ee4   Section        0  usb_core.o(i.Standard_SetConfiguration)
    i.Standard_SetDeviceFeature              0x08001f2c   Section        0  usb_core.o(i.Standard_SetDeviceFeature)
    i.Standard_SetEndPointFeature            0x08001f54   Section        0  usb_core.o(i.Standard_SetEndPointFeature)
    i.Standard_SetInterface                  0x08002024   Section        0  usb_core.o(i.Standard_SetInterface)
    i.Stm32_Clock_Init                       0x08002090   Section        0  main.o(i.Stm32_Clock_Init)
    i.Suspend                                0x0800211c   Section        0  usb_pwr.o(i.Suspend)
    i.SysTick_Handler                        0x080021b0   Section        0  stm32_it.o(i.SysTick_Handler)
    i.UPLOAD                                 0x080021b4   Section        0  usb_prop.o(i.UPLOAD)
    i.USBWakeUp_IRQHandler                   0x080022d8   Section        0  stm32_it.o(i.USBWakeUp_IRQHandler)
    i.USB_Cable_Config                       0x080022e4   Section        0  hw_config.o(i.USB_Cable_Config)
    i.USB_Init                               0x080022e8   Section        0  usb_init.o(i.USB_Init)
    i.USB_Interrupts_Config                  0x08002324   Section        0  hw_config.o(i.USB_Interrupts_Config)
    i.USB_Istr                               0x08002368   Section        0  usb_istr.o(i.USB_Istr)
    i.USB_LP_CAN1_RX0_IRQHandler             0x08002534   Section        0  stm32_it.o(i.USB_LP_CAN1_RX0_IRQHandler)
    i.USB_SIL_Init                           0x0800253c   Section        0  usb_sil.o(i.USB_SIL_Init)
    i.UsageFault_Handler                     0x08002560   Section        0  stm32_it.o(i.UsageFault_Handler)
    i.UserToPMABufferCopy                    0x08002564   Section        0  usb_mem.o(i.UserToPMABufferCopy)
    i.main                                   0x0800259c   Section        0  main.o(i.main)
    .constdata                               0x08002610   Section       20  dfu_mal.o(.constdata)
    TimingTable                              0x08002610   Data          20  dfu_mal.o(.constdata)
    .data                                    0x20000000   Section        9  usb_core.o(.data)
    .data                                    0x2000000c   Section       20  usb_init.o(.data)
    .data                                    0x20000020   Section        4  usb_int.o(.data)
    .data                                    0x20000024   Section       17  main.o(.data)
    .data                                    0x20000035   Section      352  usb_desc.o(.data)
    .data                                    0x20000198   Section       68  usb_istr.o(.data)
    .data                                    0x200001dc   Section      168  usb_prop.o(.data)
    .data                                    0x20000284   Section       12  usb_pwr.o(.data)
    .data                                    0x20000290   Section       16  dfu_mal.o(.data)
    .bss                                     0x200002a0   Section       28  usb_init.o(.bss)
    .bss                                     0x200002bc   Section       32  usb_pwr.o(.bss)
    .bss                                     0x200002dc   Section     1024  dfu_mal.o(.bss)
    .bss                                     0x200006dc   Section       96  libspace.o(.bss)
    HEAP                                     0x20000740   Section      512  startup_stm32f10x_md.o(HEAP)
    Heap_Mem                                 0x20000740   Data         512  startup_stm32f10x_md.o(HEAP)
    STACK                                    0x20000940   Section     1024  startup_stm32f10x_md.o(STACK)
    Stack_Mem                                0x20000940   Data        1024  startup_stm32f10x_md.o(STACK)
    __initial_sp                             0x20000d40   Data           0  startup_stm32f10x_md.o(STACK)

    Global Symbols

    Symbol Name                              Value     Ov Type        Size  Object(Section)

    BuildAttributes$$THM_ISAv4$P$D$K$B$S$PE$A:L22UL41UL21$X:L11$S22US41US21$IEEE1$IW$USESV6$~STKCKD$USESV7$~SHL$OSPACE$ROPI$EBA8$UX$STANDARDLIB$REQ8$PRES8$EABIv2 0x00000000   Number         0  anon$$obj.o ABSOLUTE
    __ARM_use_no_argv                        0x00000000   Number         0  main.o ABSOLUTE
    __ARM_exceptions_init                     - Undefined Weak Reference
    __alloca_initialize                       - Undefined Weak Reference
    __arm_preinit_                            - Undefined Weak Reference
    __cpp_initialize__aeabi_                  - Undefined Weak Reference
    __cxa_finalize                            - Undefined Weak Reference
    __rt_locale                               - Undefined Weak Reference
    __sigvec_lookup                           - Undefined Weak Reference
    _atexit_init                              - Undefined Weak Reference
    _call_atexit_fns                          - Undefined Weak Reference
    _clock_init                               - Undefined Weak Reference
    _fp_trap_init                             - Undefined Weak Reference
    _fp_trap_shutdown                         - Undefined Weak Reference
    _get_lc_collate                           - Undefined Weak Reference
    _get_lc_ctype                             - Undefined Weak Reference
    _get_lc_monetary                          - Undefined Weak Reference
    _get_lc_numeric                           - Undefined Weak Reference
    _get_lc_time                              - Undefined Weak Reference
    _getenv_init                              - Undefined Weak Reference
    _handle_redirection                       - Undefined Weak Reference
    _init_alloc                               - Undefined Weak Reference
    _init_user_alloc                          - Undefined Weak Reference
    _initio                                   - Undefined Weak Reference
    _rand_init                                - Undefined Weak Reference
    _signal_finish                            - Undefined Weak Reference
    _signal_init                              - Undefined Weak Reference
    _terminate_alloc                          - Undefined Weak Reference
    _terminate_user_alloc                     - Undefined Weak Reference
    _terminateio                              - Undefined Weak Reference
    __Vectors_Size                           0x000000ec   Number         0  startup_stm32f10x_md.o ABSOLUTE
    __Vectors                                0x08000000   Data           4  startup_stm32f10x_md.o(RESET)
    __Vectors_End                            0x080000ec   Data           0  startup_stm32f10x_md.o(RESET)
    __main                                   0x080000ed   Thumb Code     8  __main.o(!!!main)
    __scatterload                            0x080000f5   Thumb Code     0  __scatter.o(!!!scatter)
    __scatterload_rt2                        0x080000f5   Thumb Code    44  __scatter.o(!!!scatter)
    __scatterload_rt2_thumb_only             0x080000f5   Thumb Code     0  __scatter.o(!!!scatter)
    __scatterload_null                       0x08000103   Thumb Code     0  __scatter.o(!!!scatter)
    __decompress                             0x08000129   Thumb Code    90  __dczerorl2.o(!!dczerorl2)
    __decompress1                            0x08000129   Thumb Code     0  __dczerorl2.o(!!dczerorl2)
    __scatterload_zeroinit                   0x08000185   Thumb Code    28  __scatter_zi.o(!!handler_zi)
    __rt_lib_init                            0x080001a1   Thumb Code     0  libinit.o(.ARM.Collect$$libinit$$00000000)
    __rt_lib_init_alloca_1                   0x080001a3   Thumb Code     0  libinit2.o(.ARM.Collect$$libinit$$0000002E)
    __rt_lib_init_argv_1                     0x080001a3   Thumb Code     0  libinit2.o(.ARM.Collect$$libinit$$0000002C)
    __rt_lib_init_atexit_1                   0x080001a3   Thumb Code     0  libinit2.o(.ARM.Collect$$libinit$$0000001B)
    __rt_lib_init_clock_1                    0x080001a3   Thumb Code     0  libinit2.o(.ARM.Collect$$libinit$$00000021)
    __rt_lib_init_cpp_1                      0x080001a3   Thumb Code     0  libinit2.o(.ARM.Collect$$libinit$$00000032)
    __rt_lib_init_exceptions_1               0x080001a3   Thumb Code     0  libinit2.o(.ARM.Collect$$libinit$$00000030)
    __rt_lib_init_fp_1                       0x080001a3   Thumb Code     0  libinit2.o(.ARM.Collect$$libinit$$00000002)
    __rt_lib_init_fp_trap_1                  0x080001a3   Thumb Code     0  libinit2.o(.ARM.Collect$$libinit$$0000001F)
    __rt_lib_init_getenv_1                   0x080001a3   Thumb Code     0  libinit2.o(.ARM.Collect$$libinit$$00000023)
    __rt_lib_init_heap_1                     0x080001a3   Thumb Code     0  libinit2.o(.ARM.Collect$$libinit$$0000000A)
    __rt_lib_init_lc_collate_1               0x080001a3   Thumb Code     0  libinit2.o(.ARM.Collect$$libinit$$00000011)
    __rt_lib_init_lc_ctype_1                 0x080001a3   Thumb Code     0  libinit2.o(.ARM.Collect$$libinit$$00000013)
    __rt_lib_init_lc_monetary_1              0x080001a3   Thumb Code     0  libinit2.o(.ARM.Collect$$libinit$$00000015)
    __rt_lib_init_lc_numeric_1               0x080001a3   Thumb Code     0  libinit2.o(.ARM.Collect$$libinit$$00000017)
    __rt_lib_init_lc_time_1                  0x080001a3   Thumb Code     0  libinit2.o(.ARM.Collect$$libinit$$00000019)
    __rt_lib_init_preinit_1                  0x080001a3   Thumb Code     0  libinit2.o(.ARM.Collect$$libinit$$00000004)
    __rt_lib_init_rand_1                     0x080001a3   Thumb Code     0  libinit2.o(.ARM.Collect$$libinit$$0000000E)
    __rt_lib_init_return                     0x080001a3   Thumb Code     0  libinit2.o(.ARM.Collect$$libinit$$00000033)
    __rt_lib_init_signal_1                   0x080001a3   Thumb Code     0  libinit2.o(.ARM.Collect$$libinit$$0000001D)
    __rt_lib_init_stdio_1                    0x080001a3   Thumb Code     0  libinit2.o(.ARM.Collect$$libinit$$00000025)
    __rt_lib_init_user_alloc_1               0x080001a3   Thumb Code     0  libinit2.o(.ARM.Collect$$libinit$$0000000C)
    __rt_lib_shutdown                        0x080001a5   Thumb Code     0  libshutdown.o(.ARM.Collect$$libshutdown$$00000000)
    __rt_lib_shutdown_cpp_1                  0x080001a7   Thumb Code     0  libshutdown2.o(.ARM.Collect$$libshutdown$$00000002)
    __rt_lib_shutdown_fp_trap_1              0x080001a7   Thumb Code     0  libshutdown2.o(.ARM.Collect$$libshutdown$$00000007)
    __rt_lib_shutdown_heap_1                 0x080001a7   Thumb Code     0  libshutdown2.o(.ARM.Collect$$libshutdown$$0000000F)
    __rt_lib_shutdown_return                 0x080001a7   Thumb Code     0  libshutdown2.o(.ARM.Collect$$libshutdown$$00000010)
    __rt_lib_shutdown_signal_1               0x080001a7   Thumb Code     0  libshutdown2.o(.ARM.Collect$$libshutdown$$0000000A)
    __rt_lib_shutdown_stdio_1                0x080001a7   Thumb Code     0  libshutdown2.o(.ARM.Collect$$libshutdown$$00000004)
    __rt_lib_shutdown_user_alloc_1           0x080001a7   Thumb Code     0  libshutdown2.o(.ARM.Collect$$libshutdown$$0000000C)
    __rt_entry                               0x080001a9   Thumb Code     0  __rtentry.o(.ARM.Collect$$rtentry$$00000000)
    __rt_entry_presh_1                       0x080001a9   Thumb Code     0  __rtentry2.o(.ARM.Collect$$rtentry$$00000002)
    __rt_entry_sh                            0x080001a9   Thumb Code     0  __rtentry4.o(.ARM.Collect$$rtentry$$00000004)
    __rt_entry_li                            0x080001af   Thumb Code     0  __rtentry2.o(.ARM.Collect$$rtentry$$0000000A)
    __rt_entry_postsh_1                      0x080001af   Thumb Code     0  __rtentry2.o(.ARM.Collect$$rtentry$$00000009)
    __rt_entry_main                          0x080001b3   Thumb Code     0  __rtentry2.o(.ARM.Collect$$rtentry$$0000000D)
    __rt_entry_postli_1                      0x080001b3   Thumb Code     0  __rtentry2.o(.ARM.Collect$$rtentry$$0000000C)
    __rt_exit                                0x080001bb   Thumb Code     0  rtexit.o(.ARM.Collect$$rtexit$$00000000)
    __rt_exit_ls                             0x080001bd   Thumb Code     0  rtexit2.o(.ARM.Collect$$rtexit$$00000003)
    __rt_exit_prels_1                        0x080001bd   Thumb Code     0  rtexit2.o(.ARM.Collect$$rtexit$$00000002)
    __rt_exit_exit                           0x080001c1   Thumb Code     0  rtexit2.o(.ARM.Collect$$rtexit$$00000004)
    __get_PSP                                0x080001c9   Thumb Code     6  core_cm3.o(.emb_text)
    __set_PSP                                0x080001cf   Thumb Code     6  core_cm3.o(.emb_text)
    __get_MSP                                0x080001d5   Thumb Code     6  core_cm3.o(.emb_text)
    __set_MSP                                0x080001db   Thumb Code     6  core_cm3.o(.emb_text)
    __REV16                                  0x080001e1   Thumb Code     4  core_cm3.o(.emb_text)
    __REVSH                                  0x080001e5   Thumb Code     4  core_cm3.o(.emb_text)
    Reset_Handler                            0x080001e9   Thumb Code     4  startup_stm32f10x_md.o(.text)
    ADC1_2_IRQHandler                        0x080001ff   Thumb Code     0  startup_stm32f10x_md.o(.text)
    CAN1_RX1_IRQHandler                      0x080001ff   Thumb Code     0  startup_stm32f10x_md.o(.text)
    CAN1_SCE_IRQHandler                      0x080001ff   Thumb Code     0  startup_stm32f10x_md.o(.text)
    DMA1_Channel1_IRQHandler                 0x080001ff   Thumb Code     0  startup_stm32f10x_md.o(.text)
    DMA1_Channel2_IRQHandler                 0x080001ff   Thumb Code     0  startup_stm32f10x_md.o(.text)
    DMA1_Channel3_IRQHandler                 0x080001ff   Thumb Code     0  startup_stm32f10x_md.o(.text)
    DMA1_Channel4_IRQHandler                 0x080001ff   Thumb Code     0  startup_stm32f10x_md.o(.text)
    DMA1_Channel5_IRQHandler                 0x080001ff   Thumb Code     0  startup_stm32f10x_md.o(.text)
    DMA1_Channel6_IRQHandler                 0x080001ff   Thumb Code     0  startup_stm32f10x_md.o(.text)
    DMA1_Channel7_IRQHandler                 0x080001ff   Thumb Code     0  startup_stm32f10x_md.o(.text)
    EXTI0_IRQHandler                         0x080001ff   Thumb Code     0  startup_stm32f10x_md.o(.text)
    EXTI15_10_IRQHandler                     0x080001ff   Thumb Code     0  startup_stm32f10x_md.o(.text)
    EXTI1_IRQHandler                         0x080001ff   Thumb Code     0  startup_stm32f10x_md.o(.text)
    EXTI2_IRQHandler                         0x080001ff   Thumb Code     0  startup_stm32f10x_md.o(.text)
    EXTI3_IRQHandler                         0x080001ff   Thumb Code     0  startup_stm32f10x_md.o(.text)
    EXTI4_IRQHandler                         0x080001ff   Thumb Code     0  startup_stm32f10x_md.o(.text)
    EXTI9_5_IRQHandler                       0x080001ff   Thumb Code     0  startup_stm32f10x_md.o(.text)
    FLASH_IRQHandler                         0x080001ff   Thumb Code     0  startup_stm32f10x_md.o(.text)
    I2C1_ER_IRQHandler                       0x080001ff   Thumb Code     0  startup_stm32f10x_md.o(.text)
    I2C1_EV_IRQHandler                       0x080001ff   Thumb Code     0  startup_stm32f10x_md.o(.text)
    I2C2_ER_IRQHandler                       0x080001ff   Thumb Code     0  startup_stm32f10x_md.o(.text)
    I2C2_EV_IRQHandler                       0x080001ff   Thumb Code     0  startup_stm32f10x_md.o(.text)
    PVD_IRQHandler                           0x080001ff   Thumb Code     0  startup_stm32f10x_md.o(.text)
    RCC_IRQHandler                           0x080001ff   Thumb Code     0  startup_stm32f10x_md.o(.text)
    RTCAlarm_IRQHandler                      0x080001ff   Thumb Code     0  startup_stm32f10x_md.o(.text)
    RTC_IRQHandler                           0x080001ff   Thumb Code     0  startup_stm32f10x_md.o(.text)
    SPI1_IRQHandler                          0x080001ff   Thumb Code     0  startup_stm32f10x_md.o(.text)
    SPI2_IRQHandler                          0x080001ff   Thumb Code     0  startup_stm32f10x_md.o(.text)
    TAMPER_IRQHandler                        0x080001ff   Thumb Code     0  startup_stm32f10x_md.o(.text)
    TIM1_BRK_IRQHandler                      0x080001ff   Thumb Code     0  startup_stm32f10x_md.o(.text)
    TIM1_CC_IRQHandler                       0x080001ff   Thumb Code     0  startup_stm32f10x_md.o(.text)
    TIM1_TRG_COM_IRQHandler                  0x080001ff   Thumb Code     0  startup_stm32f10x_md.o(.text)
    TIM1_UP_IRQHandler                       0x080001ff   Thumb Code     0  startup_stm32f10x_md.o(.text)
    TIM2_IRQHandler                          0x080001ff   Thumb Code     0  startup_stm32f10x_md.o(.text)
    TIM3_IRQHandler                          0x080001ff   Thumb Code     0  startup_stm32f10x_md.o(.text)
    TIM4_IRQHandler                          0x080001ff   Thumb Code     0  startup_stm32f10x_md.o(.text)
    USART1_IRQHandler                        0x080001ff   Thumb Code     0  startup_stm32f10x_md.o(.text)
    USART2_IRQHandler                        0x080001ff   Thumb Code     0  startup_stm32f10x_md.o(.text)
    USART3_IRQHandler                        0x080001ff   Thumb Code     0  startup_stm32f10x_md.o(.text)
    USB_HP_CAN1_TX_IRQHandler                0x080001ff   Thumb Code     0  startup_stm32f10x_md.o(.text)
    WWDG_IRQHandler                          0x080001ff   Thumb Code     0  startup_stm32f10x_md.o(.text)
    __user_initial_stackheap                 0x08000201   Thumb Code     0  startup_stm32f10x_md.o(.text)
    __use_two_region_memory                  0x08000221   Thumb Code     2  heapauxi.o(.text)
    __rt_heap_escrow$2region                 0x08000223   Thumb Code     2  heapauxi.o(.text)
    __rt_heap_expand$2region                 0x08000225   Thumb Code     2  heapauxi.o(.text)
    __user_setup_stackheap                   0x08000227   Thumb Code    74  sys_stackheap_outer.o(.text)
    exit                                     0x08000271   Thumb Code    18  exit.o(.text)
    __user_libspace                          0x08000285   Thumb Code     8  libspace.o(.text)
    __user_perproc_libspace                  0x08000285   Thumb Code     0  libspace.o(.text)
    __user_perthread_libspace                0x08000285   Thumb Code     0  libspace.o(.text)
    _sys_exit                                0x0800028d   Thumb Code     8  sys_exit.o(.text)
    __I$use$semihosting                      0x08000299   Thumb Code     0  use_no_semi.o(.text)
    __use_no_semihosting_swi                 0x08000299   Thumb Code     2  use_no_semi.o(.text)
    BusFault_Handler                         0x0800029b   Thumb Code     4  stm32_it.o(i.BusFault_Handler)
    __semihosting_library_function           0x0800029b   Thumb Code     0  indicate_semi.o(.text)
    ByteSwap                                 0x0800029f   Thumb Code    12  usb_regs.o(i.ByteSwap)
    CTR_LP                                   0x080002ad   Thumb Code   616  usb_int.o(i.CTR_LP)
    ClearDTOG_RX                             0x08000535   Thumb Code    48  usb_regs.o(i.ClearDTOG_RX)
    ClearDTOG_TX                             0x08000569   Thumb Code    48  usb_regs.o(i.ClearDTOG_TX)
    Clear_Status_Out                         0x0800059d   Thumb Code    34  usb_regs.o(i.Clear_Status_Out)
    DFU_Button_Config                        0x080005c5   Thumb Code    38  hw_config.o(i.DFU_Button_Config)
    DFU_Button_Read                          0x080005f1   Thumb Code    12  hw_config.o(i.DFU_Button_Read)
    DFU_Data_Setup                           0x08000601   Thumb Code   126  usb_prop.o(i.DFU_Data_Setup)
    DFU_GetConfigDescriptor                  0x08000699   Thumb Code    14  usb_prop.o(i.DFU_GetConfigDescriptor)
    DFU_GetDeviceDescriptor                  0x080006ad   Thumb Code    14  usb_prop.o(i.DFU_GetDeviceDescriptor)
    DFU_GetStringDescriptor                  0x080006c1   Thumb Code    32  usb_prop.o(i.DFU_GetStringDescriptor)
    DFU_Get_Interface_Setting                0x080006e9   Thumb Code    22  usb_prop.o(i.DFU_Get_Interface_Setting)
    DFU_NoData_Setup                         0x08000701   Thumb Code   264  usb_prop.o(i.DFU_NoData_Setup)
    DFU_Reset                                0x08000821   Thumb Code   156  usb_prop.o(i.DFU_Reset)
    DFU_SetConfiguration                     0x080008d9   Thumb Code    14  usb_prop.o(i.DFU_SetConfiguration)
    DFU_SetDeviceAddress                     0x080008f1   Thumb Code     8  usb_prop.o(i.DFU_SetDeviceAddress)
    DFU_Status_In                            0x080008fd   Thumb Code     2  usb_prop.o(i.DFU_Status_In)
    DFU_Status_Out                           0x08000901   Thumb Code   272  usb_prop.o(i.DFU_Status_Out)
    DFU_init                                 0x08000a2d   Thumb Code    32  usb_prop.o(i.DFU_init)
    DFU_write_crc                            0x08000a55   Thumb Code    74  usb_prop.o(i.DFU_write_crc)
    DNLOAD                                   0x08000ab1   Thumb Code    96  usb_prop.o(i.DNLOAD)
    DebugMon_Handler                         0x08000f65   Thumb Code     2  stm32_it.o(i.DebugMon_Handler)
    EXTI_ClearITPendingBit                   0x08000f69   Thumb Code     6  stm32f10x_exti.o(i.EXTI_ClearITPendingBit)
    FLASH_ErasePage                          0x08000f75   Thumb Code    72  stm32f10x_flash.o(i.FLASH_ErasePage)
    FLASH_GetBank1Status                     0x08000fc1   Thumb Code    48  stm32f10x_flash.o(i.FLASH_GetBank1Status)
    FLASH_If_Erase                           0x08000ff5   Thumb Code    14  flash_if.o(i.FLASH_If_Erase)
    FLASH_If_Init                            0x08001003   Thumb Code     4  flash_if.o(i.FLASH_If_Init)
    FLASH_If_Read                            0x08001007   Thumb Code     2  flash_if.o(i.FLASH_If_Read)
    FLASH_If_Write                           0x08001009   Thumb Code    66  flash_if.o(i.FLASH_If_Write)
    FLASH_ProgramWord                        0x08001051   Thumb Code   102  stm32f10x_flash.o(i.FLASH_ProgramWord)
    FLASH_Unlock                             0x080010bd   Thumb Code    12  stm32f10x_flash.o(i.FLASH_Unlock)
    FLASH_WaitForLastOperation               0x080010d5   Thumb Code    38  stm32f10x_flash.o(i.FLASH_WaitForLastOperation)
    GETSTATE                                 0x080010fd   Thumb Code    20  usb_prop.o(i.GETSTATE)
    GETSTATUS                                0x08001119   Thumb Code   202  usb_prop.o(i.GETSTATUS)
    GPIO_Init                                0x08001209   Thumb Code   278  stm32f10x_gpio.o(i.GPIO_Init)
    GPIO_ReadInputDataBit                    0x0800131f   Thumb Code    18  stm32f10x_gpio.o(i.GPIO_ReadInputDataBit)
    GetEPRxAddr                              0x08001331   Thumb Code    24  usb_regs.o(i.GetEPRxAddr)
    GetEPTxAddr                              0x08001351   Thumb Code    22  usb_regs.o(i.GetEPTxAddr)
    Get_SerialNum                            0x08001371   Thumb Code    42  hw_config.o(i.Get_SerialNum)
    HardFault_Handler                        0x080013a5   Thumb Code     4  stm32_it.o(i.HardFault_Handler)
    In0_Process                              0x080013a9   Thumb Code    98  usb_core.o(i.In0_Process)
    MAL_Erase                                0x08001459   Thumb Code    38  dfu_mal.o(i.MAL_Erase)
    MAL_GetStatus                            0x08001489   Thumb Code    44  dfu_mal.o(i.MAL_GetStatus)
    MAL_Init                                 0x080014b9   Thumb Code    10  dfu_mal.o(i.MAL_Init)
    MAL_Read                                 0x080014c5   Thumb Code    42  dfu_mal.o(i.MAL_Read)
    MAL_Write                                0x080014f9   Thumb Code    42  dfu_mal.o(i.MAL_Write)
    MemManage_Handler                        0x0800152d   Thumb Code     4  stm32_it.o(i.MemManage_Handler)
    NMI_Handler                              0x08001531   Thumb Code     2  stm32_it.o(i.NMI_Handler)
    NOP_Process                              0x08001533   Thumb Code     2  usb_core.o(i.NOP_Process)
    NVIC_Init                                0x08001535   Thumb Code   100  misc.o(i.NVIC_Init)
    NVIC_PriorityGroupConfig                 0x080015a5   Thumb Code    10  misc.o(i.NVIC_PriorityGroupConfig)
    Out0_Process                             0x080016f9   Thumb Code    70  usb_core.o(i.Out0_Process)
    PMAToUserBufferCopy                      0x08001749   Thumb Code    34  usb_mem.o(i.PMAToUserBufferCopy)
    PendSV_Handler                           0x08001771   Thumb Code     2  stm32_it.o(i.PendSV_Handler)
    Post0_Process                            0x08001775   Thumb Code    54  usb_core.o(i.Post0_Process)
    PowerOn                                  0x080017bd   Thumb Code    70  usb_pwr.o(i.PowerOn)
    RCC_APB1PeriphClockCmd                   0x0800180d   Thumb Code    26  stm32f10x_rcc.o(i.RCC_APB1PeriphClockCmd)
    RCC_APB2PeriphClockCmd                   0x0800182d   Thumb Code    26  stm32f10x_rcc.o(i.RCC_APB2PeriphClockCmd)
    RCC_DeInit                               0x0800184d   Thumb Code    64  stm32f10x_rcc.o(i.RCC_DeInit)
    RCC_USBCLKConfig                         0x08001899   Thumb Code     6  stm32f10x_rcc.o(i.RCC_USBCLKConfig)
    Reset_Device                             0x080018a5   Thumb Code    30  hw_config.o(i.Reset_Device)
    Resume                                   0x080018cd   Thumb Code   194  usb_pwr.o(i.Resume)
    Resume_Init                              0x0800199d   Thumb Code    24  usb_pwr.o(i.Resume_Init)
    SVC_Handler                              0x080019b9   Thumb Code     2  stm32_it.o(i.SVC_Handler)
    SetDeviceAddress                         0x080019bd   Thumb Code    68  usb_core.o(i.SetDeviceAddress)
    SetEPRxCount                             0x08001a0d   Thumb Code    68  usb_regs.o(i.SetEPRxCount)
    SetEPRxValid                             0x08001a59   Thumb Code    48  usb_regs.o(i.SetEPRxValid)
    SetEPTxCount                             0x08001a8d   Thumb Code    20  usb_regs.o(i.SetEPTxCount)
    SetEPTxStatus                            0x08001aa9   Thumb Code    60  usb_regs.o(i.SetEPTxStatus)
    SetISTR                                  0x08001ae9   Thumb Code     6  usb_regs.o(i.SetISTR)
    Set_System                               0x08001af5   Thumb Code    56  hw_config.o(i.Set_System)
    Set_USBClock                             0x08001b31   Thumb Code    18  hw_config.o(i.Set_USBClock)
    Setup0_Process                           0x08001b45   Thumb Code   170  usb_core.o(i.Setup0_Process)
    Standard_ClearFeature                    0x08001bfd   Thumb Code   342  usb_core.o(i.Standard_ClearFeature)
    Standard_GetConfiguration                0x08001d69   Thumb Code    34  usb_core.o(i.Standard_GetConfiguration)
    Standard_GetDescriptorData               0x08001d95   Thumb Code    32  usb_core.o(i.Standard_GetDescriptorData)
    Standard_GetInterface                    0x08001db9   Thumb Code    34  usb_core.o(i.Standard_GetInterface)
    Standard_GetStatus                       0x08001de5   Thumb Code   238  usb_core.o(i.Standard_GetStatus)
    Standard_SetConfiguration                0x08001ee5   Thumb Code    60  usb_core.o(i.Standard_SetConfiguration)
    Standard_SetDeviceFeature                0x08001f2d   Thumb Code    30  usb_core.o(i.Standard_SetDeviceFeature)
    Standard_SetEndPointFeature              0x08001f55   Thumb Code   192  usb_core.o(i.Standard_SetEndPointFeature)
    Standard_SetInterface                    0x08002025   Thumb Code    96  usb_core.o(i.Standard_SetInterface)
    Stm32_Clock_Init                         0x08002091   Thumb Code   130  main.o(i.Stm32_Clock_Init)
    Suspend                                  0x0800211d   Thumb Code   134  usb_pwr.o(i.Suspend)
    SysTick_Handler                          0x080021b1   Thumb Code     2  stm32_it.o(i.SysTick_Handler)
    UPLOAD                                   0x080021b5   Thumb Code   260  usb_prop.o(i.UPLOAD)
    USBWakeUp_IRQHandler                     0x080022d9   Thumb Code    12  stm32_it.o(i.USBWakeUp_IRQHandler)
    USB_Cable_Config                         0x080022e5   Thumb Code     2  hw_config.o(i.USB_Cable_Config)
    USB_Init                                 0x080022e9   Thumb Code    36  usb_init.o(i.USB_Init)
    USB_Interrupts_Config                    0x08002325   Thumb Code    66  hw_config.o(i.USB_Interrupts_Config)
    USB_Istr                                 0x08002369   Thumb Code   422  usb_istr.o(i.USB_Istr)
    USB_LP_CAN1_RX0_IRQHandler               0x08002535   Thumb Code     8  stm32_it.o(i.USB_LP_CAN1_RX0_IRQHandler)
    USB_SIL_Init                             0x0800253d   Thumb Code    28  usb_sil.o(i.USB_SIL_Init)
    UsageFault_Handler                       0x08002561   Thumb Code     4  stm32_it.o(i.UsageFault_Handler)
    UserToPMABufferCopy                      0x08002565   Thumb Code    52  usb_mem.o(i.UserToPMABufferCopy)
    main                                     0x0800259d   Thumb Code    92  main.o(i.main)
    Region$$Table$$Base                      0x08002624   Number         0  anon$$obj.o(Region$$Table)
    Region$$Table$$Limit                     0x08002644   Number         0  anon$$obj.o(Region$$Table)
    StatusInfo                               0x20000000   Data           2  usb_core.o(.data)
    DevRemoteWakeup                          0x20000004   Data           4  usb_core.o(.data)
    Data_Mul_MaxPacketSize                   0x20000008   Data           1  usb_core.o(.data)
    EPindex                                  0x2000000c   Data           1  usb_init.o(.data)
    pInformation                             0x20000010   Data           4  usb_init.o(.data)
    pProperty                                0x20000014   Data           4  usb_init.o(.data)
    SaveState                                0x20000018   Data           2  usb_init.o(.data)
    wInterrupt_Mask                          0x2000001a   Data           2  usb_init.o(.data)
    pUser_Standard_Requests                  0x2000001c   Data           4  usb_init.o(.data)
    SaveRState                               0x20000020   Data           2  usb_int.o(.data)
    SaveTState                               0x20000022   Data           2  usb_int.o(.data)
    DeviceState                              0x20000024   Data           1  main.o(.data)
    DeviceStatus                             0x20000025   Data           6  main.o(.data)
    Jump_To_Application                      0x2000002c   Data           4  main.o(.data)
    JumpAddress                              0x20000030   Data           4  main.o(.data)
    PrevXferComplete                         0x20000034   Data           1  main.o(.data)
    DFU_DeviceDescriptor                     0x20000035   Data          18  usb_desc.o(.data)
    DFU_ConfigDescriptor                     0x20000047   Data          36  usb_desc.o(.data)
    DFU_StringLangId                         0x2000006b   Data           4  usb_desc.o(.data)
    DFU_StringVendor                         0x2000006f   Data          38  usb_desc.o(.data)
    DFU_StringProduct                        0x20000095   Data          34  usb_desc.o(.data)
    DFU_StringSerial                         0x200000b7   Data          26  usb_desc.o(.data)
    DFU_StringInterface0                     0x200000d1   Data          98  usb_desc.o(.data)
    DFU_StringInterface1                     0x20000133   Data          98  usb_desc.o(.data)
    wIstr                                    0x20000198   Data           2  usb_istr.o(.data)
    bIntPackSOF                              0x2000019a   Data           1  usb_istr.o(.data)
    esof_counter                             0x2000019c   Data           4  usb_istr.o(.data)
    wCNTR                                    0x200001a0   Data           4  usb_istr.o(.data)
    pEpInt_IN                                0x200001a4   Data          28  usb_istr.o(.data)
    pEpInt_OUT                               0x200001c0   Data          28  usb_istr.o(.data)
    wBlockNum                                0x200001dc   Data           4  usb_prop.o(.data)
    wlength                                  0x200001e0   Data           4  usb_prop.o(.data)
    Manifest_State                           0x200001e4   Data           4  usb_prop.o(.data)
    Pointer                                  0x200001e8   Data           4  usb_prop.o(.data)
    Device_Table                             0x200001ec   Data           2  usb_prop.o(.data)
    Device_Property                          0x200001f0   Data          48  usb_prop.o(.data)
    User_Standard_Requests                   0x20000220   Data          36  usb_prop.o(.data)
    Device_Descriptor                        0x20000244   Data           8  usb_prop.o(.data)
    Config_Descriptor                        0x2000024c   Data           8  usb_prop.o(.data)
    DFU_String_Descriptor                    0x20000254   Data          48  usb_prop.o(.data)
    bDeviceState                             0x20000284   Data           4  usb_pwr.o(.data)
    fSuspendEnabled                          0x20000288   Data           1  usb_pwr.o(.data)
    ResumeS                                  0x20000289   Data           2  usb_pwr.o(.data)
    remotewakeupon                           0x2000028c   Data           4  usb_pwr.o(.data)
    pMAL_Init                                0x20000290   Data           4  dfu_mal.o(.data)
    pMAL_Erase                               0x20000294   Data           4  dfu_mal.o(.data)
    pMAL_Write                               0x20000298   Data           4  dfu_mal.o(.data)
    pMAL_Read                                0x2000029c   Data           4  dfu_mal.o(.data)
    Device_Info                              0x200002a0   Data          28  usb_init.o(.bss)
    EP                                       0x200002bc   Data          32  usb_pwr.o(.bss)
    MAL_Buffer                               0x200002dc   Data        1024  dfu_mal.o(.bss)
    __libspace_start                         0x200006dc   Data          96  libspace.o(.bss)
    __temporary_stack_top$libspace           0x2000073c   Data           0  libspace.o(.bss)



==============================================================================

Memory Map of the image

  Image Entry point : 0x080000ed

  Load Region LR_IROM1 (Base: 0x08000000, Size: 0x000028e4, Max: 0x0000ffff, ABSOLUTE, COMPRESSED[0x00002790])

    Execution Region ER_IROM1 (Exec base: 0x08000000, Load base: 0x08000000, Size: 0x00002644, Max: 0x0000ffff, ABSOLUTE)

    Exec Addr    Load Addr    Size         Type   Attr      Idx    E Section Name        Object

    0x08000000   0x08000000   0x000000ec   Data   RO          664    RESET               startup_stm32f10x_md.o
    0x080000ec   0x080000ec   0x00000008   Code   RO         2023  * !!!main             c_w.l(__main.o)
    0x080000f4   0x080000f4   0x00000034   Code   RO         2182    !!!scatter          c_w.l(__scatter.o)
    0x08000128   0x08000128   0x0000005a   Code   RO         2180    !!dczerorl2         c_w.l(__dczerorl2.o)
    0x08000182   0x08000182   0x00000002   PAD
    0x08000184   0x08000184   0x0000001c   Code   RO         2184    !!handler_zi        c_w.l(__scatter_zi.o)
    0x080001a0   0x080001a0   0x00000002   Code   RO         2050    .ARM.Collect$$libinit$$00000000  c_w.l(libinit.o)
    0x080001a2   0x080001a2   0x00000000   Code   RO         2057    .ARM.Collect$$libinit$$00000002  c_w.l(libinit2.o)
    0x080001a2   0x080001a2   0x00000000   Code   RO         2059    .ARM.Collect$$libinit$$00000004  c_w.l(libinit2.o)
    0x080001a2   0x080001a2   0x00000000   Code   RO         2062    .ARM.Collect$$libinit$$0000000A  c_w.l(libinit2.o)
    0x080001a2   0x080001a2   0x00000000   Code   RO         2064    .ARM.Collect$$libinit$$0000000C  c_w.l(libinit2.o)
    0x080001a2   0x080001a2   0x00000000   Code   RO         2066    .ARM.Collect$$libinit$$0000000E  c_w.l(libinit2.o)
    0x080001a2   0x080001a2   0x00000000   Code   RO         2069    .ARM.Collect$$libinit$$00000011  c_w.l(libinit2.o)
    0x080001a2   0x080001a2   0x00000000   Code   RO         2071    .ARM.Collect$$libinit$$00000013  c_w.l(libinit2.o)
    0x080001a2   0x080001a2   0x00000000   Code   RO         2073    .ARM.Collect$$libinit$$00000015  c_w.l(libinit2.o)
    0x080001a2   0x080001a2   0x00000000   Code   RO         2075    .ARM.Collect$$libinit$$00000017  c_w.l(libinit2.o)
    0x080001a2   0x080001a2   0x00000000   Code   RO         2077    .ARM.Collect$$libinit$$00000019  c_w.l(libinit2.o)
    0x080001a2   0x080001a2   0x00000000   Code   RO         2079    .ARM.Collect$$libinit$$0000001B  c_w.l(libinit2.o)
    0x080001a2   0x080001a2   0x00000000   Code   RO         2081    .ARM.Collect$$libinit$$0000001D  c_w.l(libinit2.o)
    0x080001a2   0x080001a2   0x00000000   Code   RO         2083    .ARM.Collect$$libinit$$0000001F  c_w.l(libinit2.o)
    0x080001a2   0x080001a2   0x00000000   Code   RO         2085    .ARM.Collect$$libinit$$00000021  c_w.l(libinit2.o)
    0x080001a2   0x080001a2   0x00000000   Code   RO         2087    .ARM.Collect$$libinit$$00000023  c_w.l(libinit2.o)
    0x080001a2   0x080001a2   0x00000000   Code   RO         2089    .ARM.Collect$$libinit$$00000025  c_w.l(libinit2.o)
    0x080001a2   0x080001a2   0x00000000   Code   RO         2093    .ARM.Collect$$libinit$$0000002C  c_w.l(libinit2.o)
    0x080001a2   0x080001a2   0x00000000   Code   RO         2095    .ARM.Collect$$libinit$$0000002E  c_w.l(libinit2.o)
    0x080001a2   0x080001a2   0x00000000   Code   RO         2097    .ARM.Collect$$libinit$$00000030  c_w.l(libinit2.o)
    0x080001a2   0x080001a2   0x00000000   Code   RO         2099    .ARM.Collect$$libinit$$00000032  c_w.l(libinit2.o)
    0x080001a2   0x080001a2   0x00000002   Code   RO         2100    .ARM.Collect$$libinit$$00000033  c_w.l(libinit2.o)
    0x080001a4   0x080001a4   0x00000002   Code   RO         2120    .ARM.Collect$$libshutdown$$00000000  c_w.l(libshutdown.o)
    0x080001a6   0x080001a6   0x00000000   Code   RO         2133    .ARM.Collect$$libshutdown$$00000002  c_w.l(libshutdown2.o)
    0x080001a6   0x080001a6   0x00000000   Code   RO         2135    .ARM.Collect$$libshutdown$$00000004  c_w.l(libshutdown2.o)
    0x080001a6   0x080001a6   0x00000000   Code   RO         2138    .ARM.Collect$$libshutdown$$00000007  c_w.l(libshutdown2.o)
    0x080001a6   0x080001a6   0x00000000   Code   RO         2141    .ARM.Collect$$libshutdown$$0000000A  c_w.l(libshutdown2.o)
    0x080001a6   0x080001a6   0x00000000   Code   RO         2143    .ARM.Collect$$libshutdown$$0000000C  c_w.l(libshutdown2.o)
    0x080001a6   0x080001a6   0x00000000   Code   RO         2146    .ARM.Collect$$libshutdown$$0000000F  c_w.l(libshutdown2.o)
    0x080001a6   0x080001a6   0x00000002   Code   RO         2147    .ARM.Collect$$libshutdown$$00000010  c_w.l(libshutdown2.o)
    0x080001a8   0x080001a8   0x00000000   Code   RO         2025    .ARM.Collect$$rtentry$$00000000  c_w.l(__rtentry.o)
    0x080001a8   0x080001a8   0x00000000   Code   RO         2027    .ARM.Collect$$rtentry$$00000002  c_w.l(__rtentry2.o)
    0x080001a8   0x080001a8   0x00000006   Code   RO         2039    .ARM.Collect$$rtentry$$00000004  c_w.l(__rtentry4.o)
    0x080001ae   0x080001ae   0x00000000   Code   RO         2029    .ARM.Collect$$rtentry$$00000009  c_w.l(__rtentry2.o)
    0x080001ae   0x080001ae   0x00000004   Code   RO         2030    .ARM.Collect$$rtentry$$0000000A  c_w.l(__rtentry2.o)
    0x080001b2   0x080001b2   0x00000000   Code   RO         2032    .ARM.Collect$$rtentry$$0000000C  c_w.l(__rtentry2.o)
    0x080001b2   0x080001b2   0x00000008   Code   RO         2033    .ARM.Collect$$rtentry$$0000000D  c_w.l(__rtentry2.o)
    0x080001ba   0x080001ba   0x00000002   Code   RO         2054    .ARM.Collect$$rtexit$$00000000  c_w.l(rtexit.o)
    0x080001bc   0x080001bc   0x00000000   Code   RO         2102    .ARM.Collect$$rtexit$$00000002  c_w.l(rtexit2.o)
    0x080001bc   0x080001bc   0x00000004   Code   RO         2103    .ARM.Collect$$rtexit$$00000003  c_w.l(rtexit2.o)
    0x080001c0   0x080001c0   0x00000006   Code   RO         2104    .ARM.Collect$$rtexit$$00000004  c_w.l(rtexit2.o)
    0x080001c6   0x080001c6   0x00000002   PAD
    0x080001c8   0x080001c8   0x00000020   Code   RO          651    .emb_text           core_cm3.o
    0x080001e8   0x080001e8   0x00000038   Code   RO          665    .text               startup_stm32f10x_md.o
    0x08000220   0x08000220   0x00000006   Code   RO         2021    .text               c_w.l(heapauxi.o)
    0x08000226   0x08000226   0x0000004a   Code   RO         2041    .text               c_w.l(sys_stackheap_outer.o)
    0x08000270   0x08000270   0x00000012   Code   RO         2043    .text               c_w.l(exit.o)
    0x08000282   0x08000282   0x00000002   PAD
    0x08000284   0x08000284   0x00000008   Code   RO         2051    .text               c_w.l(libspace.o)
    0x0800028c   0x0800028c   0x0000000c   Code   RO         2112    .text               c_w.l(sys_exit.o)
    0x08000298   0x08000298   0x00000002   Code   RO         2123    .text               c_w.l(use_no_semi.o)
    0x0800029a   0x0800029a   0x00000000   Code   RO         2125    .text               c_w.l(indicate_semi.o)
    0x0800029a   0x0800029a   0x00000004   Code   RO          824    i.BusFault_Handler  stm32_it.o
    0x0800029e   0x0800029e   0x0000000c   Code   RO          267    i.ByteSwap          usb_regs.o
    0x080002aa   0x080002aa   0x00000002   PAD
    0x080002ac   0x080002ac   0x00000288   Code   RO          220    i.CTR_LP            usb_int.o
    0x08000534   0x08000534   0x00000034   Code   RO          268    i.ClearDTOG_RX      usb_regs.o
    0x08000568   0x08000568   0x00000034   Code   RO          269    i.ClearDTOG_TX      usb_regs.o
    0x0800059c   0x0800059c   0x00000028   Code   RO          274    i.Clear_Status_Out  usb_regs.o
    0x080005c4   0x080005c4   0x0000002c   Code   RO          716    i.DFU_Button_Config  hw_config.o
    0x080005f0   0x080005f0   0x00000010   Code   RO          717    i.DFU_Button_Read   hw_config.o
    0x08000600   0x08000600   0x00000098   Code   RO          946    i.DFU_Data_Setup    usb_prop.o
    0x08000698   0x08000698   0x00000014   Code   RO          947    i.DFU_GetConfigDescriptor  usb_prop.o
    0x080006ac   0x080006ac   0x00000014   Code   RO          948    i.DFU_GetDeviceDescriptor  usb_prop.o
    0x080006c0   0x080006c0   0x00000028   Code   RO          949    i.DFU_GetStringDescriptor  usb_prop.o
    0x080006e8   0x080006e8   0x00000016   Code   RO          950    i.DFU_Get_Interface_Setting  usb_prop.o
    0x080006fe   0x080006fe   0x00000002   PAD
    0x08000700   0x08000700   0x00000120   Code   RO          951    i.DFU_NoData_Setup  usb_prop.o
    0x08000820   0x08000820   0x000000b8   Code   RO          952    i.DFU_Reset         usb_prop.o
    0x080008d8   0x080008d8   0x00000018   Code   RO          953    i.DFU_SetConfiguration  usb_prop.o
    0x080008f0   0x080008f0   0x0000000c   Code   RO          954    i.DFU_SetDeviceAddress  usb_prop.o
    0x080008fc   0x080008fc   0x00000002   Code   RO          955    i.DFU_Status_In     usb_prop.o
    0x080008fe   0x080008fe   0x00000002   PAD
    0x08000900   0x08000900   0x0000012c   Code   RO          956    i.DFU_Status_Out    usb_prop.o
    0x08000a2c   0x08000a2c   0x00000028   Code   RO          957    i.DFU_init          usb_prop.o
    0x08000a54   0x08000a54   0x0000005c   Code   RO          958    i.DFU_write_crc     usb_prop.o
    0x08000ab0   0x08000ab0   0x0000007c   Code   RO          959    i.DNLOAD            usb_prop.o
    0x08000b2c   0x08000b2c   0x000000c0   Code   RO            1    i.DataStageIn       usb_core.o
    0x08000bec   0x08000bec   0x000000e0   Code   RO            2    i.DataStageOut      usb_core.o
    0x08000ccc   0x08000ccc   0x00000298   Code   RO            3    i.Data_Setup0       usb_core.o
    0x08000f64   0x08000f64   0x00000002   Code   RO          825    i.DebugMon_Handler  stm32_it.o
    0x08000f66   0x08000f66   0x00000002   PAD
    0x08000f68   0x08000f68   0x0000000c   Code   RO         1314    i.EXTI_ClearITPendingBit  stm32f10x_exti.o
    0x08000f74   0x08000f74   0x0000004c   Code   RO         1695    i.FLASH_ErasePage   stm32f10x_flash.o
    0x08000fc0   0x08000fc0   0x00000034   Code   RO         1696    i.FLASH_GetBank1Status  stm32f10x_flash.o
    0x08000ff4   0x08000ff4   0x0000000e   Code   RO         1157    i.FLASH_If_Erase    flash_if.o
    0x08001002   0x08001002   0x00000004   Code   RO         1158    i.FLASH_If_Init     flash_if.o
    0x08001006   0x08001006   0x00000002   Code   RO         1159    i.FLASH_If_Read     flash_if.o
    0x08001008   0x08001008   0x00000048   Code   RO         1160    i.FLASH_If_Write    flash_if.o
    0x08001050   0x08001050   0x0000006c   Code   RO         1710    i.FLASH_ProgramWord  stm32f10x_flash.o
    0x080010bc   0x080010bc   0x00000018   Code   RO         1713    i.FLASH_Unlock      stm32f10x_flash.o
    0x080010d4   0x080010d4   0x00000026   Code   RO         1717    i.FLASH_WaitForLastOperation  stm32f10x_flash.o
    0x080010fa   0x080010fa   0x00000002   PAD
    0x080010fc   0x080010fc   0x0000001c   Code   RO          960    i.GETSTATE          usb_prop.o
    0x08001118   0x08001118   0x000000f0   Code   RO          961    i.GETSTATUS         usb_prop.o
    0x08001208   0x08001208   0x00000116   Code   RO         1376    i.GPIO_Init         stm32f10x_gpio.o
    0x0800131e   0x0800131e   0x00000012   Code   RO         1380    i.GPIO_ReadInputDataBit  stm32f10x_gpio.o
    0x08001330   0x08001330   0x00000020   Code   RO          286    i.GetEPRxAddr       usb_regs.o
    0x08001350   0x08001350   0x00000020   Code   RO          289    i.GetEPTxAddr       usb_regs.o
    0x08001370   0x08001370   0x00000034   Code   RO          718    i.Get_SerialNum     hw_config.o
    0x080013a4   0x080013a4   0x00000004   Code   RO          826    i.HardFault_Handler  stm32_it.o
    0x080013a8   0x080013a8   0x00000070   Code   RO            4    i.In0_Process       usb_core.o
    0x08001418   0x08001418   0x0000003e   Code   RO          719    i.IntToUnicode      hw_config.o
    0x08001456   0x08001456   0x00000002   PAD
    0x08001458   0x08001458   0x00000030   Code   RO         1109    i.MAL_Erase         dfu_mal.o
    0x08001488   0x08001488   0x00000030   Code   RO         1110    i.MAL_GetStatus     dfu_mal.o
    0x080014b8   0x080014b8   0x0000000a   Code   RO         1111    i.MAL_Init          dfu_mal.o
    0x080014c2   0x080014c2   0x00000002   PAD
    0x080014c4   0x080014c4   0x00000034   Code   RO         1112    i.MAL_Read          dfu_mal.o
    0x080014f8   0x080014f8   0x00000034   Code   RO         1113    i.MAL_Write         dfu_mal.o
    0x0800152c   0x0800152c   0x00000004   Code   RO          827    i.MemManage_Handler  stm32_it.o
    0x08001530   0x08001530   0x00000002   Code   RO          828    i.NMI_Handler       stm32_it.o
    0x08001532   0x08001532   0x00000002   Code   RO            5    i.NOP_Process       usb_core.o
    0x08001534   0x08001534   0x00000070   Code   RO         1274    i.NVIC_Init         misc.o
    0x080015a4   0x080015a4   0x00000014   Code   RO         1275    i.NVIC_PriorityGroupConfig  misc.o
    0x080015b8   0x080015b8   0x00000140   Code   RO            6    i.NoData_Setup0     usb_core.o
    0x080016f8   0x080016f8   0x00000050   Code   RO            7    i.Out0_Process      usb_core.o
    0x08001748   0x08001748   0x00000028   Code   RO          249    i.PMAToUserBufferCopy  usb_mem.o
    0x08001770   0x08001770   0x00000002   Code   RO          829    i.PendSV_Handler    stm32_it.o
    0x08001772   0x08001772   0x00000002   PAD
    0x08001774   0x08001774   0x00000048   Code   RO            8    i.Post0_Process     usb_core.o
    0x080017bc   0x080017bc   0x00000050   Code   RO         1067    i.PowerOn           usb_pwr.o
    0x0800180c   0x0800180c   0x00000020   Code   RO         1489    i.RCC_APB1PeriphClockCmd  stm32f10x_rcc.o
    0x0800182c   0x0800182c   0x00000020   Code   RO         1491    i.RCC_APB2PeriphClockCmd  stm32f10x_rcc.o
    0x0800184c   0x0800184c   0x0000004c   Code   RO         1498    i.RCC_DeInit        stm32f10x_rcc.o
    0x08001898   0x08001898   0x0000000c   Code   RO         1517    i.RCC_USBCLKConfig  stm32f10x_rcc.o
    0x080018a4   0x080018a4   0x00000028   Code   RO          721    i.Reset_Device      hw_config.o
    0x080018cc   0x080018cc   0x000000d0   Code   RO         1068    i.Resume            usb_pwr.o
    0x0800199c   0x0800199c   0x0000001c   Code   RO         1069    i.Resume_Init       usb_pwr.o
    0x080019b8   0x080019b8   0x00000002   Code   RO          830    i.SVC_Handler       stm32_it.o
    0x080019ba   0x080019ba   0x00000002   PAD
    0x080019bc   0x080019bc   0x00000050   Code   RO            9    i.SetDeviceAddress  usb_core.o
    0x08001a0c   0x08001a0c   0x0000004c   Code   RO          312    i.SetEPRxCount      usb_regs.o
    0x08001a58   0x08001a58   0x00000034   Code   RO          314    i.SetEPRxValid      usb_regs.o
    0x08001a8c   0x08001a8c   0x0000001c   Code   RO          316    i.SetEPTxCount      usb_regs.o
    0x08001aa8   0x08001aa8   0x00000040   Code   RO          317    i.SetEPTxStatus     usb_regs.o
    0x08001ae8   0x08001ae8   0x0000000c   Code   RO          321    i.SetISTR           usb_regs.o
    0x08001af4   0x08001af4   0x0000003c   Code   RO          722    i.Set_System        hw_config.o
    0x08001b30   0x08001b30   0x00000012   Code   RO          723    i.Set_USBClock      hw_config.o
    0x08001b42   0x08001b42   0x00000002   PAD
    0x08001b44   0x08001b44   0x000000b8   Code   RO           10    i.Setup0_Process    usb_core.o
    0x08001bfc   0x08001bfc   0x0000016c   Code   RO           11    i.Standard_ClearFeature  usb_core.o
    0x08001d68   0x08001d68   0x0000002c   Code   RO           12    i.Standard_GetConfiguration  usb_core.o
    0x08001d94   0x08001d94   0x00000024   Code   RO           13    i.Standard_GetDescriptorData  usb_core.o
    0x08001db8   0x08001db8   0x0000002c   Code   RO           14    i.Standard_GetInterface  usb_core.o
    0x08001de4   0x08001de4   0x00000100   Code   RO           15    i.Standard_GetStatus  usb_core.o
    0x08001ee4   0x08001ee4   0x00000048   Code   RO           16    i.Standard_SetConfiguration  usb_core.o
    0x08001f2c   0x08001f2c   0x00000028   Code   RO           17    i.Standard_SetDeviceFeature  usb_core.o
    0x08001f54   0x08001f54   0x000000d0   Code   RO           18    i.Standard_SetEndPointFeature  usb_core.o
    0x08002024   0x08002024   0x0000006c   Code   RO           19    i.Standard_SetInterface  usb_core.o
    0x08002090   0x08002090   0x0000008c   Code   RO          800    i.Stm32_Clock_Init  main.o
    0x0800211c   0x0800211c   0x00000094   Code   RO         1070    i.Suspend           usb_pwr.o
    0x080021b0   0x080021b0   0x00000002   Code   RO          831    i.SysTick_Handler   stm32_it.o
    0x080021b2   0x080021b2   0x00000002   PAD
    0x080021b4   0x080021b4   0x00000124   Code   RO          962    i.UPLOAD            usb_prop.o
    0x080022d8   0x080022d8   0x0000000c   Code   RO          832    i.USBWakeUp_IRQHandler  stm32_it.o
    0x080022e4   0x080022e4   0x00000002   Code   RO          724    i.USB_Cable_Config  hw_config.o
    0x080022e6   0x080022e6   0x00000002   PAD
    0x080022e8   0x080022e8   0x0000003c   Code   RO          196    i.USB_Init          usb_init.o
    0x08002324   0x08002324   0x00000042   Code   RO          725    i.USB_Interrupts_Config  hw_config.o
    0x08002366   0x08002366   0x00000002   PAD
    0x08002368   0x08002368   0x000001cc   Code   RO          928    i.USB_Istr          usb_istr.o
    0x08002534   0x08002534   0x00000008   Code   RO          833    i.USB_LP_CAN1_RX0_IRQHandler  stm32_it.o
    0x0800253c   0x0800253c   0x00000024   Code   RO          627    i.USB_SIL_Init      usb_sil.o
    0x08002560   0x08002560   0x00000004   Code   RO          834    i.UsageFault_Handler  stm32_it.o
    0x08002564   0x08002564   0x00000038   Code   RO          250    i.UserToPMABufferCopy  usb_mem.o
    0x0800259c   0x0800259c   0x00000074   Code   RO          801    i.main              main.o
    0x08002610   0x08002610   0x00000014   Data   RO         1115    .constdata          dfu_mal.o
    0x08002624   0x08002624   0x00000020   Data   RO         2178    Region$$Table       anon$$obj.o


    Execution Region RW_IRAM1 (Exec base: 0x20000000, Load base: 0x08002644, Size: 0x00000d40, Max: 0x00005000, ABSOLUTE, COMPRESSED[0x0000014c])

    Exec Addr    Load Addr    Size         Type   Attr      Idx    E Section Name        Object

    0x20000000   COMPRESSED   0x00000009   Data   RW           20    .data               usb_core.o
    0x20000009   COMPRESSED   0x00000003   PAD
    0x2000000c   COMPRESSED   0x00000014   Data   RW          198    .data               usb_init.o
    0x20000020   COMPRESSED   0x00000004   Data   RW          221    .data               usb_int.o
    0x20000024   COMPRESSED   0x00000011   Data   RW          802    .data               main.o
    0x20000035   COMPRESSED   0x00000160   Data   RW          902    .data               usb_desc.o
    0x20000195   COMPRESSED   0x00000003   PAD
    0x20000198   COMPRESSED   0x00000044   Data   RW          929    .data               usb_istr.o
    0x200001dc   COMPRESSED   0x000000a8   Data   RW          963    .data               usb_prop.o
    0x20000284   COMPRESSED   0x0000000c   Data   RW         1072    .data               usb_pwr.o
    0x20000290   COMPRESSED   0x00000010   Data   RW         1116    .data               dfu_mal.o
    0x200002a0        -       0x0000001c   Zero   RW          197    .bss                usb_init.o
    0x200002bc        -       0x00000020   Zero   RW         1071    .bss                usb_pwr.o
    0x200002dc        -       0x00000400   Zero   RW         1114    .bss                dfu_mal.o
    0x200006dc        -       0x00000060   Zero   RW         2052    .bss                c_w.l(libspace.o)
    0x2000073c   COMPRESSED   0x00000004   PAD
    0x20000740        -       0x00000200   Zero   RW          663    HEAP                startup_stm32f10x_md.o
    0x20000940        -       0x00000400   Zero   RW          662    STACK               startup_stm32f10x_md.o


==============================================================================

Image component sizes


      Code (inc. data)   RO Data    RW Data    ZI Data      Debug   Object Name

        32          0          0          0          0        552   core_cm3.o
       210         34         20         16       1024       3705   dfu_mal.o
        92          6          0          0          0       2314   flash_if.o
       360         34          0          0          0      19775   hw_config.o
       256         34          0         17          0       1858   main.o
       132         22          0          0          0       3007   misc.o
        56         22        236          0       1536        784   startup_stm32f10x_md.o
        46          0          0          0          0       4434   stm32_it.o
        12          6          0          0          0        473   stm32f10x_exti.o
       298         26          0          0          0      10385   stm32f10x_flash.o
       296          0          0          0          0      10732   stm32f10x_gpio.o
       152         30          0          0          0       1934   stm32f10x_rcc.o
      3102        294          0          9          0     233967   usb_core.o
         0          0          0        352          0        967   usb_desc.o
        60         24          0         20         28       4130   usb_init.o
       648         32          0          4          0       1756   usb_int.o
       460         38          0         68          0       1511   usb_istr.o
        96         10          0          0          0       1800   usb_mem.o
      1880        272          0        168          0      13609   usb_prop.o
       464         50          0         12         32       3308   usb_pwr.o
       452         62          0          0          0       6443   usb_regs.o
        36          8          0          0          0        491   usb_sil.o

    ----------------------------------------------------------------------
      9166       1004        288        672       2620     327935   Object Totals
         0          0         32          0          0          0   (incl. Generated)
        26          0          0          6          0          0   (incl. Padding)

    ----------------------------------------------------------------------

      Code (inc. data)   RO Data    RW Data    ZI Data      Debug   Library Member Name

        90          0          0          0          0          0   __dczerorl2.o
         8          0          0          0          0         68   __main.o
         0          0          0          0          0          0   __rtentry.o
        12          0          0          0          0          0   __rtentry2.o
         6          0          0          0          0          0   __rtentry4.o
        52          8          0          0          0          0   __scatter.o
        28          0          0          0          0          0   __scatter_zi.o
        18          0          0          0          0         80   exit.o
         6          0          0          0          0        152   heapauxi.o
         0          0          0          0          0          0   indicate_semi.o
         2          0          0          0          0          0   libinit.o
         2          0          0          0          0          0   libinit2.o
         2          0          0          0          0          0   libshutdown.o
         2          0          0          0          0          0   libshutdown2.o
         8          4          0          0         96         68   libspace.o
         2          0          0          0          0          0   rtexit.o
        10          0          0          0          0          0   rtexit2.o
        12          4          0          0          0         68   sys_exit.o
        74          0          0          0          0         80   sys_stackheap_outer.o
         2          0          0          0          0         68   use_no_semi.o

    ----------------------------------------------------------------------
       342         16          0          0        100        584   Library Totals
         6          0          0          0          4          0   (incl. Padding)

    ----------------------------------------------------------------------

      Code (inc. data)   RO Data    RW Data    ZI Data      Debug   Library Name

       336         16          0          0         96        584   c_w.l

    ----------------------------------------------------------------------
       342         16          0          0        100        584   Library Totals

    ----------------------------------------------------------------------

==============================================================================


      Code (inc. data)   RO Data    RW Data    ZI Data      Debug   

      9508       1020        288        672       2720     323263   Grand Totals
      9508       1020        288        332       2720     323263   ELF Image Totals (compressed)
      9508       1020        288        332          0          0   ROM Totals

==============================================================================

    Total RO  Size (Code + RO Data)                 9796 (   9.57kB)
    Total RW  Size (RW Data + ZI Data)              3392 (   3.31kB)
    Total ROM Size (Code + RO Data + RW Data)      10128 (   9.89kB)

==============================================================================

