Component: ARM Compiler 5.06 update 5 (build 528) Tool: armlink [4d35e2]

==============================================================================

Section Cross References

    usb_core.o(i.DataStageIn) refers to usb_regs.o(i.GetEPTxAddr) for GetEPTxAddr
    usb_core.o(i.DataStageIn) refers to usb_mem.o(i.UserToPMABufferCopy) for UserToPMABufferCopy
    usb_core.o(i.DataStageIn) refers to usb_regs.o(i.SetEPTxCount) for SetEPTxCount
    usb_core.o(i.DataStageIn) refers to usb_init.o(.data) for pInformation
    usb_core.o(i.DataStageIn) refers to usb_core.o(.data) for Data_Mul_MaxPacketSize
    usb_core.o(i.DataStageIn) refers to usb_int.o(.data) for SaveTState
    usb_core.o(i.DataStageOut) refers to usb_regs.o(i.GetEPRxAddr) for GetEPRxAddr
    usb_core.o(i.DataStageOut) refers to usb_mem.o(i.PMAToUserBufferCopy) for PMAToUserBufferCopy
    usb_core.o(i.DataStageOut) refers to usb_regs.o(i.SetEPTxCount) for SetEPTxCount
    usb_core.o(i.DataStageOut) refers to usb_init.o(.data) for pInformation
    usb_core.o(i.DataStageOut) refers to usb_int.o(.data) for SaveRState
    usb_core.o(i.Data_Setup0) refers to usb_core.o(i.DataStageIn) for DataStageIn
    usb_core.o(i.Data_Setup0) refers to usb_init.o(.data) for pInformation
    usb_core.o(i.Data_Setup0) refers to usb_core.o(i.Standard_GetStatus) for Standard_GetStatus
    usb_core.o(i.Data_Setup0) refers to usb_prop.o(.data) for Device_Table
    usb_core.o(i.Data_Setup0) refers to usb_core.o(i.Standard_GetConfiguration) for Standard_GetConfiguration
    usb_core.o(i.Data_Setup0) refers to usb_core.o(i.Standard_GetInterface) for Standard_GetInterface
    usb_core.o(i.Data_Setup0) refers to usb_core.o(.data) for Data_Mul_MaxPacketSize
    usb_core.o(i.Data_Setup0) refers to usb_int.o(.data) for SaveRState
    usb_core.o(i.In0_Process) refers to usb_core.o(i.DataStageIn) for DataStageIn
    usb_core.o(i.In0_Process) refers to usb_core.o(i.SetDeviceAddress) for SetDeviceAddress
    usb_core.o(i.In0_Process) refers to usb_core.o(i.Post0_Process) for Post0_Process
    usb_core.o(i.In0_Process) refers to usb_init.o(.data) for pInformation
    usb_core.o(i.NoData_Setup0) refers to usb_core.o(i.Standard_SetConfiguration) for Standard_SetConfiguration
    usb_core.o(i.NoData_Setup0) refers to usb_core.o(i.Standard_SetDeviceFeature) for Standard_SetDeviceFeature
    usb_core.o(i.NoData_Setup0) refers to usb_core.o(i.Standard_ClearFeature) for Standard_ClearFeature
    usb_core.o(i.NoData_Setup0) refers to usb_core.o(i.Standard_SetInterface) for Standard_SetInterface
    usb_core.o(i.NoData_Setup0) refers to usb_core.o(i.Standard_SetEndPointFeature) for Standard_SetEndPointFeature
    usb_core.o(i.NoData_Setup0) refers to usb_init.o(.data) for pInformation
    usb_core.o(i.NoData_Setup0) refers to usb_core.o(.data) for DevRemoteWakeup
    usb_core.o(i.NoData_Setup0) refers to usb_int.o(.data) for SaveTState
    usb_core.o(i.Out0_Process) refers to usb_core.o(i.DataStageOut) for DataStageOut
    usb_core.o(i.Out0_Process) refers to usb_core.o(i.Post0_Process) for Post0_Process
    usb_core.o(i.Out0_Process) refers to usb_init.o(.data) for pInformation
    usb_core.o(i.Post0_Process) refers to usb_regs.o(i.SetEPRxCount) for SetEPRxCount
    usb_core.o(i.Post0_Process) refers to usb_prop.o(.data) for Device_Property
    usb_core.o(i.Post0_Process) refers to usb_init.o(.data) for pInformation
    usb_core.o(i.Post0_Process) refers to usb_int.o(.data) for SaveRState
    usb_core.o(i.SetDeviceAddress) refers to usb_prop.o(.data) for Device_Table
    usb_core.o(i.Setup0_Process) refers to usb_regs.o(i.ByteSwap) for ByteSwap
    usb_core.o(i.Setup0_Process) refers to usb_core.o(i.NoData_Setup0) for NoData_Setup0
    usb_core.o(i.Setup0_Process) refers to usb_core.o(i.Data_Setup0) for Data_Setup0
    usb_core.o(i.Setup0_Process) refers to usb_core.o(i.Post0_Process) for Post0_Process
    usb_core.o(i.Setup0_Process) refers to usb_init.o(.data) for pInformation
    usb_core.o(i.Standard_ClearFeature) refers to usb_regs.o(i.ClearDTOG_TX) for ClearDTOG_TX
    usb_core.o(i.Standard_ClearFeature) refers to usb_regs.o(i.SetEPTxStatus) for SetEPTxStatus
    usb_core.o(i.Standard_ClearFeature) refers to usb_regs.o(i.SetEPRxCount) for SetEPRxCount
    usb_core.o(i.Standard_ClearFeature) refers to usb_regs.o(i.ClearDTOG_RX) for ClearDTOG_RX
    usb_core.o(i.Standard_ClearFeature) refers to usb_init.o(.data) for pInformation
    usb_core.o(i.Standard_ClearFeature) refers to usb_prop.o(.data) for Device_Table
    usb_core.o(i.Standard_GetConfiguration) refers to usb_init.o(.data) for pInformation
    usb_core.o(i.Standard_GetDescriptorData) refers to usb_init.o(.data) for pInformation
    usb_core.o(i.Standard_GetInterface) refers to usb_init.o(.data) for pInformation
    usb_core.o(i.Standard_GetStatus) refers to usb_init.o(.data) for pInformation
    usb_core.o(i.Standard_GetStatus) refers to usb_core.o(.data) for StatusInfo
[...]
    defsig.o(CL$$defsig) refers to defsig_rtmem_inner.o(.text) for __rt_SIGRTMEM_inner
    defsig_abrt_inner.o(.text) refers to defsig_general.o(.text) for __default_signal_display
    defsig_fpe_inner.o(.text) refers to defsig_general.o(.text) for __default_signal_display
    defsig_rtred_inner.o(.text) refers to defsig_general.o(.text) for __default_signal_display
    defsig_stak_inner.o(.text) refers to defsig_general.o(.text) for __default_signal_display
    defsig_pvfn_inner.o(.text) refers to defsig_general.o(.text) for __default_signal_display
    defsig_cppl_inner.o(.text) refers to defsig_general.o(.text) for __default_signal_display
    defsig_segv_inner.o(.text) refers to defsig_general.o(.text) for __default_signal_display
    defsig_other.o(.text) refers to defsig_general.o(.text) for __default_signal_display


==============================================================================

Removing Unused input sections from the image.

    Removing usb_int.o(i.CTR_HP), (200 bytes).
    Removing usb_regs.o(i.ClearEPDoubleBuff), (40 bytes).
    Removing usb_regs.o(i.ClearEP_CTR_RX), (36 bytes).
    Removing usb_regs.o(i.ClearEP_CTR_TX), (32 bytes).
    Removing usb_regs.o(i.ClearEP_KIND), (40 bytes).
    Removing usb_regs.o(i.FreeUserBuffer), (84 bytes).
    Removing usb_regs.o(i.GetBTABLE), (12 bytes).
    Removing usb_regs.o(i.GetCNTR), (12 bytes).
    Removing usb_regs.o(i.GetDADDR), (12 bytes).
    Removing usb_regs.o(i.GetENDPOINT), (20 bytes).
    Removing usb_regs.o(i.GetEPAddress), (24 bytes).
    Removing usb_regs.o(i.GetEPDblBuf0Addr), (32 bytes).
    Removing usb_regs.o(i.GetEPDblBuf0Count), (36 bytes).
    Removing usb_regs.o(i.GetEPDblBuf1Addr), (32 bytes).
    Removing usb_regs.o(i.GetEPDblBuf1Count), (36 bytes).
    Removing usb_regs.o(i.GetEPDblBufDir), (72 bytes).
    Removing usb_regs.o(i.GetEPRxCount), (36 bytes).
    Removing usb_regs.o(i.GetEPRxStatus), (24 bytes).
    Removing usb_regs.o(i.GetEPTxCount), (36 bytes).
    Removing usb_regs.o(i.GetEPTxStatus), (24 bytes).
    Removing usb_regs.o(i.GetEPType), (24 bytes).
    Removing usb_regs.o(i.GetFNR), (12 bytes).
    Removing usb_regs.o(i.GetISTR), (12 bytes).
    Removing usb_regs.o(i.GetRxStallStatus), (36 bytes).
    Removing usb_regs.o(i.GetTxStallStatus), (32 bytes).
    Removing usb_regs.o(i.SetBTABLE), (16 bytes).
    Removing usb_regs.o(i.SetCNTR), (12 bytes).
    Removing usb_regs.o(i.SetDADDR), (12 bytes).
    Removing usb_regs.o(i.SetDouBleBuffEPStall), (60 bytes).
    Removing usb_regs.o(i.SetENDPOINT), (16 bytes).
    Removing usb_regs.o(i.SetEPAddress), (44 bytes).
    Removing usb_regs.o(i.SetEPCountRxReg), (48 bytes).
    Removing usb_regs.o(i.SetEPDblBuf0Addr), (32 bytes).
    Removing usb_regs.o(i.SetEPDblBuf0Count), (104 bytes).
    Removing usb_regs.o(i.SetEPDblBuf1Addr), (36 bytes).
    Removing usb_regs.o(i.SetEPDblBuf1Count), (104 bytes).
    Removing usb_regs.o(i.SetEPDblBuffAddr), (52 bytes).
    Removing usb_regs.o(i.SetEPDblBuffCount), (196 bytes).
    Removing usb_regs.o(i.SetEPDoubleBuff), (44 bytes).
    Removing usb_regs.o(i.SetEPRxAddr), (36 bytes).
    Removing usb_regs.o(i.SetEPRxStatus), (64 bytes).
    Removing usb_regs.o(i.SetEPTxAddr), (32 bytes).
    Removing usb_regs.o(i.SetEPTxValid), (52 bytes).
    Removing usb_regs.o(i.SetEPType), (36 bytes).
    Removing usb_regs.o(i.SetEP_KIND), (44 bytes).
    Removing usb_regs.o(i.Set_Status_Out), (44 bytes).
    Removing usb_regs.o(i.ToWord), (8 bytes).
    Removing usb_regs.o(i.ToggleDTOG_RX), (40 bytes).
    Removing usb_regs.o(i.ToggleDTOG_TX), (40 bytes).
    Removing usb_sil.o(i.USB_SIL_Read), (46 bytes).
    Removing usb_sil.o(i.USB_SIL_Write), (46 bytes).
    Removing system_stm32f10x.o(i.SystemCoreClockUpdate), (164 bytes).
    Removing system_stm32f10x.o(.data), (20 bytes).
    Removing hw_config.o(i.DFU_Button_Read), (16 bytes).
    Removing hw_config.o(i.Leave_LowPowerMode), (36 bytes).
    Removing hw_config.o(.data), (12 bytes).
    Removing usb_endp.o(i.EP1_IN_Callback), (12 bytes).
    Removing usb_pwr.o(i.PowerOff), (32 bytes).
    Removing fsmc_nor.o(i.FSMC_NOR_EraseBlock), (60 bytes).
    Removing fsmc_nor.o(i.FSMC_NOR_EraseChip), (56 bytes).
    Removing fsmc_nor.o(i.FSMC_NOR_GetStatus), (156 bytes).
    Removing fsmc_nor.o(i.FSMC_NOR_Init), (256 bytes).
    Removing fsmc_nor.o(i.FSMC_NOR_ProgramBuffer), (116 bytes).
    Removing fsmc_nor.o(i.FSMC_NOR_ReadBuffer), (52 bytes).
    Removing fsmc_nor.o(i.FSMC_NOR_ReadHalfWord), (36 bytes).
    Removing fsmc_nor.o(i.FSMC_NOR_ReadID), (60 bytes).
    Removing fsmc_nor.o(i.FSMC_NOR_Reset), (32 bytes).
    Removing fsmc_nor.o(i.FSMC_NOR_ReturnToReadMode), (12 bytes).
    Removing fsmc_nor.o(i.FSMC_NOR_WriteBuffer), (42 bytes).
    Removing fsmc_nor.o(i.FSMC_NOR_WriteHalfWord), (48 bytes).
    Removing misc.o(i.NVIC_SetVectorTable), (20 bytes).
    Removing misc.o(i.NVIC_SystemLPConfig), (32 bytes).
    Removing misc.o(i.SysTick_CLKSourceConfig), (40 bytes).
    Removing stm32f10x_exti.o(i.EXTI_ClearFlag), (12 bytes).
    Removing stm32f10x_exti.o(i.EXTI_DeInit), (36 bytes).
    Removing stm32f10x_exti.o(i.EXTI_GenerateSWInterrupt), (16 bytes).
    Removing stm32f10x_exti.o(i.EXTI_GetFlagStatus), (24 bytes).
    Removing stm32f10x_exti.o(i.EXTI_GetITStatus), (40 bytes).
    Removing stm32f10x_exti.o(i.EXTI_Init), (148 bytes).
    Removing stm32f10x_exti.o(i.EXTI_StructInit), (16 bytes).
    Removing stm32f10x_gpio.o(i.GPIO_AFIODeInit), (20 bytes).
    Removing stm32f10x_gpio.o(i.GPIO_DeInit), (200 bytes).
    Removing stm32f10x_gpio.o(i.GPIO_ETH_MediaInterfaceConfig), (12 bytes).
    Removing stm32f10x_gpio.o(i.GPIO_EXTILineConfig), (64 bytes).
    Removing stm32f10x_gpio.o(i.GPIO_EventOutputCmd), (12 bytes).
    Removing stm32f10x_gpio.o(i.GPIO_EventOutputConfig), (32 bytes).
    Removing stm32f10x_gpio.o(i.GPIO_PinLockConfig), (18 bytes).
    Removing stm32f10x_gpio.o(i.GPIO_PinRemapConfig), (144 bytes).
    Removing stm32f10x_gpio.o(i.GPIO_ReadInputData), (8 bytes).
    Removing stm32f10x_gpio.o(i.GPIO_ReadInputDataBit), (18 bytes).
    Removing stm32f10x_gpio.o(i.GPIO_ReadOutputData), (8 bytes).
    Removing stm32f10x_gpio.o(i.GPIO_ReadOutputDataBit), (18 bytes).
    Removing stm32f10x_gpio.o(i.GPIO_ResetBits), (4 bytes).
    Removing stm32f10x_gpio.o(i.GPIO_SetBits), (4 bytes).
    Removing stm32f10x_gpio.o(i.GPIO_StructInit), (16 bytes).
    Removing stm32f10x_gpio.o(i.GPIO_Write), (4 bytes).
    Removing stm32f10x_gpio.o(i.GPIO_WriteBit), (10 bytes).
    Removing stm32f10x_rcc.o(i.RCC_ADCCLKConfig), (24 bytes).
    Removing stm32f10x_rcc.o(i.RCC_AHBPeriphClockCmd), (32 bytes).
    Removing stm32f10x_rcc.o(i.RCC_APB1PeriphResetCmd), (32 bytes).
    Removing stm32f10x_rcc.o(i.RCC_APB2PeriphResetCmd), (32 bytes).
    Removing stm32f10x_rcc.o(i.RCC_AdjustHSICalibrationValue), (24 bytes).
    Removing stm32f10x_rcc.o(i.RCC_BackupResetCmd), (12 bytes).
    Removing stm32f10x_rcc.o(i.RCC_ClearFlag), (20 bytes).
    Removing stm32f10x_rcc.o(i.RCC_ClearITPendingBit), (12 bytes).
    Removing stm32f10x_rcc.o(i.RCC_ClockSecuritySystemCmd), (12 bytes).
    Removing stm32f10x_rcc.o(i.RCC_DeInit), (76 bytes).
    Removing stm32f10x_rcc.o(i.RCC_GetClocksFreq), (212 bytes).
    Removing stm32f10x_rcc.o(i.RCC_GetFlagStatus), (60 bytes).
    Removing stm32f10x_rcc.o(i.RCC_GetITStatus), (24 bytes).
    Removing stm32f10x_rcc.o(i.RCC_GetSYSCLKSource), (16 bytes).
    Removing stm32f10x_rcc.o(i.RCC_HCLKConfig), (24 bytes).
    Removing stm32f10x_rcc.o(i.RCC_HSEConfig), (76 bytes).
    Removing stm32f10x_rcc.o(i.RCC_HSICmd), (12 bytes).
    Removing stm32f10x_rcc.o(i.RCC_ITConfig), (32 bytes).
    Removing stm32f10x_rcc.o(i.RCC_LSEConfig), (52 bytes).
    Removing stm32f10x_rcc.o(i.RCC_LSICmd), (12 bytes).
    Removing stm32f10x_rcc.o(i.RCC_MCOConfig), (12 bytes).
    Removing stm32f10x_rcc.o(i.RCC_PCLK1Config), (24 bytes).
    Removing stm32f10x_rcc.o(i.RCC_PCLK2Config), (24 bytes).
    Removing stm32f10x_rcc.o(i.RCC_PLLCmd), (12 bytes).
    Removing stm32f10x_rcc.o(i.RCC_PLLConfig), (28 bytes).
    Removing stm32f10x_rcc.o(i.RCC_RTCCLKCmd), (12 bytes).
    Removing stm32f10x_rcc.o(i.RCC_RTCCLKConfig), (16 bytes).
    Removing stm32f10x_rcc.o(i.RCC_SYSCLKConfig), (24 bytes).
    Removing stm32f10x_rcc.o(i.RCC_WaitForHSEStartUp), (56 bytes).
    Removing stm32f10x_rcc.o(.data), (20 bytes).
    Removing stm32f10x_flash.o(i.FLASH_ClearFlag), (12 bytes).
    Removing stm32f10x_flash.o(i.FLASH_EnableWriteProtection), (196 bytes).
    Removing stm32f10x_flash.o(i.FLASH_EraseAllBank1Pages), (72 bytes).
    Removing stm32f10x_flash.o(i.FLASH_EraseAllPages), (72 bytes).
    Removing stm32f10x_flash.o(i.FLASH_EraseOptionBytes), (168 bytes).
    Removing stm32f10x_flash.o(i.FLASH_GetFlagStatus), (48 bytes).
    Removing stm32f10x_flash.o(i.FLASH_GetPrefetchBufferStatus), (24 bytes).
    Removing stm32f10x_flash.o(i.FLASH_GetReadOutProtectionStatus), (24 bytes).
    Removing stm32f10x_flash.o(i.FLASH_GetStatus), (52 bytes).
    Removing stm32f10x_flash.o(i.FLASH_GetUserOptionByte), (12 bytes).
    Removing stm32f10x_flash.o(i.FLASH_GetWriteProtectionOptionByte), (12 bytes).
    Removing stm32f10x_flash.o(i.FLASH_HalfCycleAccessCmd), (28 bytes).
    Removing stm32f10x_flash.o(i.FLASH_ITConfig), (32 bytes).
    Removing stm32f10x_flash.o(i.FLASH_Lock), (20 bytes).
    Removing stm32f10x_flash.o(i.FLASH_LockBank1), (20 bytes).
    Removing stm32f10x_flash.o(i.FLASH_PrefetchBufferCmd), (28 bytes).
    Removing stm32f10x_flash.o(i.FLASH_ProgramHalfWord), (64 bytes).
    Removing stm32f10x_flash.o(i.FLASH_ProgramOptionByteData), (84 bytes).
    Removing stm32f10x_flash.o(i.FLASH_ReadOutProtection), (172 bytes).
    Removing stm32f10x_flash.o(i.FLASH_SetLatency), (24 bytes).
    Removing stm32f10x_flash.o(i.FLASH_UnlockBank1), (24 bytes).
    Removing stm32f10x_flash.o(i.FLASH_UserOptionByteConfig), (104 bytes).
    Removing stm32f10x_flash.o(i.FLASH_WaitForLastBank1Operation), (38 bytes).
    Removing stm32f10x_fsmc.o(i.FSMC_ClearFlag), (64 bytes).
    Removing stm32f10x_fsmc.o(i.FSMC_ClearITPendingBit), (72 bytes).
    Removing stm32f10x_fsmc.o(i.FSMC_GetECC), (28 bytes).
    Removing stm32f10x_fsmc.o(i.FSMC_GetFlagStatus), (56 bytes).
    Removing stm32f10x_fsmc.o(i.FSMC_GetITStatus), (68 bytes).
    Removing stm32f10x_fsmc.o(i.FSMC_ITConfig), (128 bytes).
    Removing stm32f10x_fsmc.o(i.FSMC_NANDCmd), (92 bytes).
    Removing stm32f10x_fsmc.o(i.FSMC_NANDDeInit), (68 bytes).
    Removing stm32f10x_fsmc.o(i.FSMC_NANDECCCmd), (92 bytes).
    Removing stm32f10x_fsmc.o(i.FSMC_NANDInit), (136 bytes).
    Removing stm32f10x_fsmc.o(i.FSMC_NANDStructInit), (54 bytes).
    Removing stm32f10x_fsmc.o(i.FSMC_NORSRAMCmd), (52 bytes).
    Removing stm32f10x_fsmc.o(i.FSMC_NORSRAMDeInit), (54 bytes).
    Removing stm32f10x_fsmc.o(i.FSMC_NORSRAMInit), (230 bytes).
    Removing stm32f10x_fsmc.o(i.FSMC_NORSRAMStructInit), (114 bytes).
    Removing stm32f10x_fsmc.o(i.FSMC_PCCARDCmd), (48 bytes).
    Removing stm32f10x_fsmc.o(i.FSMC_PCCARDDeInit), (40 bytes).
    Removing stm32f10x_fsmc.o(i.FSMC_PCCARDInit), (132 bytes).
    Removing stm32f10x_fsmc.o(i.FSMC_PCCARDStructInit), (60 bytes).
    Removing delay.o(i.delay_init), (68 bytes).
    Removing delay.o(i.delay_ms), (76 bytes).
    Removing delay.o(i.delay_us), (76 bytes).
    Removing delay.o(.data), (4 bytes).

173 unused section(s) (total 8580 bytes) removed from the image.

==============================================================================

Image Symbol Table

    Local Symbols

    Symbol Name                              Value     Ov Type        Size  Object(Section)

    ../clib/angel/boardlib.s                 0x00000000   Number         0  boardshut.o ABSOLUTE
    ../clib/angel/boardlib.s                 0x00000000   Number         0  boardinit3.o ABSOLUTE
    ../clib/angel/boardlib.s                 0x00000000   Number         0  boardinit2.o ABSOLUTE
    ../clib/angel/boardlib.s                 0x00000000   Number         0  boardinit1.o ABSOLUTE
    ../clib/angel/dczerorl2.s                0x00000000   Number         0  __dczerorl2.o ABSOLUTE
    ../clib/angel/handlers.s                 0x00000000   Number         0  __scatter_zi.o ABSOLUTE
    ../clib/angel/kernel.s                   0x00000000   Number         0  __rtentry4.o ABSOLUTE
    ../clib/angel/kernel.s                   0x00000000   Number         0  rtexit.o ABSOLUTE
    ../clib/angel/kernel.s                   0x00000000   Number         0  rtexit2.o ABSOLUTE
    ../clib/angel/kernel.s                   0x00000000   Number         0  __rtentry2.o ABSOLUTE
    ../clib/angel/kernel.s                   0x00000000   Number         0  __rtentry.o ABSOLUTE
    ../clib/angel/rt.s                       0x00000000   Number         0  rt_raise.o ABSOLUTE
    ../clib/angel/scatter.s                  0x00000000   Number         0  __scatter.o ABSOLUTE
    ../clib/angel/startup.s                  0x00000000   Number         0  __main.o ABSOLUTE
    ../clib/angel/sys.s                      0x00000000   Number         0  use_no_semi.o ABSOLUTE
    ../clib/angel/sys.s                      0x00000000   Number         0  indicate_semi.o ABSOLUTE
    ../clib/angel/sys.s                      0x00000000   Number         0  libspace.o ABSOLUTE
    ../clib/angel/sys.s                      0x00000000   Number         0  sys_stackheap_outer.o ABSOLUTE
    ../clib/angel/sysapp.c                   0x00000000   Number         0  sys_command.o ABSOLUTE
    ../clib/angel/sysapp.c                   0x00000000   Number         0  sys_exit.o ABSOLUTE
    ../clib/angel/sysapp.c                   0x00000000   Number         0  sys_wrch.o ABSOLUTE
    ../clib/armsys.c                         0x00000000   Number         0  _get_argv_nomalloc.o ABSOLUTE
    ../clib/armsys.c                         0x00000000   Number         0  no_argv.o ABSOLUTE
    ../clib/armsys.c                         0x00000000   Number         0  argv_veneer.o ABSOLUTE
    ../clib/armsys.c                         0x00000000   Number         0  argv_veneer.o ABSOLUTE
    ../clib/heapalloc.c                      0x00000000   Number         0  hrguard.o ABSOLUTE
    ../clib/heapaux.c                        0x00000000   Number         0  heapauxi.o ABSOLUTE
    ../clib/libinit.s                        0x00000000   Number         0  libinit2.o ABSOLUTE
    ../clib/libinit.s                        0x00000000   Number         0  libshutdown.o ABSOLUTE
    ../clib/libinit.s                        0x00000000   Number         0  libshutdown2.o ABSOLUTE
    ../clib/libinit.s                        0x00000000   Number         0  libinit.o ABSOLUTE
    ../clib/signal.c                         0x00000000   Number         0  defsig_rtred_inner.o ABSOLUTE
    ../clib/signal.c                         0x00000000   Number         0  defsig_stak_inner.o ABSOLUTE
    ../clib/signal.c                         0x00000000   Number         0  defsig_pvfn_inner.o ABSOLUTE
    ../clib/signal.c                         0x00000000   Number         0  defsig_cppl_inner.o ABSOLUTE
    ../clib/signal.c                         0x00000000   Number         0  defsig_segv_inner.o ABSOLUTE
    ../clib/signal.c                         0x00000000   Number         0  __raise.o ABSOLUTE
    ../clib/signal.c                         0x00000000   Number         0  defsig_rtmem_inner.o ABSOLUTE
    ../clib/signal.c                         0x00000000   Number         0  defsig_rtmem_formal.o ABSOLUTE
    ../clib/signal.c                         0x00000000   Number         0  defsig_general.o ABSOLUTE
    ../clib/signal.c                         0x00000000   Number         0  defsig_exit.o ABSOLUTE
    ../clib/signal.c                         0x00000000   Number         0  defsig_rtmem_outer.o ABSOLUTE
    ../clib/signal.c                         0x00000000   Number         0  defsig_abrt_inner.o ABSOLUTE
    ../clib/signal.c                         0x00000000   Number         0  defsig_fpe_inner.o ABSOLUTE
    ../clib/signal.c                         0x00000000   Number         0  defsig_other.o ABSOLUTE
    ../clib/signal.s                         0x00000000   Number         0  defsig.o ABSOLUTE
    ../clib/stdlib.c                         0x00000000   Number         0  exit.o ABSOLUTE
    ../fplib/fpinit.s                        0x00000000   Number         0  fpinit.o ABSOLUTE
    FWLIB\misc.c                             0x00000000   Number         0  misc.o ABSOLUTE
    FWLIB\stm32f10x_exti.c                   0x00000000   Number         0  stm32f10x_exti.o ABSOLUTE
    FWLIB\stm32f10x_flash.c                  0x00000000   Number         0  stm32f10x_flash.o ABSOLUTE
    FWLIB\stm32f10x_fsmc.c                   0x00000000   Number         0  stm32f10x_fsmc.o ABSOLUTE
    FWLIB\stm32f10x_gpio.c                   0x00000000   Number         0  stm32f10x_gpio.o ABSOLUTE
    FWLIB\stm32f10x_rcc.c                    0x00000000   Number         0  stm32f10x_rcc.o ABSOLUTE
    SYSTEM\STM32_USB-FS-Device_Driver\src\usb_core.c 0x00000000   Number         0  usb_core.o ABSOLUTE
    SYSTEM\STM32_USB-FS-Device_Driver\src\usb_init.c 0x00000000   Number         0  usb_init.o ABSOLUTE
    SYSTEM\STM32_USB-FS-Device_Driver\src\usb_int.c 0x00000000   Number         0  usb_int.o ABSOLUTE
    SYSTEM\STM32_USB-FS-Device_Driver\src\usb_mem.c 0x00000000   Number         0  usb_mem.o ABSOLUTE
    SYSTEM\STM32_USB-FS-Device_Driver\src\usb_regs.c 0x00000000   Number         0  usb_regs.o ABSOLUTE
    SYSTEM\STM32_USB-FS-Device_Driver\src\usb_sil.c 0x00000000   Number         0  usb_sil.o ABSOLUTE
    SYSTEM\\sys\\core_cm3.c                  0x00000000   Number         0  core_cm3.o ABSOLUTE
    SYSTEM\delay\delay.c                     0x00000000   Number         0  delay.o ABSOLUTE
    SYSTEM\sys\core_cm3.c                    0x00000000   Number         0  core_cm3.o ABSOLUTE
    SYSTEM\sys\startup_stm32f10x_md.s        0x00000000   Number         0  startup_stm32f10x_md.o ABSOLUTE
    SYSTEM\sys\system_stm32f10x.c            0x00000000   Number         0  system_stm32f10x.o ABSOLUTE
    dc.s                                     0x00000000   Number         0  dc.o ABSOLUTE
    src\dfu_mal.c                            0x00000000   Number         0  dfu_mal.o ABSOLUTE
    src\flash_if.c                           0x00000000   Number         0  flash_if.o ABSOLUTE
    src\fsmc_nor.c                           0x00000000   Number         0  fsmc_nor.o ABSOLUTE
    src\hw_config.c                          0x00000000   Number         0  hw_config.o ABSOLUTE
    src\main.c                               0x00000000   Number         0  main.o ABSOLUTE
    src\nor_if.c                             0x00000000   Number         0  nor_if.o ABSOLUTE
    src\stm32_it.c                           0x00000000   Number         0  stm32_it.o ABSOLUTE
    src\usb_desc.c                           0x00000000   Number         0  usb_desc.o ABSOLUTE
    src\usb_endp.c                           0x00000000   Number         0  usb_endp.o ABSOLUTE
    src\usb_istr.c                           0x00000000   Number         0  usb_istr.o ABSOLUTE
    src\usb_prop.c                           0x00000000   Number         0  usb_prop.o ABSOLUTE
    src\usb_pwr.c                            0x00000000   Number         0  usb_pwr.o ABSOLUTE
    RESET                                    0x08000000   Section      236  startup_stm32f10x_md.o(RESET)
    !!!main                                  0x080000ec   Section        8  __main.o(!!!main)
    !!!scatter                               0x080000f4   Section       52  __scatter.o(!!!scatter)
    !!dczerorl2                              0x08000128   Section       90  __dczerorl2.o(!!dczerorl2)
    !!handler_zi                             0x08000184   Section       28  __scatter_zi.o(!!handler_zi)
    .ARM.Collect$$libinit$$00000000          0x080001a0   Section        2  libinit.o(.ARM.Collect$$libinit$$00000000)
    .ARM.Collect$$libinit$$00000002          0x080001a2   Section        0  libinit2.o(.ARM.Collect$$libinit$$00000002)
    .ARM.Collect$$libinit$$00000004          0x080001a2   Section        0  libinit2.o(.ARM.Collect$$libinit$$00000004)
    .ARM.Collect$$libinit$$0000000A          0x080001a2   Section        0  libinit2.o(.ARM.Collect$$libinit$$0000000A)
    .ARM.Collect$$libinit$$0000000C          0x080001a2   Section        0  libinit2.o(.ARM.Collect$$libinit$$0000000C)
    .ARM.Collect$$libinit$$0000000E          0x080001a2   Section        0  libinit2.o(.ARM.Collect$$libinit$$0000000E)
    .ARM.Collect$$libinit$$00000011          0x080001a2   Section        0  libinit2.o(.ARM.Collect$$libinit$$00000011)
    .ARM.Collect$$libinit$$00000013          0x080001a2   Section        0  libinit2.o(.ARM.Collect$$libinit$$00000013)
    .ARM.Collect$$libinit$$00000015          0x080001a2   Section        0  libinit2.o(.ARM.Collect$$libinit$$00000015)
    .ARM.Collect$$libinit$$00000017          0x080001a2   Section        0  libinit2.o(.ARM.Collect$$libinit$$00000017)
    .ARM.Collect$$libinit$$00000019          0x080001a2   Section        0  libinit2.o(.ARM.Collect$$libinit$$00000019)
    .ARM.Collect$$libinit$$0000001B          0x080001a2   Section        0  libinit2.o(.ARM.Collect$$libinit$$0000001B)
    .ARM.Collect$$libinit$$0000001D          0x080001a2   Section        0  libinit2.o(.ARM.Collect$$libinit$$0000001D)
    .ARM.Collect$$libinit$$0000001F          0x080001a2   Section        0  libinit2.o(.ARM.Collect$$libinit$$0000001F)
    .ARM.Collect$$libinit$$00000021          0x080001a2   Section        0  libinit2.o(.ARM.Collect$$libinit$$00000021)
    .ARM.Collect$$libinit$$00000023          0x080001a2   Section        0  libinit2.o(.ARM.Collect$$libinit$$00000023)
    .ARM.Collect$$libinit$$00000025          0x080001a2   Section        0  libinit2.o(.ARM.Collect$$libinit$$00000025)
    .ARM.Collect$$libinit$$0000002C          0x080001a2   Section        0  libinit2.o(.ARM.Collect$$libinit$$0000002C)
    .ARM.Collect$$libinit$$0000002E          0x080001a2   Section        0  libinit2.o(.ARM.Collect$$libinit$$0000002E)
    .ARM.Collect$$libinit$$00000030          0x080001a2   Section        0  libinit2.o(.ARM.Collect$$libinit$$00000030)
    .ARM.Collect$$libinit$$00000032          0x080001a2   Section        0  libinit2.o(.ARM.Collect$$libinit$$00000032)
    .ARM.Collect$$libinit$$00000033          0x080001a2   Section        2  libinit2.o(.ARM.Collect$$libinit$$00000033)
    .ARM.Collect$$libshutdown$$00000000      0x080001a4   Section        2  libshutdown.o(.ARM.Collect$$libshutdown$$00000000)
    .ARM.Collect$$libshutdown$$00000002      0x080001a6   Section        0  libshutdown2.o(.ARM.Collect$$libshutdown$$00000002)
    .ARM.Collect$$libshutdown$$00000004      0x080001a6   Section        0  libshutdown2.o(.ARM.Collect$$libshutdown$$00000004)
    .ARM.Collect$$libshutdown$$00000007      0x080001a6   Section        0  libshutdown2.o(.ARM.Collect$$libshutdown$$00000007)
    .ARM.Collect$$libshutdown$$0000000A      0x080001a6   Section        0  libshutdown2.o(.ARM.Collect$$libshutdown$$0000000A)
    .ARM.Collect$$libshutdown$$0000000C      0x080001a6   Section        0  libshutdown2.o(.ARM.Collect$$libshutdown$$0000000C)
    .ARM.Collect$$libshutdown$$0000000F      0x080001a6   Section        0  libshutdown2.o(.ARM.Collect$$libshutdown$$0000000F)
    .ARM.Collect$$libshutdown$$00000010      0x080001a6   Section        2  libshutdown2.o(.ARM.Collect$$libshutdown$$00000010)
    .ARM.Collect$$rtentry$$00000000          0x080001a8   Section        0  __rtentry.o(.ARM.Collect$$rtentry$$00000000)
    .ARM.Collect$$rtentry$$00000002          0x080001a8   Section        0  __rtentry2.o(.ARM.Collect$$rtentry$$00000002)
    .ARM.Collect$$rtentry$$00000004          0x080001a8   Section        6  __rtentry4.o(.ARM.Collect$$rtentry$$00000004)
    .ARM.Collect$$rtentry$$00000009          0x080001ae   Section        0  __rtentry2.o(.ARM.Collect$$rtentry$$00000009)
    .ARM.Collect$$rtentry$$0000000A          0x080001ae   Section        4  __rtentry2.o(.ARM.Collect$$rtentry$$0000000A)
    .ARM.Collect$$rtentry$$0000000C          0x080001b2   Section        0  __rtentry2.o(.ARM.Collect$$rtentry$$0000000C)
    .ARM.Collect$$rtentry$$0000000D          0x080001b2   Section        8  __rtentry2.o(.ARM.Collect$$rtentry$$0000000D)
    .ARM.Collect$$rtexit$$00000000           0x080001ba   Section        2  rtexit.o(.ARM.Collect$$rtexit$$00000000)
    .ARM.Collect$$rtexit$$00000002           0x080001bc   Section        0  rtexit2.o(.ARM.Collect$$rtexit$$00000002)
    .ARM.Collect$$rtexit$$00000003           0x080001bc   Section        4  rtexit2.o(.ARM.Collect$$rtexit$$00000003)
    .ARM.Collect$$rtexit$$00000004           0x080001c0   Section        6  rtexit2.o(.ARM.Collect$$rtexit$$00000004)
    .emb_text                                0x080001c8   Section       32  core_cm3.o(.emb_text)
    .text                                    0x080001e8   Section       64  startup_stm32f10x_md.o(.text)
    .text                                    0x08000228   Section        0  heapauxi.o(.text)
    .text                                    0x0800022e   Section       74  sys_stackheap_outer.o(.text)
    .text                                    0x08000278   Section        0  exit.o(.text)
    .text                                    0x0800028c   Section        8  libspace.o(.text)
    .text                                    0x08000294   Section        0  sys_exit.o(.text)
    .text                                    0x080002a0   Section        2  use_no_semi.o(.text)
    .text                                    0x080002a2   Section        0  indicate_semi.o(.text)
    i.BusFault_Handler                       0x080002a2   Section        0  stm32_it.o(i.BusFault_Handler)
    i.ByteSwap                               0x080002a6   Section        0  usb_regs.o(i.ByteSwap)
    i.CTR_LP                                 0x080002b4   Section        0  usb_int.o(i.CTR_LP)
    i.ClearDTOG_RX                           0x0800053c   Section        0  usb_regs.o(i.ClearDTOG_RX)
    i.ClearDTOG_TX                           0x08000570   Section        0  usb_regs.o(i.ClearDTOG_TX)
    i.Clear_Status_Out                       0x080005a4   Section        0  usb_regs.o(i.Clear_Status_Out)
    i.DFU_Button_Config                      0x080005cc   Section        0  hw_config.o(i.DFU_Button_Config)
    i.DFU_Data_Setup                         0x080005f0   Section        0  usb_prop.o(i.DFU_Data_Setup)
    i.DFU_GetConfigDescriptor                0x08000688   Section        0  usb_prop.o(i.DFU_GetConfigDescriptor)
    i.DFU_GetDeviceDescriptor                0x0800069c   Section        0  usb_prop.o(i.DFU_GetDeviceDescriptor)
    i.DFU_GetStringDescriptor                0x080006b0   Section        0  usb_prop.o(i.DFU_GetStringDescriptor)
    i.DFU_Get_Interface_Setting              0x080006d8   Section        0  usb_prop.o(i.DFU_Get_Interface_Setting)
    i.DFU_NoData_Setup                       0x080006f0   Section        0  usb_prop.o(i.DFU_NoData_Setup)
    i.DFU_Reset                              0x08000810   Section        0  usb_prop.o(i.DFU_Reset)
    i.DFU_SetConfiguration                   0x080008c8   Section        0  usb_prop.o(i.DFU_SetConfiguration)
    i.DFU_SetDeviceAddress                   0x080008e0   Section        0  usb_prop.o(i.DFU_SetDeviceAddress)
    i.DFU_Status_In                          0x080008ec   Section        0  usb_prop.o(i.DFU_Status_In)
    i.DFU_Status_Out                         0x080008f0   Section        0  usb_prop.o(i.DFU_Status_Out)
    i.DFU_init                               0x08000a1c   Section        0  usb_prop.o(i.DFU_init)
    i.DFU_write_crc                          0x08000a44   Section        0  usb_prop.o(i.DFU_write_crc)
    i.DNLOAD                                 0x08000aa0   Section        0  usb_prop.o(i.DNLOAD)
    i.DataStageIn                            0x08000b1c   Section        0  usb_core.o(i.DataStageIn)
    DataStageIn                              0x08000b1d   Thumb Code   166  usb_core.o(i.DataStageIn)
    i.DataStageOut                           0x08000bdc   Section        0  usb_core.o(i.DataStageOut)
    DataStageOut                             0x08000bdd   Thumb Code   198  usb_core.o(i.DataStageOut)
    i.Data_Setup0                            0x08000cbc   Section        0  usb_core.o(i.Data_Setup0)
    Data_Setup0                              0x08000cbd   Thumb Code   628  usb_core.o(i.Data_Setup0)
    i.DebugMon_Handler                       0x08000f54   Section        0  stm32_it.o(i.DebugMon_Handler)
    i.EXTI_ClearITPendingBit                 0x08000f58   Section        0  stm32f10x_exti.o(i.EXTI_ClearITPendingBit)
    i.FLASH_ErasePage                        0x08000f64   Section        0  stm32f10x_flash.o(i.FLASH_ErasePage)
    i.FLASH_GetBank1Status                   0x08000fb0   Section        0  stm32f10x_flash.o(i.FLASH_GetBank1Status)
    i.FLASH_If_Erase                         0x08000fe4   Section        0  flash_if.o(i.FLASH_If_Erase)
    i.FLASH_If_Init                          0x08000ff2   Section        0  flash_if.o(i.FLASH_If_Init)
    i.FLASH_If_Read                          0x08000ff6   Section        0  flash_if.o(i.FLASH_If_Read)
    i.FLASH_If_Write                         0x08000ff8   Section        0  flash_if.o(i.FLASH_If_Write)
    i.FLASH_ProgramWord                      0x08001040   Section        0  stm32f10x_flash.o(i.FLASH_ProgramWord)
    i.FLASH_Unlock                           0x080010ac   Section        0  stm32f10x_flash.o(i.FLASH_Unlock)
    i.FLASH_WaitForLastOperation             0x080010c4   Section        0  stm32f10x_flash.o(i.FLASH_WaitForLastOperation)
    i.GETSTATE                               0x080010ec   Section        0  usb_prop.o(i.GETSTATE)
    i.GETSTATUS                              0x08001108   Section        0  usb_prop.o(i.GETSTATUS)
    i.GPIO_Init                              0x080011f8   Section        0  stm32f10x_gpio.o(i.GPIO_Init)
    i.GetEPRxAddr                            0x08001310   Section        0  usb_regs.o(i.GetEPRxAddr)
    i.GetEPTxAddr                            0x08001330   Section        0  usb_regs.o(i.GetEPTxAddr)
    i.Get_SerialNum                          0x08001350   Section        0  hw_config.o(i.Get_SerialNum)
    i.HardFault_Handler                      0x08001384   Section        0  stm32_it.o(i.HardFault_Handler)
    i.In0_Process                            0x08001388   Section        0  usb_core.o(i.In0_Process)
    i.IntToUnicode                           0x080013f8   Section        0  hw_config.o(i.IntToUnicode)
    IntToUnicode                             0x080013f9   Thumb Code    62  hw_config.o(i.IntToUnicode)
    i.MAL_Erase                              0x08001438   Section        0  dfu_mal.o(i.MAL_Erase)
    i.MAL_GetStatus                          0x08001468   Section        0  dfu_mal.o(i.MAL_GetStatus)
    i.MAL_Init                               0x08001498   Section        0  dfu_mal.o(i.MAL_Init)
    i.MAL_Read                               0x080014a4   Section        0  dfu_mal.o(i.MAL_Read)
    i.MAL_Write                              0x080014d8   Section        0  dfu_mal.o(i.MAL_Write)
    i.MemManage_Handler                      0x0800150c   Section        0  stm32_it.o(i.MemManage_Handler)
    i.NMI_Handler                            0x08001510   Section        0  stm32_it.o(i.NMI_Handler)
    i.NOP_Process                            0x08001512   Section        0  usb_core.o(i.NOP_Process)
    i.NVIC_Init                              0x08001514   Section        0  misc.o(i.NVIC_Init)
    i.NVIC_PriorityGroupConfig               0x08001584   Section        0  misc.o(i.NVIC_PriorityGroupConfig)
    i.NoData_Setup0                          0x08001598   Section        0  usb_core.o(i.NoData_Setup0)
    NoData_Setup0                            0x08001599   Thumb Code   296  usb_core.o(i.NoData_Setup0)
    i.Out0_Process                           0x080016d8   Section        0  usb_core.o(i.Out0_Process)
    i.PMAToUserBufferCopy                    0x08001728   Section        0  usb_mem.o(i.PMAToUserBufferCopy)
    i.PendSV_Handler                         0x08001750   Section        0  stm32_it.o(i.PendSV_Handler)
    i.Post0_Process                          0x08001754   Section        0  usb_core.o(i.Post0_Process)
    i.PowerOn                                0x0800179c   Section        0  usb_pwr.o(i.PowerOn)
    i.RCC_APB1PeriphClockCmd                 0x080017ec   Section        0  stm32f10x_rcc.o(i.RCC_APB1PeriphClockCmd)
    i.RCC_APB2PeriphClockCmd                 0x0800180c   Section        0  stm32f10x_rcc.o(i.RCC_APB2PeriphClockCmd)
    i.RCC_USBCLKConfig                       0x0800182c   Section        0  stm32f10x_rcc.o(i.RCC_USBCLKConfig)
    i.Reset_Device                           0x08001838   Section        0  hw_config.o(i.Reset_Device)
    i.Resume                                 0x08001860   Section        0  usb_pwr.o(i.Resume)
    i.Resume_Init                            0x08001930   Section        0  usb_pwr.o(i.Resume_Init)
    i.SVC_Handler                            0x0800194c   Section        0  stm32_it.o(i.SVC_Handler)
    i.SetDeviceAddress                       0x08001950   Section        0  usb_core.o(i.SetDeviceAddress)
    i.SetEPRxCount                           0x080019a0   Section        0  usb_regs.o(i.SetEPRxCount)
    i.SetEPRxValid                           0x080019ec   Section        0  usb_regs.o(i.SetEPRxValid)
    i.SetEPTxCount                           0x08001a20   Section        0  usb_regs.o(i.SetEPTxCount)
    i.SetEPTxStatus                          0x08001a3c   Section        0  usb_regs.o(i.SetEPTxStatus)
    i.SetISTR                                0x08001a7c   Section        0  usb_regs.o(i.SetISTR)
    i.SetSysClock                            0x08001a88   Section        0  system_stm32f10x.o(i.SetSysClock)
    SetSysClock                              0x08001a89   Thumb Code     8  system_stm32f10x.o(i.SetSysClock)
    i.SetSysClockTo72                        0x08001a90   Section        0  system_stm32f10x.o(i.SetSysClockTo72)
    SetSysClockTo72                          0x08001a91   Thumb Code   214  system_stm32f10x.o(i.SetSysClockTo72)
    i.Set_System                             0x08001b70   Section        0  hw_config.o(i.Set_System)
    i.Set_USBClock                           0x08001bac   Section        0  hw_config.o(i.Set_USBClock)
    i.Setup0_Process                         0x08001bc0   Section        0  usb_core.o(i.Setup0_Process)
    i.Standard_ClearFeature                  0x08001c78   Section        0  usb_core.o(i.Standard_ClearFeature)
    i.Standard_GetConfiguration              0x08001de4   Section        0  usb_core.o(i.Standard_GetConfiguration)
    i.Standard_GetDescriptorData             0x08001e10   Section        0  usb_core.o(i.Standard_GetDescriptorData)
    i.Standard_GetInterface                  0x08001e34   Section        0  usb_core.o(i.Standard_GetInterface)
    i.Standard_GetStatus                     0x08001e60   Section        0  usb_core.o(i.Standard_GetStatus)
    i.Standard_SetConfiguration              0x08001f60   Section        0  usb_core.o(i.Standard_SetConfiguration)
    i.Standard_SetDeviceFeature              0x08001fa8   Section        0  usb_core.o(i.Standard_SetDeviceFeature)
    i.Standard_SetEndPointFeature            0x08001fd0   Section        0  usb_core.o(i.Standard_SetEndPointFeature)
    i.Standard_SetInterface                  0x080020a0   Section        0  usb_core.o(i.Standard_SetInterface)
    i.Suspend                                0x0800210c   Section        0  usb_pwr.o(i.Suspend)
    i.SysTick_Handler                        0x080021a0   Section        0  stm32_it.o(i.SysTick_Handler)
    i.SystemInit                             0x080021a4   Section        0  system_stm32f10x.o(i.SystemInit)
    i.UPLOAD                                 0x08002204   Section        0  usb_prop.o(i.UPLOAD)
    i.USBWakeUp_IRQHandler                   0x08002328   Section        0  stm32_it.o(i.USBWakeUp_IRQHandler)
    i.USB_Cable_Config                       0x08002334   Section        0  hw_config.o(i.USB_Cable_Config)
    i.USB_Init                               0x08002338   Section        0  usb_init.o(i.USB_Init)
    i.USB_Interrupts_Config                  0x08002374   Section        0  hw_config.o(i.USB_Interrupts_Config)
    i.USB_Istr                               0x080023b8   Section        0  usb_istr.o(i.USB_Istr)
    i.USB_LP_CAN1_RX0_IRQHandler             0x08002584   Section        0  stm32_it.o(i.USB_LP_CAN1_RX0_IRQHandler)
    i.USB_SIL_Init                           0x0800258c   Section        0  usb_sil.o(i.USB_SIL_Init)
    i.UsageFault_Handler                     0x080025b0   Section        0  stm32_it.o(i.UsageFault_Handler)
    i.UserToPMABufferCopy                    0x080025b4   Section        0  usb_mem.o(i.UserToPMABufferCopy)
    i.main                                   0x080025ec   Section        0  main.o(i.main)
    .constdata                               0x0800264c   Section       20  dfu_mal.o(.constdata)
    TimingTable                              0x0800264c   Data          20  dfu_mal.o(.constdata)
    .data                                    0x20000000   Section        9  usb_core.o(.data)
    .data                                    0x2000000c   Section       20  usb_init.o(.data)
    .data                                    0x20000020   Section        4  usb_int.o(.data)
    .data                                    0x20000024   Section       17  main.o(.data)
    .data                                    0x20000035   Section      338  usb_desc.o(.data)
    .data                                    0x20000188   Section       68  usb_istr.o(.data)
    .data                                    0x200001cc   Section      168  usb_prop.o(.data)
    .data                                    0x20000274   Section       12  usb_pwr.o(.data)
    .data                                    0x20000280   Section       16  dfu_mal.o(.data)
    .bss                                     0x20000290   Section       28  usb_init.o(.bss)
    .bss                                     0x200002ac   Section       32  usb_pwr.o(.bss)
    .bss                                     0x200002cc   Section     1024  dfu_mal.o(.bss)
    .bss                                     0x200006cc   Section       96  libspace.o(.bss)
    HEAP                                     0x20000730   Section      512  startup_stm32f10x_md.o(HEAP)
    Heap_Mem                                 0x20000730   Data         512  startup_stm32f10x_md.o(HEAP)
    STACK                                    0x20000930   Section     1024  startup_stm32f10x_md.o(STACK)
    Stack_Mem                                0x20000930   Data        1024  startup_stm32f10x_md.o(STACK)
    __initial_sp                             0x20000d30   Data           0  startup_stm32f10x_md.o(STACK)

    Global Symbols

    Symbol Name                              Value     Ov Type        Size  Object(Section)

    BuildAttributes$$THM_ISAv4$P$D$K$B$S$PE$A:L22UL41UL21$X:L11$S22US41US21$IEEE1$IW$USESV6$~STKCKD$USESV7$~SHL$OSPACE$ROPI$EBA8$UX$STANDARDLIB$REQ8$PRES8$EABIv2 0x00000000   Number         0  anon$$obj.o ABSOLUTE
    __ARM_use_no_argv                        0x00000000   Number         0  main.o ABSOLUTE
    __ARM_exceptions_init                     - Undefined Weak Reference
    __alloca_initialize                       - Undefined Weak Reference
    __arm_preinit_                            - Undefined Weak Reference
    __cpp_initialize__aeabi_                  - Undefined Weak Reference
    __cxa_finalize                            - Undefined Weak Reference
    __rt_locale                               - Undefined Weak Reference
    __sigvec_lookup                           - Undefined Weak Reference
    _atexit_init                              - Undefined Weak Reference
    _call_atexit_fns                          - Undefined Weak Reference
    _clock_init                               - Undefined Weak Reference
    _fp_trap_init                             - Undefined Weak Reference
    _fp_trap_shutdown                         - Undefined Weak Reference
    _get_lc_collate                           - Undefined Weak Reference
    _get_lc_ctype                             - Undefined Weak Reference
    _get_lc_monetary                          - Undefined Weak Reference
    _get_lc_numeric                           - Undefined Weak Reference
    _get_lc_time                              - Undefined Weak Reference
    _getenv_init                              - Undefined Weak Reference
    _handle_redirection                       - Undefined Weak Reference
    _init_alloc                               - Undefined Weak Reference
    _init_user_alloc                          - Undefined Weak Reference
    _initio                                   - Undefined Weak Reference
    _rand_init                                - Undefined Weak Reference
    _signal_finish                            - Undefined Weak Reference
    _signal_init                              - Undefined Weak Reference
    _terminate_alloc                          - Undefined Weak Reference
    _terminate_user_alloc                     - Undefined Weak Reference
    _terminateio                              - Undefined Weak Reference
    __Vectors_Size                           0x000000ec   Number         0  startup_stm32f10x_md.o ABSOLUTE
    __Vectors                                0x08000000   Data           4  startup_stm32f10x_md.o(RESET)
    __Vectors_End                            0x080000ec   Data           0  startup_stm32f10x_md.o(RESET)
    __main                                   0x080000ed   Thumb Code     8  __main.o(!!!main)
    __scatterload                            0x080000f5   Thumb Code     0  __scatter.o(!!!scatter)
    __scatterload_rt2                        0x080000f5   Thumb Code    44  __scatter.o(!!!scatter)
    __scatterload_rt2_thumb_only             0x080000f5   Thumb Code     0  __scatter.o(!!!scatter)
    __scatterload_null                       0x08000103   Thumb Code     0  __scatter.o(!!!scatter)
    __decompress                             0x08000129   Thumb Code    90  __dczerorl2.o(!!dczerorl2)
    __decompress1                            0x08000129   Thumb Code     0  __dczerorl2.o(!!dczerorl2)
    __scatterload_zeroinit                   0x08000185   Thumb Code    28  __scatter_zi.o(!!handler_zi)
    __rt_lib_init                            0x080001a1   Thumb Code     0  libinit.o(.ARM.Collect$$libinit$$00000000)
    __rt_lib_init_alloca_1                   0x080001a3   Thumb Code     0  libinit2.o(.ARM.Collect$$libinit$$0000002E)
    __rt_lib_init_argv_1                     0x080001a3   Thumb Code     0  libinit2.o(.ARM.Collect$$libinit$$0000002C)
    __rt_lib_init_atexit_1                   0x080001a3   Thumb Code     0  libinit2.o(.ARM.Collect$$libinit$$0000001B)
    __rt_lib_init_clock_1                    0x080001a3   Thumb Code     0  libinit2.o(.ARM.Collect$$libinit$$00000021)
    __rt_lib_init_cpp_1                      0x080001a3   Thumb Code     0  libinit2.o(.ARM.Collect$$libinit$$00000032)
    __rt_lib_init_exceptions_1               0x080001a3   Thumb Code     0  libinit2.o(.ARM.Collect$$libinit$$00000030)
    __rt_lib_init_fp_1                       0x080001a3   Thumb Code     0  libinit2.o(.ARM.Collect$$libinit$$00000002)
    __rt_lib_init_fp_trap_1                  0x080001a3   Thumb Code     0  libinit2.o(.ARM.Collect$$libinit$$0000001F)
    __rt_lib_init_getenv_1                   0x080001a3   Thumb Code     0  libinit2.o(.ARM.Collect$$libinit$$00000023)
    __rt_lib_init_heap_1                     0x080001a3   Thumb Code     0  libinit2.o(.ARM.Collect$$libinit$$0000000A)
    __rt_lib_init_lc_collate_1               0x080001a3   Thumb Code     0  libinit2.o(.ARM.Collect$$libinit$$00000011)
    __rt_lib_init_lc_ctype_1                 0x080001a3   Thumb Code     0  libinit2.o(.ARM.Collect$$libinit$$00000013)
    __rt_lib_init_lc_monetary_1              0x080001a3   Thumb Code     0  libinit2.o(.ARM.Collect$$libinit$$00000015)
    __rt_lib_init_lc_numeric_1               0x080001a3   Thumb Code     0  libinit2.o(.ARM.Collect$$libinit$$00000017)
    __rt_lib_init_lc_time_1                  0x080001a3   Thumb Code     0  libinit2.o(.ARM.Collect$$libinit$$00000019)
    __rt_lib_init_preinit_1                  0x080001a3   Thumb Code     0  libinit2.o(.ARM.Collect$$libinit$$00000004)
    __rt_lib_init_rand_1                     0x080001a3   Thumb Code     0  libinit2.o(.ARM.Collect$$libinit$$0000000E)
    __rt_lib_init_return                     0x080001a3   Thumb Code     0  libinit2.o(.ARM.Collect$$libinit$$00000033)
    __rt_lib_init_signal_1                   0x080001a3   Thumb Code     0  libinit2.o(.ARM.Collect$$libinit$$0000001D)
    __rt_lib_init_stdio_1                    0x080001a3   Thumb Code     0  libinit2.o(.ARM.Collect$$libinit$$00000025)
    __rt_lib_init_user_alloc_1               0x080001a3   Thumb Code     0  libinit2.o(.ARM.Collect$$libinit$$0000000C)
    __rt_lib_shutdown                        0x080001a5   Thumb Code     0  libshutdown.o(.ARM.Collect$$libshutdown$$00000000)
    __rt_lib_shutdown_cpp_1                  0x080001a7   Thumb Code     0  libshutdown2.o(.ARM.Collect$$libshutdown$$00000002)
    __rt_lib_shutdown_fp_trap_1              0x080001a7   Thumb Code     0  libshutdown2.o(.ARM.Collect$$libshutdown$$00000007)
    __rt_lib_shutdown_heap_1                 0x080001a7   Thumb Code     0  libshutdown2.o(.ARM.Collect$$libshutdown$$0000000F)
    __rt_lib_shutdown_return                 0x080001a7   Thumb Code     0  libshutdown2.o(.ARM.Collect$$libshutdown$$00000010)
    __rt_lib_shutdown_signal_1               0x080001a7   Thumb Code     0  libshutdown2.o(.ARM.Collect$$libshutdown$$0000000A)
    __rt_lib_shutdown_stdio_1                0x080001a7   Thumb Code     0  libshutdown2.o(.ARM.Collect$$libshutdown$$00000004)
    __rt_lib_shutdown_user_alloc_1           0x080001a7   Thumb Code     0  libshutdown2.o(.ARM.Collect$$libshutdown$$0000000C)
    __rt_entry                               0x080001a9   Thumb Code     0  __rtentry.o(.ARM.Collect$$rtentry$$00000000)
    __rt_entry_presh_1                       0x080001a9   Thumb Code     0  __rtentry2.o(.ARM.Collect$$rtentry$$00000002)
    __rt_entry_sh                            0x080001a9   Thumb Code     0  __rtentry4.o(.ARM.Collect$$rtentry$$00000004)
    __rt_entry_li                            0x080001af   Thumb Code     0  __rtentry2.o(.ARM.Collect$$rtentry$$0000000A)
    __rt_entry_postsh_1                      0x080001af   Thumb Code     0  __rtentry2.o(.ARM.Collect$$rtentry$$00000009)
    __rt_entry_main                          0x080001b3   Thumb Code     0  __rtentry2.o(.ARM.Collect$$rtentry$$0000000D)
    __rt_entry_postli_1                      0x080001b3   Thumb Code     0  __rtentry2.o(.ARM.Collect$$rtentry$$0000000C)
    __rt_exit                                0x080001bb   Thumb Code     0  rtexit.o(.ARM.Collect$$rtexit$$00000000)
    __rt_exit_ls                             0x080001bd   Thumb Code     0  rtexit2.o(.ARM.Collect$$rtexit$$00000003)
    __rt_exit_prels_1                        0x080001bd   Thumb Code     0  rtexit2.o(.ARM.Collect$$rtexit$$00000002)
    __rt_exit_exit                           0x080001c1   Thumb Code     0  rtexit2.o(.ARM.Collect$$rtexit$$00000004)
    __get_PSP                                0x080001c9   Thumb Code     6  core_cm3.o(.emb_text)
    __set_PSP                                0x080001cf   Thumb Code     6  core_cm3.o(.emb_text)
    __get_MSP                                0x080001d5   Thumb Code     6  core_cm3.o(.emb_text)
    __set_MSP                                0x080001db   Thumb Code     6  core_cm3.o(.emb_text)
    __REV16                                  0x080001e1   Thumb Code     4  core_cm3.o(.emb_text)
    __REVSH                                  0x080001e5   Thumb Code     4  core_cm3.o(.emb_text)
    Reset_Handler                            0x080001e9   Thumb Code     8  startup_stm32f10x_md.o(.text)
    ADC1_2_IRQHandler                        0x08000203   Thumb Code     0  startup_stm32f10x_md.o(.text)
    CAN1_RX1_IRQHandler                      0x08000203   Thumb Code     0  startup_stm32f10x_md.o(.text)
    CAN1_SCE_IRQHandler                      0x08000203   Thumb Code     0  startup_stm32f10x_md.o(.text)
    DMA1_Channel1_IRQHandler                 0x08000203   Thumb Code     0  startup_stm32f10x_md.o(.text)
    DMA1_Channel2_IRQHandler                 0x08000203   Thumb Code     0  startup_stm32f10x_md.o(.text)
    DMA1_Channel3_IRQHandler                 0x08000203   Thumb Code     0  startup_stm32f10x_md.o(.text)
    DMA1_Channel4_IRQHandler                 0x08000203   Thumb Code     0  startup_stm32f10x_md.o(.text)
    DMA1_Channel5_IRQHandler                 0x08000203   Thumb Code     0  startup_stm32f10x_md.o(.text)
    DMA1_Channel6_IRQHandler                 0x08000203   Thumb Code     0  startup_stm32f10x_md.o(.text)
    DMA1_Channel7_IRQHandler                 0x08000203   Thumb Code     0  startup_stm32f10x_md.o(.text)
    EXTI0_IRQHandler                         0x08000203   Thumb Code     0  startup_stm32f10x_md.o(.text)
    EXTI15_10_IRQHandler                     0x08000203   Thumb Code     0  startup_stm32f10x_md.o(.text)
    EXTI1_IRQHandler                         0x08000203   Thumb Code     0  startup_stm32f10x_md.o(.text)
    EXTI2_IRQHandler                         0x08000203   Thumb Code     0  startup_stm32f10x_md.o(.text)
    EXTI3_IRQHandler                         0x08000203   Thumb Code     0  startup_stm32f10x_md.o(.text)
    EXTI4_IRQHandler                         0x08000203   Thumb Code     0  startup_stm32f10x_md.o(.text)
    EXTI9_5_IRQHandler                       0x08000203   Thumb Code     0  startup_stm32f10x_md.o(.text)
    FLASH_IRQHandler                         0x08000203   Thumb Code     0  startup_stm32f10x_md.o(.text)
    I2C1_ER_IRQHandler                       0x08000203   Thumb Code     0  startup_stm32f10x_md.o(.text)
    I2C1_EV_IRQHandler                       0x08000203   Thumb Code     0  startup_stm32f10x_md.o(.text)
    I2C2_ER_IRQHandler                       0x08000203   Thumb Code     0  startup_stm32f10x_md.o(.text)
    I2C2_EV_IRQHandler                       0x08000203   Thumb Code     0  startup_stm32f10x_md.o(.text)
    PVD_IRQHandler                           0x08000203   Thumb Code     0  startup_stm32f10x_md.o(.text)
    RCC_IRQHandler                           0x08000203   Thumb Code     0  startup_stm32f10x_md.o(.text)
    RTCAlarm_IRQHandler                      0x08000203   Thumb Code     0  startup_stm32f10x_md.o(.text)
    RTC_IRQHandler                           0x08000203   Thumb Code     0  startup_stm32f10x_md.o(.text)
    SPI1_IRQHandler                          0x08000203   Thumb Code     0  startup_stm32f10x_md.o(.text)
    SPI2_IRQHandler                          0x08000203   Thumb Code     0  startup_stm32f10x_md.o(.text)
    TAMPER_IRQHandler                        0x08000203   Thumb Code     0  startup_stm32f10x_md.o(.text)
    TIM1_BRK_IRQHandler                      0x08000203   Thumb Code     0  startup_stm32f10x_md.o(.text)
    TIM1_CC_IRQHandler                       0x08000203   Thumb Code     0  startup_stm32f10x_md.o(.text)
    TIM1_TRG_COM_IRQHandler                  0x08000203   Thumb Code     0  startup_stm32f10x_md.o(.text)
    TIM1_UP_IRQHandler                       0x08000203   Thumb Code     0  startup_stm32f10x_md.o(.text)
    TIM2_IRQHandler                          0x08000203   Thumb Code     0  startup_stm32f10x_md.o(.text)
    TIM3_IRQHandler                          0x08000203   Thumb Code     0  startup_stm32f10x_md.o(.text)
    TIM4_IRQHandler                          0x08000203   Thumb Code     0  startup_stm32f10x_md.o(.text)
    USART1_IRQHandler                        0x08000203   Thumb Code     0  startup_stm32f10x_md.o(.text)
    USART2_IRQHandler                        0x08000203   Thumb Code     0  startup_stm32f10x_md.o(.text)
    USART3_IRQHandler                        0x08000203   Thumb Code     0  startup_stm32f10x_md.o(.text)
    USB_HP_CAN1_TX_IRQHandler                0x08000203   Thumb Code     0  startup_stm32f10x_md.o(.text)
    WWDG_IRQHandler                          0x08000203   Thumb Code     0  startup_stm32f10x_md.o(.text)
    __user_initial_stackheap                 0x08000205   Thumb Code     0  startup_stm32f10x_md.o(.text)
    __use_two_region_memory                  0x08000229   Thumb Code     2  heapauxi.o(.text)
    __rt_heap_escrow$2region                 0x0800022b   Thumb Code     2  heapauxi.o(.text)
    __rt_heap_expand$2region                 0x0800022d   Thumb Code     2  heapauxi.o(.text)
    __user_setup_stackheap                   0x0800022f   Thumb Code    74  sys_stackheap_outer.o(.text)
    exit                                     0x08000279   Thumb Code    18  exit.o(.text)
    __user_libspace                          0x0800028d   Thumb Code     8  libspace.o(.text)
    __user_perproc_libspace                  0x0800028d   Thumb Code     0  libspace.o(.text)
    __user_perthread_libspace                0x0800028d   Thumb Code     0  libspace.o(.text)
    _sys_exit                                0x08000295   Thumb Code     8  sys_exit.o(.text)
    __I$use$semihosting                      0x080002a1   Thumb Code     0  use_no_semi.o(.text)
    __use_no_semihosting_swi                 0x080002a1   Thumb Code     2  use_no_semi.o(.text)
    BusFault_Handler                         0x080002a3   Thumb Code     4  stm32_it.o(i.BusFault_Handler)
    __semihosting_library_function           0x080002a3   Thumb Code     0  indicate_semi.o(.text)
    ByteSwap                                 0x080002a7   Thumb Code    12  usb_regs.o(i.ByteSwap)
    CTR_LP                                   0x080002b5   Thumb Code   616  usb_int.o(i.CTR_LP)
    ClearDTOG_RX                             0x0800053d   Thumb Code    48  usb_regs.o(i.ClearDTOG_RX)
    ClearDTOG_TX                             0x08000571   Thumb Code    48  usb_regs.o(i.ClearDTOG_TX)
    Clear_Status_Out                         0x080005a5   Thumb Code    34  usb_regs.o(i.Clear_Status_Out)
    DFU_Button_Config                        0x080005cd   Thumb Code    30  hw_config.o(i.DFU_Button_Config)
    DFU_Data_Setup                           0x080005f1   Thumb Code   126  usb_prop.o(i.DFU_Data_Setup)
    DFU_GetConfigDescriptor                  0x08000689   Thumb Code    14  usb_prop.o(i.DFU_GetConfigDescriptor)
    DFU_GetDeviceDescriptor                  0x0800069d   Thumb Code    14  usb_prop.o(i.DFU_GetDeviceDescriptor)
    DFU_GetStringDescriptor                  0x080006b1   Thumb Code    32  usb_prop.o(i.DFU_GetStringDescriptor)
    DFU_Get_Interface_Setting                0x080006d9   Thumb Code    22  usb_prop.o(i.DFU_Get_Interface_Setting)
    DFU_NoData_Setup                         0x080006f1   Thumb Code   264  usb_prop.o(i.DFU_NoData_Setup)
    DFU_Reset                                0x08000811   Thumb Code   156  usb_prop.o(i.DFU_Reset)
    DFU_SetConfiguration                     0x080008c9   Thumb Code    14  usb_prop.o(i.DFU_SetConfiguration)
    DFU_SetDeviceAddress                     0x080008e1   Thumb Code     8  usb_prop.o(i.DFU_SetDeviceAddress)
    DFU_Status_In                            0x080008ed   Thumb Code     2  usb_prop.o(i.DFU_Status_In)
    DFU_Status_Out                           0x080008f1   Thumb Code   272  usb_prop.o(i.DFU_Status_Out)
    DFU_init                                 0x08000a1d   Thumb Code    32  usb_prop.o(i.DFU_init)
    DFU_write_crc                            0x08000a45   Thumb Code    74  usb_prop.o(i.DFU_write_crc)
    DNLOAD                                   0x08000aa1   Thumb Code    96  usb_prop.o(i.DNLOAD)
    DebugMon_Handler                         0x08000f55   Thumb Code     2  stm32_it.o(i.DebugMon_Handler)
    EXTI_ClearITPendingBit                   0x08000f59   Thumb Code     6  stm32f10x_exti.o(i.EXTI_ClearITPendingBit)
    FLASH_ErasePage                          0x08000f65   Thumb Code    72  stm32f10x_flash.o(i.FLASH_ErasePage)
    FLASH_GetBank1Status                     0x08000fb1   Thumb Code    48  stm32f10x_flash.o(i.FLASH_GetBank1Status)
    FLASH_If_Erase                           0x08000fe5   Thumb Code    14  flash_if.o(i.FLASH_If_Erase)
    FLASH_If_Init                            0x08000ff3   Thumb Code     4  flash_if.o(i.FLASH_If_Init)
    FLASH_If_Read                            0x08000ff7   Thumb Code     2  flash_if.o(i.FLASH_If_Read)
    FLASH_If_Write                           0x08000ff9   Thumb Code    66  flash_if.o(i.FLASH_If_Write)
    FLASH_ProgramWord                        0x08001041   Thumb Code   102  stm32f10x_flash.o(i.FLASH_ProgramWord)
    FLASH_Unlock                             0x080010ad   Thumb Code    12  stm32f10x_flash.o(i.FLASH_Unlock)
    FLASH_WaitForLastOperation               0x080010c5   Thumb Code    38  stm32f10x_flash.o(i.FLASH_WaitForLastOperation)
    GETSTATE                                 0x080010ed   Thumb Code    20  usb_prop.o(i.GETSTATE)
    GETSTATUS                                0x08001109   Thumb Code   202  usb_prop.o(i.GETSTATUS)
    GPIO_Init                                0x080011f9   Thumb Code   278  stm32f10x_gpio.o(i.GPIO_Init)
    GetEPRxAddr                              0x08001311   Thumb Code    24  usb_regs.o(i.GetEPRxAddr)
    GetEPTxAddr                              0x08001331   Thumb Code    22  usb_regs.o(i.GetEPTxAddr)
    Get_SerialNum                            0x08001351   Thumb Code    42  hw_config.o(i.Get_SerialNum)
    HardFault_Handler                        0x08001385   Thumb Code     4  stm32_it.o(i.HardFault_Handler)
    In0_Process                              0x08001389   Thumb Code    98  usb_core.o(i.In0_Process)
    MAL_Erase                                0x08001439   Thumb Code    38  dfu_mal.o(i.MAL_Erase)
    MAL_GetStatus                            0x08001469   Thumb Code    44  dfu_mal.o(i.MAL_GetStatus)
    MAL_Init                                 0x08001499   Thumb Code    10  dfu_mal.o(i.MAL_Init)
    MAL_Read                                 0x080014a5   Thumb Code    42  dfu_mal.o(i.MAL_Read)
    MAL_Write                                0x080014d9   Thumb Code    42  dfu_mal.o(i.MAL_Write)
    MemManage_Handler                        0x0800150d   Thumb Code     4  stm32_it.o(i.MemManage_Handler)
    NMI_Handler                              0x08001511   Thumb Code     2  stm32_it.o(i.NMI_Handler)
    NOP_Process                              0x08001513   Thumb Code     2  usb_core.o(i.NOP_Process)
    NVIC_Init                                0x08001515   Thumb Code   100  misc.o(i.NVIC_Init)
    NVIC_PriorityGroupConfig                 0x08001585   Thumb Code    10  misc.o(i.NVIC_PriorityGroupConfig)
    Out0_Process                             0x080016d9   Thumb Code    70  usb_core.o(i.Out0_Process)
    PMAToUserBufferCopy                      0x08001729   Thumb Code    34  usb_mem.o(i.PMAToUserBufferCopy)
    PendSV_Handler                           0x08001751   Thumb Code     2  stm32_it.o(i.PendSV_Handler)
    Post0_Process                            0x08001755   Thumb Code    54  usb_core.o(i.Post0_Process)
    PowerOn                                  0x0800179d   Thumb Code    70  usb_pwr.o(i.PowerOn)
    RCC_APB1PeriphClockCmd                   0x080017ed   Thumb Code    26  stm32f10x_rcc.o(i.RCC_APB1PeriphClockCmd)
    RCC_APB2PeriphClockCmd                   0x0800180d   Thumb Code    26  stm32f10x_rcc.o(i.RCC_APB2PeriphClockCmd)
    RCC_USBCLKConfig                         0x0800182d   Thumb Code     6  stm32f10x_rcc.o(i.RCC_USBCLKConfig)
    Reset_Device                             0x08001839   Thumb Code    30  hw_config.o(i.Reset_Device)
    Resume                                   0x08001861   Thumb Code   194  usb_pwr.o(i.Resume)
    Resume_Init                              0x08001931   Thumb Code    24  usb_pwr.o(i.Resume_Init)
    SVC_Handler                              0x0800194d   Thumb Code     2  stm32_it.o(i.SVC_Handler)
    SetDeviceAddress                         0x08001951   Thumb Code    68  usb_core.o(i.SetDeviceAddress)
    SetEPRxCount                             0x080019a1   Thumb Code    68  usb_regs.o(i.SetEPRxCount)
    SetEPRxValid                             0x080019ed   Thumb Code    48  usb_regs.o(i.SetEPRxValid)
    SetEPTxCount                             0x08001a21   Thumb Code    20  usb_regs.o(i.SetEPTxCount)
    SetEPTxStatus                            0x08001a3d   Thumb Code    60  usb_regs.o(i.SetEPTxStatus)
    SetISTR                                  0x08001a7d   Thumb Code     6  usb_regs.o(i.SetISTR)
    Set_System                               0x08001b71   Thumb Code    56  hw_config.o(i.Set_System)
    Set_USBClock                             0x08001bad   Thumb Code    18  hw_config.o(i.Set_USBClock)
    Setup0_Process                           0x08001bc1   Thumb Code   170  usb_core.o(i.Setup0_Process)
    Standard_ClearFeature                    0x08001c79   Thumb Code   342  usb_core.o(i.Standard_ClearFeature)
    Standard_GetConfiguration                0x08001de5   Thumb Code    34  usb_core.o(i.Standard_GetConfiguration)
    Standard_GetDescriptorData               0x08001e11   Thumb Code    32  usb_core.o(i.Standard_GetDescriptorData)
    Standard_GetInterface                    0x08001e35   Thumb Code    34  usb_core.o(i.Standard_GetInterface)
    Standard_GetStatus                       0x08001e61   Thumb Code   238  usb_core.o(i.Standard_GetStatus)
    Standard_SetConfiguration                0x08001f61   Thumb Code    60  usb_core.o(i.Standard_SetConfiguration)
    Standard_SetDeviceFeature                0x08001fa9   Thumb Code    30  usb_core.o(i.Standard_SetDeviceFeature)
    Standard_SetEndPointFeature              0x08001fd1   Thumb Code   192  usb_core.o(i.Standard_SetEndPointFeature)
    Standard_SetInterface                    0x080020a1   Thumb Code    96  usb_core.o(i.Standard_SetInterface)
    Suspend                                  0x0800210d   Thumb Code   134  usb_pwr.o(i.Suspend)
    SysTick_Handler                          0x080021a1   Thumb Code     2  stm32_it.o(i.SysTick_Handler)
    SystemInit                               0x080021a5   Thumb Code    78  system_stm32f10x.o(i.SystemInit)
    UPLOAD                                   0x08002205   Thumb Code   260  usb_prop.o(i.UPLOAD)
    USBWakeUp_IRQHandler                     0x08002329   Thumb Code    12  stm32_it.o(i.USBWakeUp_IRQHandler)
    USB_Cable_Config                         0x08002335   Thumb Code     2  hw_config.o(i.USB_Cable_Config)
    USB_Init                                 0x08002339   Thumb Code    36  usb_init.o(i.USB_Init)
    USB_Interrupts_Config                    0x08002375   Thumb Code    66  hw_config.o(i.USB_Interrupts_Config)
    USB_Istr                                 0x080023b9   Thumb Code   422  usb_istr.o(i.USB_Istr)
    USB_LP_CAN1_RX0_IRQHandler               0x08002585   Thumb Code     8  stm32_it.o(i.USB_LP_CAN1_RX0_IRQHandler)
    USB_SIL_Init                             0x0800258d   Thumb Code    28  usb_sil.o(i.USB_SIL_Init)
    UsageFault_Handler                       0x080025b1   Thumb Code     4  stm32_it.o(i.UsageFault_Handler)
    UserToPMABufferCopy                      0x080025b5   Thumb Code    52  usb_mem.o(i.UserToPMABufferCopy)
    main                                     0x080025ed   Thumb Code    74  main.o(i.main)
    Region$$Table$$Base                      0x08002660   Number         0  anon$$obj.o(Region$$Table)
    Region$$Table$$Limit                     0x08002680   Number         0  anon$$obj.o(Region$$Table)
    StatusInfo                               0x20000000   Data           2  usb_core.o(.data)
    DevRemoteWakeup                          0x20000004   Data           4  usb_core.o(.data)
    Data_Mul_MaxPacketSize                   0x20000008   Data           1  usb_core.o(.data)
    EPindex                                  0x2000000c   Data           1  usb_init.o(.data)
    pInformation                             0x20000010   Data           4  usb_init.o(.data)
    pProperty                                0x20000014   Data           4  usb_init.o(.data)
    SaveState                                0x20000018   Data           2  usb_init.o(.data)
    wInterrupt_Mask                          0x2000001a   Data           2  usb_init.o(.data)
    pUser_Standard_Requests                  0x2000001c   Data           4  usb_init.o(.data)
    SaveRState                               0x20000020   Data           2  usb_int.o(.data)
    SaveTState                               0x20000022   Data           2  usb_int.o(.data)
    DeviceState                              0x20000024   Data           1  main.o(.data)
    DeviceStatus                             0x20000025   Data           6  main.o(.data)
    Jump_To_Application                      0x2000002c   Data           4  main.o(.data)
    JumpAddress                              0x20000030   Data           4  main.o(.data)
    PrevXferComplete                         0x20000034   Data           1  main.o(.data)
    DFU_DeviceDescriptor                     0x20000035   Data          18  usb_desc.o(.data)
    DFU_ConfigDescriptor                     0x20000047   Data          36  usb_desc.o(.data)
    DFU_StringLangId                         0x2000006b   Data           4  usb_desc.o(.data)
    DFU_StringVendor                         0x2000006f   Data          38  usb_desc.o(.data)
    DFU_StringProduct                        0x20000095   Data          20  usb_desc.o(.data)
    DFU_StringSerial                         0x200000a9   Data          26  usb_desc.o(.data)
    DFU_StringInterface0                     0x200000c3   Data          98  usb_desc.o(.data)
    DFU_StringInterface1                     0x20000125   Data          98  usb_desc.o(.data)
    wIstr                                    0x20000188   Data           2  usb_istr.o(.data)
    bIntPackSOF                              0x2000018a   Data           1  usb_istr.o(.data)
    esof_counter                             0x2000018c   Data           4  usb_istr.o(.data)
    wCNTR                                    0x20000190   Data           4  usb_istr.o(.data)
    pEpInt_IN                                0x20000194   Data          28  usb_istr.o(.data)
    pEpInt_OUT                               0x200001b0   Data          28  usb_istr.o(.data)
    wBlockNum                                0x200001cc   Data           4  usb_prop.o(.data)
    wlength                                  0x200001d0   Data           4  usb_prop.o(.data)
    Manifest_State                           0x200001d4   Data           4  usb_prop.o(.data)
    Pointer                                  0x200001d8   Data           4  usb_prop.o(.data)
    Device_Table                             0x200001dc   Data           2  usb_prop.o(.data)
    Device_Property                          0x200001e0   Data          48  usb_prop.o(.data)
    User_Standard_Requests                   0x20000210   Data          36  usb_prop.o(.data)
    Device_Descriptor                        0x20000234   Data           8  usb_prop.o(.data)
    Config_Descriptor                        0x2000023c   Data           8  usb_prop.o(.data)
    DFU_String_Descriptor                    0x20000244   Data          48  usb_prop.o(.data)
    bDeviceState                             0x20000274   Data           4  usb_pwr.o(.data)
    fSuspendEnabled                          0x20000278   Data           1  usb_pwr.o(.data)
    ResumeS                                  0x20000279   Data           2  usb_pwr.o(.data)
    remotewakeupon                           0x2000027c   Data           4  usb_pwr.o(.data)
    pMAL_Init                                0x20000280   Data           4  dfu_mal.o(.data)
    pMAL_Erase                               0x20000284   Data           4  dfu_mal.o(.data)
    pMAL_Write                               0x20000288   Data           4  dfu_mal.o(.data)
    pMAL_Read                                0x2000028c   Data           4  dfu_mal.o(.data)
    Device_Info                              0x20000290   Data          28  usb_init.o(.bss)
    EP                                       0x200002ac   Data          32  usb_pwr.o(.bss)
    MAL_Buffer                               0x200002cc   Data        1024  dfu_mal.o(.bss)
    __libspace_start                         0x200006cc   Data          96  libspace.o(.bss)
    __temporary_stack_top$libspace           0x2000072c   Data           0  libspace.o(.bss)



==============================================================================

Memory Map of the image

  Image Entry point : 0x080000ed

  Load Region LR_IROM1 (Base: 0x08000000, Size: 0x00002910, Max: 0x00020000, ABSOLUTE, COMPRESSED[0x000027b4])

    Execution Region ER_IROM1 (Exec base: 0x08000000, Load base: 0x08000000, Size: 0x00002680, Max: 0x00020000, ABSOLUTE)

    Exec Addr    Load Addr    Size         Type   Attr      Idx    E Section Name        Object

    0x08000000   0x08000000   0x000000ec   Data   RO          664    RESET               startup_stm32f10x_md.o
    0x080000ec   0x080000ec   0x00000008   Code   RO         2017  * !!!main             c_w.l(__main.o)
    0x080000f4   0x080000f4   0x00000034   Code   RO         2176    !!!scatter          c_w.l(__scatter.o)
    0x08000128   0x08000128   0x0000005a   Code   RO         2174    !!dczerorl2         c_w.l(__dczerorl2.o)
    0x08000182   0x08000182   0x00000002   PAD
    0x08000184   0x08000184   0x0000001c   Code   RO         2178    !!handler_zi        c_w.l(__scatter_zi.o)
    0x080001a0   0x080001a0   0x00000002   Code   RO         2044    .ARM.Collect$$libinit$$00000000  c_w.l(libinit.o)
    0x080001a2   0x080001a2   0x00000000   Code   RO         2051    .ARM.Collect$$libinit$$00000002  c_w.l(libinit2.o)
    0x080001a2   0x080001a2   0x00000000   Code   RO         2053    .ARM.Collect$$libinit$$00000004  c_w.l(libinit2.o)
    0x080001a2   0x080001a2   0x00000000   Code   RO         2056    .ARM.Collect$$libinit$$0000000A  c_w.l(libinit2.o)
    0x080001a2   0x080001a2   0x00000000   Code   RO         2058    .ARM.Collect$$libinit$$0000000C  c_w.l(libinit2.o)
    0x080001a2   0x080001a2   0x00000000   Code   RO         2060    .ARM.Collect$$libinit$$0000000E  c_w.l(libinit2.o)
    0x080001a2   0x080001a2   0x00000000   Code   RO         2063    .ARM.Collect$$libinit$$00000011  c_w.l(libinit2.o)
    0x080001a2   0x080001a2   0x00000000   Code   RO         2065    .ARM.Collect$$libinit$$00000013  c_w.l(libinit2.o)
    0x080001a2   0x080001a2   0x00000000   Code   RO         2067    .ARM.Collect$$libinit$$00000015  c_w.l(libinit2.o)
    0x080001a2   0x080001a2   0x00000000   Code   RO         2069    .ARM.Collect$$libinit$$00000017  c_w.l(libinit2.o)
    0x080001a2   0x080001a2   0x00000000   Code   RO         2071    .ARM.Collect$$libinit$$00000019  c_w.l(libinit2.o)
    0x080001a2   0x080001a2   0x00000000   Code   RO         2073    .ARM.Collect$$libinit$$0000001B  c_w.l(libinit2.o)
    0x080001a2   0x080001a2   0x00000000   Code   RO         2075    .ARM.Collect$$libinit$$0000001D  c_w.l(libinit2.o)
    0x080001a2   0x080001a2   0x00000000   Code   RO         2077    .ARM.Collect$$libinit$$0000001F  c_w.l(libinit2.o)
    0x080001a2   0x080001a2   0x00000000   Code   RO         2079    .ARM.Collect$$libinit$$00000021  c_w.l(libinit2.o)
    0x080001a2   0x080001a2   0x00000000   Code   RO         2081    .ARM.Collect$$libinit$$00000023  c_w.l(libinit2.o)
    0x080001a2   0x080001a2   0x00000000   Code   RO         2083    .ARM.Collect$$libinit$$00000025  c_w.l(libinit2.o)
    0x080001a2   0x080001a2   0x00000000   Code   RO         2087    .ARM.Collect$$libinit$$0000002C  c_w.l(libinit2.o)
    0x080001a2   0x080001a2   0x00000000   Code   RO         2089    .ARM.Collect$$libinit$$0000002E  c_w.l(libinit2.o)
    0x080001a2   0x080001a2   0x00000000   Code   RO         2091    .ARM.Collect$$libinit$$00000030  c_w.l(libinit2.o)
    0x080001a2   0x080001a2   0x00000000   Code   RO         2093    .ARM.Collect$$libinit$$00000032  c_w.l(libinit2.o)
    0x080001a2   0x080001a2   0x00000002   Code   RO         2094    .ARM.Collect$$libinit$$00000033  c_w.l(libinit2.o)
    0x080001a4   0x080001a4   0x00000002   Code   RO         2114    .ARM.Collect$$libshutdown$$00000000  c_w.l(libshutdown.o)
    0x080001a6   0x080001a6   0x00000000   Code   RO         2127    .ARM.Collect$$libshutdown$$00000002  c_w.l(libshutdown2.o)
    0x080001a6   0x080001a6   0x00000000   Code   RO         2129    .ARM.Collect$$libshutdown$$00000004  c_w.l(libshutdown2.o)
    0x080001a6   0x080001a6   0x00000000   Code   RO         2132    .ARM.Collect$$libshutdown$$00000007  c_w.l(libshutdown2.o)
    0x080001a6   0x080001a6   0x00000000   Code   RO         2135    .ARM.Collect$$libshutdown$$0000000A  c_w.l(libshutdown2.o)
    0x080001a6   0x080001a6   0x00000000   Code   RO         2137    .ARM.Collect$$libshutdown$$0000000C  c_w.l(libshutdown2.o)
    0x080001a6   0x080001a6   0x00000000   Code   RO         2140    .ARM.Collect$$libshutdown$$0000000F  c_w.l(libshutdown2.o)
    0x080001a6   0x080001a6   0x00000002   Code   RO         2141    .ARM.Collect$$libshutdown$$00000010  c_w.l(libshutdown2.o)
    0x080001a8   0x080001a8   0x00000000   Code   RO         2019    .ARM.Collect$$rtentry$$00000000  c_w.l(__rtentry.o)
    0x080001a8   0x080001a8   0x00000000   Code   RO         2021    .ARM.Collect$$rtentry$$00000002  c_w.l(__rtentry2.o)
    0x080001a8   0x080001a8   0x00000006   Code   RO         2033    .ARM.Collect$$rtentry$$00000004  c_w.l(__rtentry4.o)
    0x080001ae   0x080001ae   0x00000000   Code   RO         2023    .ARM.Collect$$rtentry$$00000009  c_w.l(__rtentry2.o)
    0x080001ae   0x080001ae   0x00000004   Code   RO         2024    .ARM.Collect$$rtentry$$0000000A  c_w.l(__rtentry2.o)
    0x080001b2   0x080001b2   0x00000000   Code   RO         2026    .ARM.Collect$$rtentry$$0000000C  c_w.l(__rtentry2.o)
    0x080001b2   0x080001b2   0x00000008   Code   RO         2027    .ARM.Collect$$rtentry$$0000000D  c_w.l(__rtentry2.o)
    0x080001ba   0x080001ba   0x00000002   Code   RO         2048    .ARM.Collect$$rtexit$$00000000  c_w.l(rtexit.o)
    0x080001bc   0x080001bc   0x00000000   Code   RO         2096    .ARM.Collect$$rtexit$$00000002  c_w.l(rtexit2.o)
    0x080001bc   0x080001bc   0x00000004   Code   RO         2097    .ARM.Collect$$rtexit$$00000003  c_w.l(rtexit2.o)
    0x080001c0   0x080001c0   0x00000006   Code   RO         2098    .ARM.Collect$$rtexit$$00000004  c_w.l(rtexit2.o)
    0x080001c6   0x080001c6   0x00000002   PAD
    0x080001c8   0x080001c8   0x00000020   Code   RO          651    .emb_text           core_cm3.o
    0x080001e8   0x080001e8   0x00000040   Code   RO          665    .text               startup_stm32f10x_md.o
    0x08000228   0x08000228   0x00000006   Code   RO         2015    .text               c_w.l(heapauxi.o)
    0x0800022e   0x0800022e   0x0000004a   Code   RO         2035    .text               c_w.l(sys_stackheap_outer.o)
    0x08000278   0x08000278   0x00000012   Code   RO         2037    .text               c_w.l(exit.o)
    0x0800028a   0x0800028a   0x00000002   PAD
    0x0800028c   0x0800028c   0x00000008   Code   RO         2045    .text               c_w.l(libspace.o)
    0x08000294   0x08000294   0x0000000c   Code   RO         2106    .text               c_w.l(sys_exit.o)
    0x080002a0   0x080002a0   0x00000002   Code   RO         2117    .text               c_w.l(use_no_semi.o)
    0x080002a2   0x080002a2   0x00000000   Code   RO         2119    .text               c_w.l(indicate_semi.o)
    0x080002a2   0x080002a2   0x00000004   Code   RO          818    i.BusFault_Handler  stm32_it.o
    0x080002a6   0x080002a6   0x0000000c   Code   RO          267    i.ByteSwap          usb_regs.o
    0x080002b2   0x080002b2   0x00000002   PAD
    0x080002b4   0x080002b4   0x00000288   Code   RO          220    i.CTR_LP            usb_int.o
    0x0800053c   0x0800053c   0x00000034   Code   RO          268    i.ClearDTOG_RX      usb_regs.o
    0x08000570   0x08000570   0x00000034   Code   RO          269    i.ClearDTOG_TX      usb_regs.o
    0x080005a4   0x080005a4   0x00000028   Code   RO          274    i.Clear_Status_Out  usb_regs.o
    0x080005cc   0x080005cc   0x00000024   Code   RO          716    i.DFU_Button_Config  hw_config.o
    0x080005f0   0x080005f0   0x00000098   Code   RO          940    i.DFU_Data_Setup    usb_prop.o
    0x08000688   0x08000688   0x00000014   Code   RO          941    i.DFU_GetConfigDescriptor  usb_prop.o
    0x0800069c   0x0800069c   0x00000014   Code   RO          942    i.DFU_GetDeviceDescriptor  usb_prop.o
    0x080006b0   0x080006b0   0x00000028   Code   RO          943    i.DFU_GetStringDescriptor  usb_prop.o
    0x080006d8   0x080006d8   0x00000016   Code   RO          944    i.DFU_Get_Interface_Setting  usb_prop.o
    0x080006ee   0x080006ee   0x00000002   PAD
    0x080006f0   0x080006f0   0x00000120   Code   RO          945    i.DFU_NoData_Setup  usb_prop.o
    0x08000810   0x08000810   0x000000b8   Code   RO          946    i.DFU_Reset         usb_prop.o
    0x080008c8   0x080008c8   0x00000018   Code   RO          947    i.DFU_SetConfiguration  usb_prop.o
    0x080008e0   0x080008e0   0x0000000c   Code   RO          948    i.DFU_SetDeviceAddress  usb_prop.o
    0x080008ec   0x080008ec   0x00000002   Code   RO          949    i.DFU_Status_In     usb_prop.o
    0x080008ee   0x080008ee   0x00000002   PAD
    0x080008f0   0x080008f0   0x0000012c   Code   RO          950    i.DFU_Status_Out    usb_prop.o
    0x08000a1c   0x08000a1c   0x00000028   Code   RO          951    i.DFU_init          usb_prop.o
    0x08000a44   0x08000a44   0x0000005c   Code   RO          952    i.DFU_write_crc     usb_prop.o
    0x08000aa0   0x08000aa0   0x0000007c   Code   RO          953    i.DNLOAD            usb_prop.o
    0x08000b1c   0x08000b1c   0x000000c0   Code   RO            1    i.DataStageIn       usb_core.o
    0x08000bdc   0x08000bdc   0x000000e0   Code   RO            2    i.DataStageOut      usb_core.o
    0x08000cbc   0x08000cbc   0x00000298   Code   RO            3    i.Data_Setup0       usb_core.o
    0x08000f54   0x08000f54   0x00000002   Code   RO          819    i.DebugMon_Handler  stm32_it.o
    0x08000f56   0x08000f56   0x00000002   PAD
    0x08000f58   0x08000f58   0x0000000c   Code   RO         1308    i.EXTI_ClearITPendingBit  stm32f10x_exti.o
    0x08000f64   0x08000f64   0x0000004c   Code   RO         1689    i.FLASH_ErasePage   stm32f10x_flash.o
    0x08000fb0   0x08000fb0   0x00000034   Code   RO         1690    i.FLASH_GetBank1Status  stm32f10x_flash.o
    0x08000fe4   0x08000fe4   0x0000000e   Code   RO         1151    i.FLASH_If_Erase    flash_if.o
    0x08000ff2   0x08000ff2   0x00000004   Code   RO         1152    i.FLASH_If_Init     flash_if.o
    0x08000ff6   0x08000ff6   0x00000002   Code   RO         1153    i.FLASH_If_Read     flash_if.o
    0x08000ff8   0x08000ff8   0x00000048   Code   RO         1154    i.FLASH_If_Write    flash_if.o
    0x08001040   0x08001040   0x0000006c   Code   RO         1704    i.FLASH_ProgramWord  stm32f10x_flash.o
    0x080010ac   0x080010ac   0x00000018   Code   RO         1707    i.FLASH_Unlock      stm32f10x_flash.o
    0x080010c4   0x080010c4   0x00000026   Code   RO         1711    i.FLASH_WaitForLastOperation  stm32f10x_flash.o
    0x080010ea   0x080010ea   0x00000002   PAD
    0x080010ec   0x080010ec   0x0000001c   Code   RO          954    i.GETSTATE          usb_prop.o
    0x08001108   0x08001108   0x000000f0   Code   RO          955    i.GETSTATUS         usb_prop.o
    0x080011f8   0x080011f8   0x00000116   Code   RO         1370    i.GPIO_Init         stm32f10x_gpio.o
    0x0800130e   0x0800130e   0x00000002   PAD
    0x08001310   0x08001310   0x00000020   Code   RO          286    i.GetEPRxAddr       usb_regs.o
    0x08001330   0x08001330   0x00000020   Code   RO          289    i.GetEPTxAddr       usb_regs.o
    0x08001350   0x08001350   0x00000034   Code   RO          718    i.Get_SerialNum     hw_config.o
    0x08001384   0x08001384   0x00000004   Code   RO          820    i.HardFault_Handler  stm32_it.o
    0x08001388   0x08001388   0x00000070   Code   RO            4    i.In0_Process       usb_core.o
    0x080013f8   0x080013f8   0x0000003e   Code   RO          719    i.IntToUnicode      hw_config.o
    0x08001436   0x08001436   0x00000002   PAD
    0x08001438   0x08001438   0x00000030   Code   RO         1103    i.MAL_Erase         dfu_mal.o
    0x08001468   0x08001468   0x00000030   Code   RO         1104    i.MAL_GetStatus     dfu_mal.o
    0x08001498   0x08001498   0x0000000a   Code   RO         1105    i.MAL_Init          dfu_mal.o
    0x080014a2   0x080014a2   0x00000002   PAD
    0x080014a4   0x080014a4   0x00000034   Code   RO         1106    i.MAL_Read          dfu_mal.o
    0x080014d8   0x080014d8   0x00000034   Code   RO         1107    i.MAL_Write         dfu_mal.o
    0x0800150c   0x0800150c   0x00000004   Code   RO          821    i.MemManage_Handler  stm32_it.o
    0x08001510   0x08001510   0x00000002   Code   RO          822    i.NMI_Handler       stm32_it.o
    0x08001512   0x08001512   0x00000002   Code   RO            5    i.NOP_Process       usb_core.o
    0x08001514   0x08001514   0x00000070   Code   RO         1268    i.NVIC_Init         misc.o
    0x08001584   0x08001584   0x00000014   Code   RO         1269    i.NVIC_PriorityGroupConfig  misc.o
    0x08001598   0x08001598   0x00000140   Code   RO            6    i.NoData_Setup0     usb_core.o
    0x080016d8   0x080016d8   0x00000050   Code   RO            7    i.Out0_Process      usb_core.o
    0x08001728   0x08001728   0x00000028   Code   RO          249    i.PMAToUserBufferCopy  usb_mem.o
    0x08001750   0x08001750   0x00000002   Code   RO          823    i.PendSV_Handler    stm32_it.o
    0x08001752   0x08001752   0x00000002   PAD
    0x08001754   0x08001754   0x00000048   Code   RO            8    i.Post0_Process     usb_core.o
    0x0800179c   0x0800179c   0x00000050   Code   RO         1061    i.PowerOn           usb_pwr.o
    0x080017ec   0x080017ec   0x00000020   Code   RO         1483    i.RCC_APB1PeriphClockCmd  stm32f10x_rcc.o
    0x0800180c   0x0800180c   0x00000020   Code   RO         1485    i.RCC_APB2PeriphClockCmd  stm32f10x_rcc.o
    0x0800182c   0x0800182c   0x0000000c   Code   RO         1511    i.RCC_USBCLKConfig  stm32f10x_rcc.o
    0x08001838   0x08001838   0x00000028   Code   RO          721    i.Reset_Device      hw_config.o
    0x08001860   0x08001860   0x000000d0   Code   RO         1062    i.Resume            usb_pwr.o
    0x08001930   0x08001930   0x0000001c   Code   RO         1063    i.Resume_Init       usb_pwr.o
    0x0800194c   0x0800194c   0x00000002   Code   RO          824    i.SVC_Handler       stm32_it.o
    0x0800194e   0x0800194e   0x00000002   PAD
    0x08001950   0x08001950   0x00000050   Code   RO            9    i.SetDeviceAddress  usb_core.o
    0x080019a0   0x080019a0   0x0000004c   Code   RO          312    i.SetEPRxCount      usb_regs.o
    0x080019ec   0x080019ec   0x00000034   Code   RO          314    i.SetEPRxValid      usb_regs.o
    0x08001a20   0x08001a20   0x0000001c   Code   RO          316    i.SetEPTxCount      usb_regs.o
    0x08001a3c   0x08001a3c   0x00000040   Code   RO          317    i.SetEPTxStatus     usb_regs.o
    0x08001a7c   0x08001a7c   0x0000000c   Code   RO          321    i.SetISTR           usb_regs.o
    0x08001a88   0x08001a88   0x00000008   Code   RO          669    i.SetSysClock       system_stm32f10x.o
    0x08001a90   0x08001a90   0x000000e0   Code   RO          670    i.SetSysClockTo72   system_stm32f10x.o
    0x08001b70   0x08001b70   0x0000003c   Code   RO          722    i.Set_System        hw_config.o
    0x08001bac   0x08001bac   0x00000012   Code   RO          723    i.Set_USBClock      hw_config.o
    0x08001bbe   0x08001bbe   0x00000002   PAD
    0x08001bc0   0x08001bc0   0x000000b8   Code   RO           10    i.Setup0_Process    usb_core.o
    0x08001c78   0x08001c78   0x0000016c   Code   RO           11    i.Standard_ClearFeature  usb_core.o
    0x08001de4   0x08001de4   0x0000002c   Code   RO           12    i.Standard_GetConfiguration  usb_core.o
    0x08001e10   0x08001e10   0x00000024   Code   RO           13    i.Standard_GetDescriptorData  usb_core.o
    0x08001e34   0x08001e34   0x0000002c   Code   RO           14    i.Standard_GetInterface  usb_core.o
    0x08001e60   0x08001e60   0x00000100   Code   RO           15    i.Standard_GetStatus  usb_core.o
    0x08001f60   0x08001f60   0x00000048   Code   RO           16    i.Standard_SetConfiguration  usb_core.o
    0x08001fa8   0x08001fa8   0x00000028   Code   RO           17    i.Standard_SetDeviceFeature  usb_core.o
    0x08001fd0   0x08001fd0   0x000000d0   Code   RO           18    i.Standard_SetEndPointFeature  usb_core.o
    0x080020a0   0x080020a0   0x0000006c   Code   RO           19    i.Standard_SetInterface  usb_core.o
    0x0800210c   0x0800210c   0x00000094   Code   RO         1064    i.Suspend           usb_pwr.o
    0x080021a0   0x080021a0   0x00000002   Code   RO          825    i.SysTick_Handler   stm32_it.o
    0x080021a2   0x080021a2   0x00000002   PAD
    0x080021a4   0x080021a4   0x00000060   Code   RO          672    i.SystemInit        system_stm32f10x.o
    0x08002204   0x08002204   0x00000124   Code   RO          956    i.UPLOAD            usb_prop.o
    0x08002328   0x08002328   0x0000000c   Code   RO          826    i.USBWakeUp_IRQHandler  stm32_it.o
    0x08002334   0x08002334   0x00000002   Code   RO          724    i.USB_Cable_Config  hw_config.o
    0x08002336   0x08002336   0x00000002   PAD
    0x08002338   0x08002338   0x0000003c   Code   RO          196    i.USB_Init          usb_init.o
    0x08002374   0x08002374   0x00000042   Code   RO          725    i.USB_Interrupts_Config  hw_config.o
    0x080023b6   0x080023b6   0x00000002   PAD
    0x080023b8   0x080023b8   0x000001cc   Code   RO          922    i.USB_Istr          usb_istr.o
    0x08002584   0x08002584   0x00000008   Code   RO          827    i.USB_LP_CAN1_RX0_IRQHandler  stm32_it.o
    0x0800258c   0x0800258c   0x00000024   Code   RO          627    i.USB_SIL_Init      usb_sil.o
    0x080025b0   0x080025b0   0x00000004   Code   RO          828    i.UsageFault_Handler  stm32_it.o
    0x080025b4   0x080025b4   0x00000038   Code   RO          250    i.UserToPMABufferCopy  usb_mem.o
    0x080025ec   0x080025ec   0x00000060   Code   RO          800    i.main              main.o
    0x0800264c   0x0800264c   0x00000014   Data   RO         1109    .constdata          dfu_mal.o
    0x08002660   0x08002660   0x00000020   Data   RO         2172    Region$$Table       anon$$obj.o


    Execution Region RW_IRAM1 (Exec base: 0x20000000, Load base: 0x08002680, Size: 0x00000d30, Max: 0x00005000, ABSOLUTE, COMPRESSED[0x00000134])

    Exec Addr    Load Addr    Size         Type   Attr      Idx    E Section Name        Object

    0x20000000   COMPRESSED   0x00000009   Data   RW           20    .data               usb_core.o
    0x20000009   COMPRESSED   0x00000003   PAD
    0x2000000c   COMPRESSED   0x00000014   Data   RW          198    .data               usb_init.o
    0x20000020   COMPRESSED   0x00000004   Data   RW          221    .data               usb_int.o
    0x20000024   COMPRESSED   0x00000011   Data   RW          801    .data               main.o
    0x20000035   COMPRESSED   0x00000152   Data   RW          896    .data               usb_desc.o
    0x20000187   COMPRESSED   0x00000001   PAD
    0x20000188   COMPRESSED   0x00000044   Data   RW          923    .data               usb_istr.o
    0x200001cc   COMPRESSED   0x000000a8   Data   RW          957    .data               usb_prop.o
    0x20000274   COMPRESSED   0x0000000c   Data   RW         1066    .data               usb_pwr.o
    0x20000280   COMPRESSED   0x00000010   Data   RW         1110    .data               dfu_mal.o
    0x20000290        -       0x0000001c   Zero   RW          197    .bss                usb_init.o
    0x200002ac        -       0x00000020   Zero   RW         1065    .bss                usb_pwr.o
    0x200002cc        -       0x00000400   Zero   RW         1108    .bss                dfu_mal.o
    0x200006cc        -       0x00000060   Zero   RW         2046    .bss                c_w.l(libspace.o)
    0x2000072c   COMPRESSED   0x00000004   PAD
    0x20000730        -       0x00000200   Zero   RW          663    HEAP                startup_stm32f10x_md.o
    0x20000930        -       0x00000400   Zero   RW          662    STACK               startup_stm32f10x_md.o


==============================================================================

Image component sizes


      Code (inc. data)   RO Data    RW Data    ZI Data      Debug   Object Name

        32          0          0          0          0        552   core_cm3.o
       210         34         20         16       1024       3705   dfu_mal.o
        92          6          0          0          0       2314   flash_if.o
       336         30          0          0          0      19325   hw_config.o
        96         22          0         17          0       1267   main.o
       132         22          0          0          0       3007   misc.o
        64         26        236          0       1536        784   startup_stm32f10x_md.o
        46          0          0          0          0       4434   stm32_it.o
        12          6          0          0          0        473   stm32f10x_exti.o
       298         26          0          0          0      10385   stm32f10x_flash.o
       278          0          0          0          0      10160   stm32f10x_gpio.o
        76         18          0          0          0       1505   stm32f10x_rcc.o
       328         28          0          0          0       1833   system_stm32f10x.o
      3102        294          0          9          0     233967   usb_core.o
         0          0          0        338          0        967   usb_desc.o
        60         24          0         20         28       4130   usb_init.o
       648         32          0          4          0       1756   usb_int.o
       460         38          0         68          0       1511   usb_istr.o
        96         10          0          0          0       1800   usb_mem.o
      1880        272          0        168          0      13609   usb_prop.o
       464         50          0         12         32       3308   usb_pwr.o
       452         62          0          0          0       6443   usb_regs.o
        36          8          0          0          0        491   usb_sil.o

    ----------------------------------------------------------------------
      9226       1008        288        656       2620     327726   Object Totals
         0          0         32          0          0          0   (incl. Generated)
        28          0          0          4          0          0   (incl. Padding)

    ----------------------------------------------------------------------

      Code (inc. data)   RO Data    RW Data    ZI Data      Debug   Library Member Name

        90          0          0          0          0          0   __dczerorl2.o
         8          0          0          0          0         68   __main.o
         0          0          0          0          0          0   __rtentry.o
        12          0          0          0          0          0   __rtentry2.o
         6          0          0          0          0          0   __rtentry4.o
        52          8          0          0          0          0   __scatter.o
        28          0          0          0          0          0   __scatter_zi.o
        18          0          0          0          0         80   exit.o
         6          0          0          0          0        152   heapauxi.o
         0          0          0          0          0          0   indicate_semi.o
         2          0          0          0          0          0   libinit.o
         2          0          0          0          0          0   libinit2.o
         2          0          0          0          0          0   libshutdown.o
         2          0          0          0          0          0   libshutdown2.o
         8          4          0          0         96         68   libspace.o
         2          0          0          0          0          0   rtexit.o
        10          0          0          0          0          0   rtexit2.o
        12          4          0          0          0         68   sys_exit.o
        74          0          0          0          0         80   sys_stackheap_outer.o
         2          0          0          0          0         68   use_no_semi.o

    ----------------------------------------------------------------------
       342         16          0          0        100        584   Library Totals
         6          0          0          0          4          0   (incl. Padding)

    ----------------------------------------------------------------------

      Code (inc. data)   RO Data    RW Data    ZI Data      Debug   Library Name

       336         16          0          0         96        584   c_w.l

    ----------------------------------------------------------------------
       342         16          0          0        100        584   Library Totals

    ----------------------------------------------------------------------

==============================================================================


      Code (inc. data)   RO Data    RW Data    ZI Data      Debug   

      9568       1024        288        656       2720     323106   Grand Totals
      9568       1024        288        308       2720     323106   ELF Image Totals (compressed)
      9568       1024        288        308          0          0   ROM Totals

==============================================================================

    Total RO  Size (Code + RO Data)                 9856 (   9.63kB)
    Total RW  Size (RW Data + ZI Data)              3376 (   3.30kB)
    Total ROM Size (Code + RO Data + RW Data)      10164 (   9.93kB)

==============================================================================

