<html>
<body>
<pre>
<h1>礦ision Build Log</h1>
<h2>Tool Versions:</h2>
IDE-Version: μVision V5.26.2.0
Copyright (C) 2018 ARM Ltd and ARM Germany GmbH. All rights reserved.
License Information: garson zeng, gdut, LIC=----
 
Tool Versions:
Toolchain:       MDK-Lite  Version: 5.26.2.0
Toolchain Path:  E:\Keil_v5\ARM\ARMCC\Bin
C Compiler:      Armcc.exe V5.06 update 6 (build 750)
Assembler:       Armasm.exe V5.06 update 6 (build 750)
Linker/Locator:  ArmLink.exe V5.06 update 6 (build 750)
Library Manager: ArmAr.exe V5.06 update 6 (build 750)
Hex Converter:   FromElf.exe V5.06 update 6 (build 750)
CPU DLL:         SARMCM3.DLL V5.26.2.0
Dialog DLL:      DCM.DLL V1.17.2.0
Target DLL:      STLink\ST-LINKIII-KEIL_SWO.dll V3.0.5.0
Dialog DLL:      TCM.DLL V1.36.1.0
 
<h2>Project:</h2>
G:\各种项目文件夹\osuKeyboard\GITHUB\keyboard\osu.uvprojx
Project File Date:  02/09/2019

<h2>Output:</h2>
*** Using Compiler 'V5.06 update 6 (build 750)', folder: 'E:\Keil_v5\ARM\ARMCC\Bin'
Rebuild target 'Target 1'
compiling usb_int.c...
compiling usb_mem.c...
compiling usb_init.c...
compiling usb_regs.c...
compiling usb_core.c...
assembling startup_stm32f10x_md.s...
compiling usb_sil.c...
compiling core_cm3.c...
compiling system_stm32f10x.c...
SYSTEM\sys\system_stm32f10x.c(437): warning:  #177-D: function "SetSysClock"  was declared but never referenced
  static void SetSysClock(void)
SYSTEM\sys\system_stm32f10x.c: 1 warning, 0 errors
compiling hw_config.c...
src\hw_config.c(287): warning:  #177-D: function "Delay"  was declared but never referenced
  static void Delay(__IO uint32_t nTime)
src\hw_config.c: 1 warning, 0 errors
compiling main.c...
compiling usb_desc.c...
compiling stm32_it.c...
compiling usb_endp.c...
compiling usb_istr.c...
compiling usb_prop.c...
compiling misc.c...
compiling usb_pwr.c...
compiling stm32f10x_exti.c...
compiling stm32f10x_gpio.c...
compiling stm32f10x_rcc.c...
compiling delay.c...
compiling osu.c...
linking...
Program Size: Code=8484 RO-data=452 RW-data=332 ZI-data=1692  
FromELF: creating hex file...
".\Objects\osu.axf" - 0 Error(s), 2 Warning(s).

<h2>Software Packages used:</h2>

Package Vendor: Keil
                http://www.keil.com/pack/Keil.STM32F1xx_DFP.2.2.0.pack
                Keil.STM32F1xx_DFP.2.2.0
                STMicroelectronics STM32F1 Series Device Support, Drivers and Examples

<h2>Collection of Component include folders:</h2>
  .\RTE\_Target_1
  E:\Keil_v5\ARM\PACK\Keil\STM32F1xx_DFP\2.2.0\Device\Include

<h2>Collection of Component Files used:</h2>
Build Time Elapsed:  00:00:05
</pre>
</body>
</html>
