<html>
<body>
<pre>
<h1>礦ision Build Log</h1>
<h2>Tool Versions:</h2>
IDE-Version: μVision V5.24.2.0
Copyright (C) 2017 ARM Ltd and ARM Germany GmbH. All rights reserved.
License Information: Zeng Qingjia, GDUT, LIC=ATTJJ-UGV8B-CWB2K-Z9BTB-79GMV-3IG1A
 
Tool Versions:
Toolchain:       MDK-ARM Plus  Version: 5.24.1
Toolchain Path:  E:\Keil_v5\ARM\ARMCC\Bin
C Compiler:      Armcc.exe V5.06 update 5 (build 528)
Assembler:       Armasm.exe V5.06 update 5 (build 528)
Linker/Locator:  ArmLink.exe V5.06 update 5 (build 528)
Library Manager: ArmAr.exe V5.06 update 5 (build 528)
Hex Converter:   FromElf.exe V5.06 update 5 (build 528)
CPU DLL:         SARMCM3.DLL V5.24.1
Dialog DLL:      DCM.DLL V1.16.0.0
Target DLL:      STLink\ST-LINKIII-KEIL_SWO.dll V3.0.1.0
Dialog DLL:      TCM.DLL V1.32.0.0
 
<h2>Project:</h2>
D:\各种项目文件夹\osuKeyboard\bootloader\bootloader.uvprojx
Project File Date:  01/16/2019

<h2>Output:</h2>
*** Using Compiler 'V5.06 update 5 (build 528)', folder: 'E:\Keil_v5\ARM\ARMCC\Bin'
Rebuild target 'Target 1'
compiling usb_mem.c...
compiling core_cm3.c...
compiling usb_sil.c...
compiling usb_int.c...
compiling usb_init.c...
compiling usb_core.c...
assembling startup_stm32f10x_md.s...
compiling usb_regs.c...
compiling system_stm32f10x.c...
compiling usb_desc.c...
compiling main.c...
compiling stm32_it.c...
compiling hw_config.c...
compiling usb_endp.c...
compiling usb_istr.c...
compiling usb_pwr.c...
compiling flash_if.c...
compiling usb_prop.c...
compiling dfu_mal.c...
compiling fsmc_nor.c...
compiling nor_if.c...
compiling misc.c...
compiling stm32f10x_exti.c...
compiling delay.c...
compiling stm32f10x_gpio.c...
compiling stm32f10x_flash.c...
compiling stm32f10x_fsmc.c...
compiling stm32f10x_rcc.c...
linking...
Program Size: Code=9508 RO-data=288 RW-data=672 ZI-data=2720  
FromELF: creating hex file...
".\Objects\Bootloader.axf" - 0 Error(s), 0 Warning(s).

<h2>Software Packages used:</h2>

Package Vendor: Keil
                http://www.keil.com/pack/Keil.STM32F1xx_DFP.2.3.0.pack
                Keil.STM32F1xx_DFP.2.3.0
                STMicroelectronics STM32F1 Series Device Support, Drivers and Examples

<h2>Collection of Component include folders:</h2>
  .\RTE\_Target_1
  E:\Keil_v5\ARM\PACK\Keil\STM32F1xx_DFP\2.3.0\Device\Include

<h2>Collection of Component Files used:</h2>
Build Time Elapsed:  00:00:03
</pre>
</body>
</html>
