Component: ARM Compiler 5.06 update 6 (build 750) Tool: armlink [4d35ed]

==============================================================================

Section Cross References

    usb_core.o(i.DataStageIn) refers to usb_regs.o(i.GetEPTxAddr) for GetEPTxAddr
    usb_core.o(i.DataStageIn) refers to usb_mem.o(i.UserToPMABufferCopy) for UserToPMABufferCopy
    usb_core.o(i.DataStageIn) refers to usb_regs.o(i.SetEPTxCount) for SetEPTxCount
    usb_core.o(i.DataStageIn) refers to usb_init.o(.data) for pInformation
    usb_core.o(i.DataStageIn) refers to usb_core.o(.data) for Data_Mul_MaxPacketSize
    usb_core.o(i.DataStageIn) refers to usb_int.o(.data) for SaveTState
    usb_core.o(i.DataStageOut) refers to usb_regs.o(i.GetEPRxAddr) for GetEPRxAddr
    usb_core.o(i.DataStageOut) refers to usb_mem.o(i.PMAToUserBufferCopy) for PMAToUserBufferCopy
    usb_core.o(i.DataStageOut) refers to usb_regs.o(i.SetEPTxCount) for SetEPTxCount
    usb_core.o(i.DataStageOut) refers to usb_init.o(.data) for pInformation
    usb_core.o(i.DataStageOut) refers to usb_int.o(.data) for SaveRState
    usb_core.o(i.Data_Setup0) refers to usb_core.o(i.DataStageIn) for DataStageIn
    usb_core.o(i.Data_Setup0) refers to usb_init.o(.data) for pInformation
    usb_core.o(i.Data_Setup0) refers to usb_core.o(i.Standard_GetStatus) for Standard_GetStatus
    usb_core.o(i.Data_Setup0) refers to usb_prop.o(.data) for Device_Table
    usb_core.o(i.Data_Setup0) refers to usb_core.o(i.Standard_GetConfiguration) for Standard_GetConfiguration
    usb_core.o(i.Data_Setup0) refers to usb_core.o(i.Standard_GetInterface) for Standard_GetInterface
    usb_core.o(i.Data_Setup0) refers to usb_core.o(.data) for Data_Mul_MaxPacketSize
    usb_core.o(i.Data_Setup0) refers to usb_int.o(.data) for SaveRState
    usb_core.o(i.In0_Process) refers to usb_core.o(i.DataStageIn) for DataStageIn
    usb_core.o(i.In0_Process) refers to usb_core.o(i.SetDeviceAddress) for SetDeviceAddress
    usb_core.o(i.In0_Process) refers to usb_core.o(i.Post0_Process) for Post0_Process
    usb_core.o(i.In0_Process) refers to usb_init.o(.data) for pInformation
    usb_core.o(i.NoData_Setup0) refers to usb_core.o(i.Standard_SetConfiguration) for Standard_SetConfiguration
    usb_core.o(i.NoData_Setup0) refers to usb_core.o(i.Standard_SetDeviceFeature) for Standard_SetDeviceFeature
    usb_core.o(i.NoData_Setup0) refers to usb_core.o(i.Standard_ClearFeature) for Standard_ClearFeature
    usb_core.o(i.NoData_Setup0) refers to usb_core.o(i.Standard_SetInterface) for Standard_SetInterface
    usb_core.o(i.NoData_Setup0) refers to usb_core.o(i.Standard_SetEndPointFeature) for Standard_SetEndPointFeature
    usb_core.o(i.NoData_Setup0) refers to usb_init.o(.data) for pInformation
    usb_core.o(i.NoData_Setup0) refers to usb_core.o(.data) for DevRemoteWakeup
    usb_core.o(i.NoData_Setup0) refers to usb_int.o(.data) for SaveTState
    usb_core.o(i.Out0_Process) refers to usb_core.o(i.DataStageOut) for DataStageOut
    usb_core.o(i.Out0_Process) refers to usb_core.o(i.Post0_Process) for Post0_Process
    usb_core.o(i.Out0_Process) refers to usb_init.o(.data) for pInformation
    usb_core.o(i.Post0_Process) refers to usb_regs.o(i.SetEPRxCount) for SetEPRxCount
    usb_core.o(i.Post0_Process) refers to usb_prop.o(.data) for Device_Property
    usb_core.o(i.Post0_Process) refers to usb_init.o(.data) for pInformation
    usb_core.o(i.Post0_Process) refers to usb_int.o(.data) for SaveRState
    usb_core.o(i.SetDeviceAddress) refers to usb_prop.o(.data) for Device_Table
    usb_core.o(i.Setup0_Process) refers to usb_regs.o(i.ByteSwap) for ByteSwap
    usb_core.o(i.Setup0_Process) refers to usb_core.o(i.NoData_Setup0) for NoData_Setup0
    usb_core.o(i.Setup0_Process) refers to usb_core.o(i.Data_Setup0) for Data_Setup0
    usb_core.o(i.Setup0_Process) refers to usb_core.o(i.Post0_Process) for Post0_Process
    usb_core.o(i.Setup0_Process) refers to usb_init.o(.data) for pInformation
    usb_core.o(i.Standard_ClearFeature) refers to usb_regs.o(i.ClearDTOG_TX) for ClearDTOG_TX
    usb_core.o(i.Standard_ClearFeature) refers to usb_regs.o(i.SetEPTxStatus) for SetEPTxStatus
    usb_core.o(i.Standard_ClearFeature) refers to usb_regs.o(i.SetEPRxCount) for SetEPRxCount
    usb_core.o(i.Standard_ClearFeature) refers to usb_regs.o(i.ClearDTOG_RX) for ClearDTOG_RX
    usb_core.o(i.Standard_ClearFeature) refers to usb_init.o(.data) for pInformation
    usb_core.o(i.Standard_ClearFeature) refers to usb_prop.o(.data) for Device_Table
    usb_core.o(i.Standard_GetConfiguration) refers to usb_init.o(.data) for pInformation
    usb_core.o(i.Standard_GetDescriptorData) refers to usb_init.o(.data) for pInformation
    usb_core.o(i.Standard_GetInterface) refers to usb_init.o(.data) for pInformation
    usb_core.o(i.Standard_GetStatus) refers to usb_init.o(.data) for pInformation
    usb_core.o(i.Standard_GetStatus) refers to usb_core.o(.data) for StatusInfo
[...]
    libinit.o(.ARM.Collect$$libinit$$00000000) refers (Special) to libinit2.o(.ARM.Collect$$libinit$$00000017) for __rt_lib_init_lc_numeric_1
    libinit.o(.ARM.Collect$$libinit$$00000000) refers (Special) to libinit2.o(.ARM.Collect$$libinit$$00000019) for __rt_lib_init_lc_time_1
    libinit.o(.ARM.Collect$$libinit$$00000000) refers (Special) to libinit2.o(.ARM.Collect$$libinit$$00000004) for __rt_lib_init_preinit_1
    libinit.o(.ARM.Collect$$libinit$$00000000) refers (Special) to libinit2.o(.ARM.Collect$$libinit$$0000000E) for __rt_lib_init_rand_1
    libinit.o(.ARM.Collect$$libinit$$00000000) refers (Special) to libinit2.o(.ARM.Collect$$libinit$$00000033) for __rt_lib_init_return
    libinit.o(.ARM.Collect$$libinit$$00000000) refers (Special) to libinit2.o(.ARM.Collect$$libinit$$0000001D) for __rt_lib_init_signal_1
    libinit.o(.ARM.Collect$$libinit$$00000000) refers (Special) to libinit2.o(.ARM.Collect$$libinit$$00000025) for __rt_lib_init_stdio_1
    libinit.o(.ARM.Collect$$libinit$$00000000) refers (Special) to libinit2.o(.ARM.Collect$$libinit$$0000000C) for __rt_lib_init_user_alloc_1
    libspace.o(.text) refers to libspace.o(.bss) for __libspace_start
    rtexit.o(.ARM.Collect$$rtexit$$00000000) refers (Special) to rtexit2.o(.ARM.Collect$$rtexit$$00000004) for __rt_exit_exit
    rtexit.o(.ARM.Collect$$rtexit$$00000000) refers (Special) to rtexit2.o(.ARM.Collect$$rtexit$$00000003) for __rt_exit_ls
    rtexit.o(.ARM.Collect$$rtexit$$00000000) refers (Special) to rtexit2.o(.ARM.Collect$$rtexit$$00000002) for __rt_exit_prels_1
    rtexit.o(.ARM.exidx) refers (Special) to rtexit2.o(.ARM.Collect$$rtexit$$00000004) for __rt_exit_exit
    rtexit.o(.ARM.exidx) refers (Special) to rtexit2.o(.ARM.Collect$$rtexit$$00000003) for __rt_exit_ls
    rtexit.o(.ARM.exidx) refers (Special) to rtexit2.o(.ARM.Collect$$rtexit$$00000002) for __rt_exit_prels_1
    rtexit.o(.ARM.exidx) refers to rtexit.o(.ARM.Collect$$rtexit$$00000000) for .ARM.Collect$$rtexit$$00000000
    libinit2.o(.ARM.Collect$$libinit$$00000010) refers to libinit2.o(.ARM.Collect$$libinit$$0000000F) for .ARM.Collect$$libinit$$0000000F
    libinit2.o(.ARM.Collect$$libinit$$00000012) refers to libinit2.o(.ARM.Collect$$libinit$$0000000F) for .ARM.Collect$$libinit$$0000000F
    libinit2.o(.ARM.Collect$$libinit$$00000014) refers to libinit2.o(.ARM.Collect$$libinit$$0000000F) for .ARM.Collect$$libinit$$0000000F
    libinit2.o(.ARM.Collect$$libinit$$00000016) refers to libinit2.o(.ARM.Collect$$libinit$$0000000F) for .ARM.Collect$$libinit$$0000000F
    libinit2.o(.ARM.Collect$$libinit$$00000018) refers to libinit2.o(.ARM.Collect$$libinit$$0000000F) for .ARM.Collect$$libinit$$0000000F
    libinit2.o(.ARM.Collect$$libinit$$00000026) refers to argv_veneer.o(.emb_text) for __ARM_argv_veneer
    libinit2.o(.ARM.Collect$$libinit$$00000027) refers to argv_veneer.o(.emb_text) for __ARM_argv_veneer
    rtexit2.o(.ARM.Collect$$rtexit$$00000003) refers to libshutdown.o(.ARM.Collect$$libshutdown$$00000000) for __rt_lib_shutdown
    rtexit2.o(.ARM.Collect$$rtexit$$00000004) refers to sys_exit.o(.text) for _sys_exit
    rtexit2.o(.ARM.exidx) refers to rtexit2.o(.ARM.Collect$$rtexit$$00000001) for .ARM.Collect$$rtexit$$00000001
    rtexit2.o(.ARM.exidx) refers to rtexit2.o(.ARM.Collect$$rtexit$$00000003) for .ARM.Collect$$rtexit$$00000003
    rtexit2.o(.ARM.exidx) refers to rtexit2.o(.ARM.Collect$$rtexit$$00000004) for .ARM.Collect$$rtexit$$00000004
    argv_veneer.o(.emb_text) refers to no_argv.o(.text) for __ARM_get_argv
    sys_exit.o(.text) refers (Special) to use_no_semi.o(.text) for __I$use$semihosting
    sys_exit.o(.text) refers (Special) to indicate_semi.o(.text) for __semihosting_library_function
    _get_argv_nomalloc.o(.text) refers (Special) to hrguard.o(.text) for __heap_region$guard
    _get_argv_nomalloc.o(.text) refers to defsig_rtmem_outer.o(.text) for __rt_SIGRTMEM
    _get_argv_nomalloc.o(.text) refers to sys_command.o(.text) for _sys_command_string
    libshutdown.o(.ARM.Collect$$libshutdown$$00000000) refers (Special) to libshutdown2.o(.ARM.Collect$$libshutdown$$00000002) for __rt_lib_shutdown_cpp_1
    libshutdown.o(.ARM.Collect$$libshutdown$$00000000) refers (Special) to libshutdown2.o(.ARM.Collect$$libshutdown$$00000007) for __rt_lib_shutdown_fp_trap_1
    libshutdown.o(.ARM.Collect$$libshutdown$$00000000) refers (Special) to libshutdown2.o(.ARM.Collect$$libshutdown$$0000000F) for __rt_lib_shutdown_heap_1
    libshutdown.o(.ARM.Collect$$libshutdown$$00000000) refers (Special) to libshutdown2.o(.ARM.Collect$$libshutdown$$00000010) for __rt_lib_shutdown_return
    libshutdown.o(.ARM.Collect$$libshutdown$$00000000) refers (Special) to libshutdown2.o(.ARM.Collect$$libshutdown$$0000000A) for __rt_lib_shutdown_signal_1
    libshutdown.o(.ARM.Collect$$libshutdown$$00000000) refers (Special) to libshutdown2.o(.ARM.Collect$$libshutdown$$00000004) for __rt_lib_shutdown_stdio_1
    libshutdown.o(.ARM.Collect$$libshutdown$$00000000) refers (Special) to libshutdown2.o(.ARM.Collect$$libshutdown$$0000000C) for __rt_lib_shutdown_user_alloc_1
    sys_command.o(.text) refers (Special) to use_no_semi.o(.text) for __I$use$semihosting
    sys_command.o(.text) refers (Special) to indicate_semi.o(.text) for __semihosting_library_function
    defsig_rtmem_outer.o(.text) refers to defsig_rtmem_inner.o(.text) for __rt_SIGRTMEM_inner
    defsig_rtmem_outer.o(.text) refers to defsig_exit.o(.text) for __sig_exit
    defsig_rtmem_formal.o(.text) refers to rt_raise.o(.text) for __rt_raise
    rt_raise.o(.text) refers to __raise.o(.text) for __raise
    rt_raise.o(.text) refers to sys_exit.o(.text) for _sys_exit
    defsig_exit.o(.text) refers to sys_exit.o(.text) for _sys_exit
    defsig_rtmem_inner.o(.text) refers to defsig_general.o(.text) for __default_signal_display
    __raise.o(.text) refers to defsig.o(CL$$defsig) for __default_signal_handler
    defsig_general.o(.text) refers to sys_wrch.o(.text) for _ttywrch
    sys_wrch.o(.text) refers (Special) to use_no_semi.o(.text) for __I$use$semihosting
    sys_wrch.o(.text) refers (Special) to indicate_semi.o(.text) for __semihosting_library_function
    defsig.o(CL$$defsig) refers to defsig_rtmem_inner.o(.text) for __rt_SIGRTMEM_inner
    defsig_abrt_inner.o(.text) refers to defsig_general.o(.text) for __default_signal_display
    defsig_fpe_inner.o(.text) refers to defsig_general.o(.text) for __default_signal_display
    defsig_rtred_inner.o(.text) refers to defsig_general.o(.text) for __default_signal_display
    defsig_stak_inner.o(.text) refers to defsig_general.o(.text) for __default_signal_display
    defsig_pvfn_inner.o(.text) refers to defsig_general.o(.text) for __default_signal_display
    defsig_cppl_inner.o(.text) refers to defsig_general.o(.text) for __default_signal_display
    defsig_segv_inner.o(.text) refers to defsig_general.o(.text) for __default_signal_display
    defsig_other.o(.text) refers to defsig_general.o(.text) for __default_signal_display


==============================================================================

Removing Unused input sections from the image.

    Removing usb_int.o(i.CTR_HP), (200 bytes).
    Removing usb_regs.o(i.ClearEPDoubleBuff), (40 bytes).
    Removing usb_regs.o(i.ClearEP_CTR_RX), (36 bytes).
    Removing usb_regs.o(i.ClearEP_CTR_TX), (32 bytes).
    Removing usb_regs.o(i.ClearEP_KIND), (40 bytes).
    Removing usb_regs.o(i.FreeUserBuffer), (84 bytes).
    Removing usb_regs.o(i.GetBTABLE), (12 bytes).
    Removing usb_regs.o(i.GetCNTR), (12 bytes).
    Removing usb_regs.o(i.GetDADDR), (12 bytes).
    Removing usb_regs.o(i.GetENDPOINT), (20 bytes).
    Removing usb_regs.o(i.GetEPAddress), (24 bytes).
    Removing usb_regs.o(i.GetEPDblBuf0Addr), (32 bytes).
    Removing usb_regs.o(i.GetEPDblBuf0Count), (36 bytes).
    Removing usb_regs.o(i.GetEPDblBuf1Addr), (32 bytes).
    Removing usb_regs.o(i.GetEPDblBuf1Count), (36 bytes).
    Removing usb_regs.o(i.GetEPDblBufDir), (72 bytes).
    Removing usb_regs.o(i.GetEPRxCount), (36 bytes).
    Removing usb_regs.o(i.GetEPRxStatus), (24 bytes).
    Removing usb_regs.o(i.GetEPTxCount), (36 bytes).
    Removing usb_regs.o(i.GetEPTxStatus), (24 bytes).
    Removing usb_regs.o(i.GetEPType), (24 bytes).
    Removing usb_regs.o(i.GetFNR), (12 bytes).
    Removing usb_regs.o(i.GetISTR), (12 bytes).
    Removing usb_regs.o(i.GetRxStallStatus), (36 bytes).
    Removing usb_regs.o(i.GetTxStallStatus), (32 bytes).
    Removing usb_regs.o(i.SetCNTR), (12 bytes).
    Removing usb_regs.o(i.SetDADDR), (12 bytes).
    Removing usb_regs.o(i.SetDouBleBuffEPStall), (60 bytes).
    Removing usb_regs.o(i.SetENDPOINT), (16 bytes).
    Removing usb_regs.o(i.SetEPAddress), (44 bytes).
    Removing usb_regs.o(i.SetEPCountRxReg), (48 bytes).
    Removing usb_regs.o(i.SetEPDblBuf0Addr), (32 bytes).
    Removing usb_regs.o(i.SetEPDblBuf0Count), (104 bytes).
    Removing usb_regs.o(i.SetEPDblBuf1Addr), (36 bytes).
    Removing usb_regs.o(i.SetEPDblBuf1Count), (104 bytes).
    Removing usb_regs.o(i.SetEPDblBuffAddr), (52 bytes).
    Removing usb_regs.o(i.SetEPDblBuffCount), (196 bytes).
    Removing usb_regs.o(i.SetEPDoubleBuff), (44 bytes).
    Removing usb_regs.o(i.SetEP_KIND), (44 bytes).
    Removing usb_regs.o(i.Set_Status_Out), (44 bytes).
    Removing usb_regs.o(i.ToWord), (8 bytes).
    Removing usb_regs.o(i.ToggleDTOG_RX), (40 bytes).
    Removing usb_regs.o(i.ToggleDTOG_TX), (40 bytes).
    Removing usb_sil.o(i.USB_SIL_Read), (46 bytes).
    Removing core_cm3.o(.emb_text), (32 bytes).
    Removing system_stm32f10x.o(i.SetSysClock), (2 bytes).
    Removing system_stm32f10x.o(i.SystemCoreClockUpdate), (164 bytes).
    Removing hw_config.o(i.Delay), (18 bytes).
    Removing hw_config.o(i.Leave_LowPowerMode), (32 bytes).
    Removing hw_config.o(.data), (12 bytes).
    Removing main.o(.bss), (20 bytes).
    Removing usb_pwr.o(i.PowerOff), (28 bytes).
    Removing misc.o(i.NVIC_SetVectorTable), (20 bytes).
    Removing misc.o(i.NVIC_SystemLPConfig), (32 bytes).
    Removing stm32f10x_exti.o(i.EXTI_ClearFlag), (12 bytes).
    Removing stm32f10x_exti.o(i.EXTI_ClearITPendingBit), (12 bytes).
    Removing stm32f10x_exti.o(i.EXTI_DeInit), (36 bytes).
    Removing stm32f10x_exti.o(i.EXTI_GenerateSWInterrupt), (16 bytes).
    Removing stm32f10x_exti.o(i.EXTI_GetFlagStatus), (24 bytes).
    Removing stm32f10x_exti.o(i.EXTI_GetITStatus), (40 bytes).
    Removing stm32f10x_exti.o(i.EXTI_Init), (148 bytes).
    Removing stm32f10x_exti.o(i.EXTI_StructInit), (16 bytes).
    Removing stm32f10x_gpio.o(i.GPIO_AFIODeInit), (20 bytes).
    Removing stm32f10x_gpio.o(i.GPIO_DeInit), (200 bytes).
    Removing stm32f10x_gpio.o(i.GPIO_ETH_MediaInterfaceConfig), (12 bytes).
    Removing stm32f10x_gpio.o(i.GPIO_EXTILineConfig), (64 bytes).
    Removing stm32f10x_gpio.o(i.GPIO_EventOutputCmd), (12 bytes).
    Removing stm32f10x_gpio.o(i.GPIO_EventOutputConfig), (32 bytes).
    Removing stm32f10x_gpio.o(i.GPIO_PinLockConfig), (18 bytes).
    Removing stm32f10x_gpio.o(i.GPIO_PinRemapConfig), (144 bytes).
    Removing stm32f10x_gpio.o(i.GPIO_ReadInputData), (8 bytes).
    Removing stm32f10x_gpio.o(i.GPIO_ReadOutputData), (8 bytes).
    Removing stm32f10x_gpio.o(i.GPIO_ReadOutputDataBit), (18 bytes).
    Removing stm32f10x_gpio.o(i.GPIO_ResetBits), (4 bytes).
    Removing stm32f10x_gpio.o(i.GPIO_StructInit), (16 bytes).
    Removing stm32f10x_gpio.o(i.GPIO_Write), (4 bytes).
    Removing stm32f10x_gpio.o(i.GPIO_WriteBit), (10 bytes).
    Removing stm32f10x_rcc.o(i.RCC_ADCCLKConfig), (24 bytes).
    Removing stm32f10x_rcc.o(i.RCC_AHBPeriphClockCmd), (32 bytes).
    Removing stm32f10x_rcc.o(i.RCC_APB1PeriphResetCmd), (32 bytes).
    Removing stm32f10x_rcc.o(i.RCC_APB2PeriphResetCmd), (32 bytes).
    Removing stm32f10x_rcc.o(i.RCC_AdjustHSICalibrationValue), (24 bytes).
    Removing stm32f10x_rcc.o(i.RCC_BackupResetCmd), (12 bytes).
    Removing stm32f10x_rcc.o(i.RCC_ClearFlag), (20 bytes).
    Removing stm32f10x_rcc.o(i.RCC_ClearITPendingBit), (12 bytes).
    Removing stm32f10x_rcc.o(i.RCC_ClockSecuritySystemCmd), (12 bytes).
    Removing stm32f10x_rcc.o(i.RCC_GetClocksFreq), (212 bytes).
    Removing stm32f10x_rcc.o(i.RCC_GetFlagStatus), (60 bytes).
    Removing stm32f10x_rcc.o(i.RCC_GetITStatus), (24 bytes).
    Removing stm32f10x_rcc.o(i.RCC_GetSYSCLKSource), (16 bytes).
    Removing stm32f10x_rcc.o(i.RCC_HCLKConfig), (24 bytes).
    Removing stm32f10x_rcc.o(i.RCC_HSEConfig), (76 bytes).
    Removing stm32f10x_rcc.o(i.RCC_HSICmd), (12 bytes).
    Removing stm32f10x_rcc.o(i.RCC_ITConfig), (32 bytes).
    Removing stm32f10x_rcc.o(i.RCC_LSEConfig), (52 bytes).
    Removing stm32f10x_rcc.o(i.RCC_LSICmd), (12 bytes).
    Removing stm32f10x_rcc.o(i.RCC_MCOConfig), (12 bytes).
    Removing stm32f10x_rcc.o(i.RCC_PCLK1Config), (24 bytes).
    Removing stm32f10x_rcc.o(i.RCC_PCLK2Config), (24 bytes).
    Removing stm32f10x_rcc.o(i.RCC_PLLCmd), (12 bytes).
    Removing stm32f10x_rcc.o(i.RCC_PLLConfig), (28 bytes).
    Removing stm32f10x_rcc.o(i.RCC_RTCCLKCmd), (12 bytes).
    Removing stm32f10x_rcc.o(i.RCC_RTCCLKConfig), (16 bytes).
    Removing stm32f10x_rcc.o(i.RCC_SYSCLKConfig), (24 bytes).
    Removing stm32f10x_rcc.o(i.RCC_WaitForHSEStartUp), (56 bytes).
    Removing stm32f10x_rcc.o(.data), (20 bytes).
    Removing delay.o(i.delay_us), (76 bytes).

107 unused section(s) (total 4196 bytes) removed from the image.

==============================================================================

Image Symbol Table

    Local Symbols

    Symbol Name                              Value     Ov Type        Size  Object(Section)

    ../clib/angel/boardlib.s                 0x00000000   Number         0  boardinit2.o ABSOLUTE
    ../clib/angel/boardlib.s                 0x00000000   Number         0  boardinit1.o ABSOLUTE
    ../clib/angel/boardlib.s                 0x00000000   Number         0  boardshut.o ABSOLUTE
    ../clib/angel/boardlib.s                 0x00000000   Number         0  boardinit3.o ABSOLUTE
    ../clib/angel/dczerorl2.s                0x00000000   Number         0  __dczerorl2.o ABSOLUTE
    ../clib/angel/handlers.s                 0x00000000   Number         0  __scatter_zi.o ABSOLUTE
    ../clib/angel/kernel.s                   0x00000000   Number         0  __rtentry2.o ABSOLUTE
    ../clib/angel/kernel.s                   0x00000000   Number         0  __rtentry4.o ABSOLUTE
    ../clib/angel/kernel.s                   0x00000000   Number         0  rtexit2.o ABSOLUTE
    ../clib/angel/kernel.s                   0x00000000   Number         0  __rtentry.o ABSOLUTE
    ../clib/angel/kernel.s                   0x00000000   Number         0  rtexit.o ABSOLUTE
    ../clib/angel/rt.s                       0x00000000   Number         0  rt_raise.o ABSOLUTE
    ../clib/angel/scatter.s                  0x00000000   Number         0  __scatter.o ABSOLUTE
    ../clib/angel/startup.s                  0x00000000   Number         0  __main.o ABSOLUTE
    ../clib/angel/sys.s                      0x00000000   Number         0  libspace.o ABSOLUTE
    ../clib/angel/sys.s                      0x00000000   Number         0  sys_stackheap_outer.o ABSOLUTE
    ../clib/angel/sys.s                      0x00000000   Number         0  indicate_semi.o ABSOLUTE
    ../clib/angel/sys.s                      0x00000000   Number         0  use_no_semi.o ABSOLUTE
    ../clib/angel/sysapp.c                   0x00000000   Number         0  sys_exit.o ABSOLUTE
    ../clib/angel/sysapp.c                   0x00000000   Number         0  sys_wrch.o ABSOLUTE
    ../clib/angel/sysapp.c                   0x00000000   Number         0  sys_command.o ABSOLUTE
    ../clib/armsys.c                         0x00000000   Number         0  argv_veneer.o ABSOLUTE
    ../clib/armsys.c                         0x00000000   Number         0  argv_veneer.o ABSOLUTE
    ../clib/armsys.c                         0x00000000   Number         0  _get_argv_nomalloc.o ABSOLUTE
    ../clib/armsys.c                         0x00000000   Number         0  no_argv.o ABSOLUTE
    ../clib/heapalloc.c                      0x00000000   Number         0  hrguard.o ABSOLUTE
    ../clib/heapaux.c                        0x00000000   Number         0  heapauxi.o ABSOLUTE
    ../clib/libinit.s                        0x00000000   Number         0  libshutdown2.o ABSOLUTE
    ../clib/libinit.s                        0x00000000   Number         0  libinit2.o ABSOLUTE
    ../clib/libinit.s                        0x00000000   Number         0  libinit.o ABSOLUTE
    ../clib/libinit.s                        0x00000000   Number         0  libshutdown.o ABSOLUTE
    ../clib/signal.c                         0x00000000   Number         0  defsig_rtmem_outer.o ABSOLUTE
    ../clib/signal.c                         0x00000000   Number         0  defsig_other.o ABSOLUTE
    ../clib/signal.c                         0x00000000   Number         0  __raise.o ABSOLUTE
    ../clib/signal.c                         0x00000000   Number         0  defsig_cppl_inner.o ABSOLUTE
    ../clib/signal.c                         0x00000000   Number         0  defsig_pvfn_inner.o ABSOLUTE
    ../clib/signal.c                         0x00000000   Number         0  defsig_stak_inner.o ABSOLUTE
    ../clib/signal.c                         0x00000000   Number         0  defsig_rtred_inner.o ABSOLUTE
    ../clib/signal.c                         0x00000000   Number         0  defsig_abrt_inner.o ABSOLUTE
    ../clib/signal.c                         0x00000000   Number         0  defsig_general.o ABSOLUTE
    ../clib/signal.c                         0x00000000   Number         0  defsig_rtmem_inner.o ABSOLUTE
    ../clib/signal.c                         0x00000000   Number         0  defsig_exit.o ABSOLUTE
    ../clib/signal.c                         0x00000000   Number         0  defsig_rtmem_formal.o ABSOLUTE
    ../clib/signal.c                         0x00000000   Number         0  defsig_fpe_inner.o ABSOLUTE
    ../clib/signal.c                         0x00000000   Number         0  defsig_segv_inner.o ABSOLUTE
    ../clib/signal.s                         0x00000000   Number         0  defsig.o ABSOLUTE
    ../clib/stdlib.c                         0x00000000   Number         0  exit.o ABSOLUTE
    ../fplib/fpinit.s                        0x00000000   Number         0  fpinit.o ABSOLUTE
    FWLIB\misc.c                             0x00000000   Number         0  misc.o ABSOLUTE
    FWLIB\stm32f10x_exti.c                   0x00000000   Number         0  stm32f10x_exti.o ABSOLUTE
    FWLIB\stm32f10x_gpio.c                   0x00000000   Number         0  stm32f10x_gpio.o ABSOLUTE
    FWLIB\stm32f10x_rcc.c                    0x00000000   Number         0  stm32f10x_rcc.o ABSOLUTE
    SYSTEM\STM32_USB-FS-Device_Driver\src\usb_core.c 0x00000000   Number         0  usb_core.o ABSOLUTE
    SYSTEM\STM32_USB-FS-Device_Driver\src\usb_init.c 0x00000000   Number         0  usb_init.o ABSOLUTE
    SYSTEM\STM32_USB-FS-Device_Driver\src\usb_int.c 0x00000000   Number         0  usb_int.o ABSOLUTE
    SYSTEM\STM32_USB-FS-Device_Driver\src\usb_mem.c 0x00000000   Number         0  usb_mem.o ABSOLUTE
    SYSTEM\STM32_USB-FS-Device_Driver\src\usb_regs.c 0x00000000   Number         0  usb_regs.o ABSOLUTE
    SYSTEM\STM32_USB-FS-Device_Driver\src\usb_sil.c 0x00000000   Number         0  usb_sil.o ABSOLUTE
    SYSTEM\\sys\\core_cm3.c                  0x00000000   Number         0  core_cm3.o ABSOLUTE
    SYSTEM\delay\delay.c                     0x00000000   Number         0  delay.o ABSOLUTE
    SYSTEM\osu\osu.c                         0x00000000   Number         0  osu.o ABSOLUTE
    SYSTEM\sys\core_cm3.c                    0x00000000   Number         0  core_cm3.o ABSOLUTE
    SYSTEM\sys\startup_stm32f10x_md.s        0x00000000   Number         0  startup_stm32f10x_md.o ABSOLUTE
    SYSTEM\sys\system_stm32f10x.c            0x00000000   Number         0  system_stm32f10x.o ABSOLUTE
    dc.s                                     0x00000000   Number         0  dc.o ABSOLUTE
    src\hw_config.c                          0x00000000   Number         0  hw_config.o ABSOLUTE
    src\main.c                               0x00000000   Number         0  main.o ABSOLUTE
    src\stm32_it.c                           0x00000000   Number         0  stm32_it.o ABSOLUTE
    src\usb_desc.c                           0x00000000   Number         0  usb_desc.o ABSOLUTE
    src\usb_endp.c                           0x00000000   Number         0  usb_endp.o ABSOLUTE
    src\usb_istr.c                           0x00000000   Number         0  usb_istr.o ABSOLUTE
    src\usb_prop.c                           0x00000000   Number         0  usb_prop.o ABSOLUTE
    src\usb_pwr.c                            0x00000000   Number         0  usb_pwr.o ABSOLUTE
    RESET                                    0x08010000   Section      236  startup_stm32f10x_md.o(RESET)
    !!!main                                  0x080100ec   Section        8  __main.o(!!!main)
    !!!scatter                               0x080100f4   Section       52  __scatter.o(!!!scatter)
    !!dczerorl2                              0x08010128   Section       90  __dczerorl2.o(!!dczerorl2)
    !!handler_zi                             0x08010184   Section       28  __scatter_zi.o(!!handler_zi)
    .ARM.Collect$$libinit$$00000000          0x080101a0   Section        2  libinit.o(.ARM.Collect$$libinit$$00000000)
    .ARM.Collect$$libinit$$00000002          0x080101a2   Section        0  libinit2.o(.ARM.Collect$$libinit$$00000002)
    .ARM.Collect$$libinit$$00000004          0x080101a2   Section        0  libinit2.o(.ARM.Collect$$libinit$$00000004)
    .ARM.Collect$$libinit$$0000000A          0x080101a2   Section        0  libinit2.o(.ARM.Collect$$libinit$$0000000A)
    .ARM.Collect$$libinit$$0000000C          0x080101a2   Section        0  libinit2.o(.ARM.Collect$$libinit$$0000000C)
    .ARM.Collect$$libinit$$0000000E          0x080101a2   Section        0  libinit2.o(.ARM.Collect$$libinit$$0000000E)
    .ARM.Collect$$libinit$$00000011          0x080101a2   Section        0  libinit2.o(.ARM.Collect$$libinit$$00000011)
    .ARM.Collect$$libinit$$00000013          0x080101a2   Section        0  libinit2.o(.ARM.Collect$$libinit$$00000013)
    .ARM.Collect$$libinit$$00000015          0x080101a2   Section        0  libinit2.o(.ARM.Collect$$libinit$$00000015)
    .ARM.Collect$$libinit$$00000017          0x080101a2   Section        0  libinit2.o(.ARM.Collect$$libinit$$00000017)
    .ARM.Collect$$libinit$$00000019          0x080101a2   Section        0  libinit2.o(.ARM.Collect$$libinit$$00000019)
    .ARM.Collect$$libinit$$0000001B          0x080101a2   Section        0  libinit2.o(.ARM.Collect$$libinit$$0000001B)
    .ARM.Collect$$libinit$$0000001D          0x080101a2   Section        0  libinit2.o(.ARM.Collect$$libinit$$0000001D)
    .ARM.Collect$$libinit$$0000001F          0x080101a2   Section        0  libinit2.o(.ARM.Collect$$libinit$$0000001F)
    .ARM.Collect$$libinit$$00000021          0x080101a2   Section        0  libinit2.o(.ARM.Collect$$libinit$$00000021)
    .ARM.Collect$$libinit$$00000023          0x080101a2   Section        0  libinit2.o(.ARM.Collect$$libinit$$00000023)
    .ARM.Collect$$libinit$$00000025          0x080101a2   Section        0  libinit2.o(.ARM.Collect$$libinit$$00000025)
    .ARM.Collect$$libinit$$0000002C          0x080101a2   Section        0  libinit2.o(.ARM.Collect$$libinit$$0000002C)
    .ARM.Collect$$libinit$$0000002E          0x080101a2   Section        0  libinit2.o(.ARM.Collect$$libinit$$0000002E)
    .ARM.Collect$$libinit$$00000030          0x080101a2   Section        0  libinit2.o(.ARM.Collect$$libinit$$00000030)
    .ARM.Collect$$libinit$$00000032          0x080101a2   Section        0  libinit2.o(.ARM.Collect$$libinit$$00000032)
    .ARM.Collect$$libinit$$00000033          0x080101a2   Section        2  libinit2.o(.ARM.Collect$$libinit$$00000033)
    .ARM.Collect$$libshutdown$$00000000      0x080101a4   Section        2  libshutdown.o(.ARM.Collect$$libshutdown$$00000000)
    .ARM.Collect$$libshutdown$$00000002      0x080101a6   Section        0  libshutdown2.o(.ARM.Collect$$libshutdown$$00000002)
    .ARM.Collect$$libshutdown$$00000004      0x080101a6   Section        0  libshutdown2.o(.ARM.Collect$$libshutdown$$00000004)
    .ARM.Collect$$libshutdown$$00000007      0x080101a6   Section        0  libshutdown2.o(.ARM.Collect$$libshutdown$$00000007)
    .ARM.Collect$$libshutdown$$0000000A      0x080101a6   Section        0  libshutdown2.o(.ARM.Collect$$libshutdown$$0000000A)
    .ARM.Collect$$libshutdown$$0000000C      0x080101a6   Section        0  libshutdown2.o(.ARM.Collect$$libshutdown$$0000000C)
    .ARM.Collect$$libshutdown$$0000000F      0x080101a6   Section        0  libshutdown2.o(.ARM.Collect$$libshutdown$$0000000F)
    .ARM.Collect$$libshutdown$$00000010      0x080101a6   Section        2  libshutdown2.o(.ARM.Collect$$libshutdown$$00000010)
    .ARM.Collect$$rtentry$$00000000          0x080101a8   Section        0  __rtentry.o(.ARM.Collect$$rtentry$$00000000)
    .ARM.Collect$$rtentry$$00000002          0x080101a8   Section        0  __rtentry2.o(.ARM.Collect$$rtentry$$00000002)
    .ARM.Collect$$rtentry$$00000004          0x080101a8   Section        6  __rtentry4.o(.ARM.Collect$$rtentry$$00000004)
    .ARM.Collect$$rtentry$$00000009          0x080101ae   Section        0  __rtentry2.o(.ARM.Collect$$rtentry$$00000009)
    .ARM.Collect$$rtentry$$0000000A          0x080101ae   Section        4  __rtentry2.o(.ARM.Collect$$rtentry$$0000000A)
    .ARM.Collect$$rtentry$$0000000C          0x080101b2   Section        0  __rtentry2.o(.ARM.Collect$$rtentry$$0000000C)
    .ARM.Collect$$rtentry$$0000000D          0x080101b2   Section        8  __rtentry2.o(.ARM.Collect$$rtentry$$0000000D)
    .ARM.Collect$$rtexit$$00000000           0x080101ba   Section        2  rtexit.o(.ARM.Collect$$rtexit$$00000000)
    .ARM.Collect$$rtexit$$00000002           0x080101bc   Section        0  rtexit2.o(.ARM.Collect$$rtexit$$00000002)
    .ARM.Collect$$rtexit$$00000003           0x080101bc   Section        4  rtexit2.o(.ARM.Collect$$rtexit$$00000003)
    .ARM.Collect$$rtexit$$00000004           0x080101c0   Section        6  rtexit2.o(.ARM.Collect$$rtexit$$00000004)
    .text                                    0x080101c8   Section       64  startup_stm32f10x_md.o(.text)
    .text                                    0x08010208   Section        0  heapauxi.o(.text)
    .text                                    0x0801020e   Section       74  sys_stackheap_outer.o(.text)
    .text                                    0x08010258   Section        0  exit.o(.text)
    .text                                    0x0801026c   Section        8  libspace.o(.text)
    .text                                    0x08010274   Section        0  sys_exit.o(.text)
    .text                                    0x08010280   Section        2  use_no_semi.o(.text)
    .text                                    0x08010282   Section        0  indicate_semi.o(.text)
    i.BusFault_Handler                       0x08010282   Section        0  stm32_it.o(i.BusFault_Handler)
    i.ByteSwap                               0x08010286   Section        0  usb_regs.o(i.ByteSwap)
    i.CTR_LP                                 0x08010294   Section        0  usb_int.o(i.CTR_LP)
    i.ClearDTOG_RX                           0x0801051c   Section        0  usb_regs.o(i.ClearDTOG_RX)
    i.ClearDTOG_TX                           0x08010550   Section        0  usb_regs.o(i.ClearDTOG_TX)
    i.Clear_Status_Out                       0x08010584   Section        0  usb_regs.o(i.Clear_Status_Out)
    i.DataStageIn                            0x080105ac   Section        0  usb_core.o(i.DataStageIn)
    DataStageIn                              0x080105ad   Thumb Code   166  usb_core.o(i.DataStageIn)
    i.DataStageOut                           0x0801066c   Section        0  usb_core.o(i.DataStageOut)
    DataStageOut                             0x0801066d   Thumb Code   198  usb_core.o(i.DataStageOut)
    i.Data_Setup0                            0x0801074c   Section        0  usb_core.o(i.Data_Setup0)
    Data_Setup0                              0x0801074d   Thumb Code   628  usb_core.o(i.Data_Setup0)
    i.DebugMon_Handler                       0x080109e4   Section        0  stm32_it.o(i.DebugMon_Handler)
    i.EP1_IN_Callback                        0x080109e8   Section        0  usb_endp.o(i.EP1_IN_Callback)
    i.GPIO_Init                              0x080109f4   Section        0  stm32f10x_gpio.o(i.GPIO_Init)
    i.GPIO_ReadInputDataBit                  0x08010b0a   Section        0  stm32f10x_gpio.o(i.GPIO_ReadInputDataBit)
    i.GPIO_SetBits                           0x08010b1c   Section        0  stm32f10x_gpio.o(i.GPIO_SetBits)
    i.GetEPRxAddr                            0x08010b20   Section        0  usb_regs.o(i.GetEPRxAddr)
    i.GetEPTxAddr                            0x08010b40   Section        0  usb_regs.o(i.GetEPTxAddr)
    i.Get_SerialNum                          0x08010b60   Section        0  hw_config.o(i.Get_SerialNum)
    i.HardFault_Handler                      0x08010b94   Section        0  stm32_it.o(i.HardFault_Handler)
    i.In0_Process                            0x08010b98   Section        0  usb_core.o(i.In0_Process)
    i.IntToUnicode                           0x08010c08   Section        0  hw_config.o(i.IntToUnicode)
    IntToUnicode                             0x08010c09   Thumb Code    62  hw_config.o(i.IntToUnicode)
    i.MemManage_Handler                      0x08010c46   Section        0  stm32_it.o(i.MemManage_Handler)
    i.NMI_Handler                            0x08010c4a   Section        0  stm32_it.o(i.NMI_Handler)
    i.NOP_Process                            0x08010c4c   Section        0  usb_core.o(i.NOP_Process)
    i.NVIC_Init                              0x08010c50   Section        0  misc.o(i.NVIC_Init)
    i.NVIC_PriorityGroupConfig               0x08010cc0   Section        0  misc.o(i.NVIC_PriorityGroupConfig)
    i.NoData_Setup0                          0x08010cd4   Section        0  usb_core.o(i.NoData_Setup0)
    NoData_Setup0                            0x08010cd5   Thumb Code   296  usb_core.o(i.NoData_Setup0)
    i.Out0_Process                           0x08010e14   Section        0  usb_core.o(i.Out0_Process)
    i.PMAToUserBufferCopy                    0x08010e64   Section        0  usb_mem.o(i.PMAToUserBufferCopy)
    i.PendSV_Handler                         0x08010e8c   Section        0  stm32_it.o(i.PendSV_Handler)
    i.Post0_Process                          0x08010e90   Section        0  usb_core.o(i.Post0_Process)
    i.PowerOn                                0x08010ed8   Section        0  usb_pwr.o(i.PowerOn)
    i.RCC_APB1PeriphClockCmd                 0x08010f28   Section        0  stm32f10x_rcc.o(i.RCC_APB1PeriphClockCmd)
    i.RCC_APB2PeriphClockCmd                 0x08010f48   Section        0  stm32f10x_rcc.o(i.RCC_APB2PeriphClockCmd)
    i.RCC_DeInit                             0x08010f68   Section        0  stm32f10x_rcc.o(i.RCC_DeInit)
    i.RCC_USBCLKConfig                       0x08010fb4   Section        0  stm32f10x_rcc.o(i.RCC_USBCLKConfig)
    i.Resume                                 0x08010fc0   Section        0  usb_pwr.o(i.Resume)
    i.Resume_Init                            0x08011090   Section        0  usb_pwr.o(i.Resume_Init)
    i.SVC_Handler                            0x080110ac   Section        0  stm32_it.o(i.SVC_Handler)
    i.SetBTABLE                              0x080110b0   Section        0  usb_regs.o(i.SetBTABLE)
    i.SetDeviceAddress                       0x080110c0   Section        0  usb_core.o(i.SetDeviceAddress)
    i.SetEPRxAddr                            0x08011110   Section        0  usb_regs.o(i.SetEPRxAddr)
    i.SetEPRxCount                           0x08011134   Section        0  usb_regs.o(i.SetEPRxCount)
    i.SetEPRxStatus                          0x08011180   Section        0  usb_regs.o(i.SetEPRxStatus)
    i.SetEPRxValid                           0x080111c0   Section        0  usb_regs.o(i.SetEPRxValid)
    i.SetEPTxAddr                            0x080111f4   Section        0  usb_regs.o(i.SetEPTxAddr)
    i.SetEPTxCount                           0x08011214   Section        0  usb_regs.o(i.SetEPTxCount)
    i.SetEPTxStatus                          0x08011230   Section        0  usb_regs.o(i.SetEPTxStatus)
    i.SetEPTxValid                           0x08011270   Section        0  usb_regs.o(i.SetEPTxValid)
    i.SetEPType                              0x080112a4   Section        0  usb_regs.o(i.SetEPType)
    i.SetISTR                                0x080112c8   Section        0  usb_regs.o(i.SetISTR)
    i.Set_System                             0x080112d4   Section        0  hw_config.o(i.Set_System)
    i.Set_USBClock                           0x0801136c   Section        0  hw_config.o(i.Set_USBClock)
    i.Setup0_Process                         0x08011380   Section        0  usb_core.o(i.Setup0_Process)
    i.Standard_ClearFeature                  0x08011438   Section        0  usb_core.o(i.Standard_ClearFeature)
    i.Standard_GetConfiguration              0x080115a4   Section        0  usb_core.o(i.Standard_GetConfiguration)
    i.Standard_GetDescriptorData             0x080115d0   Section        0  usb_core.o(i.Standard_GetDescriptorData)
    i.Standard_GetInterface                  0x080115f4   Section        0  usb_core.o(i.Standard_GetInterface)
    i.Standard_GetStatus                     0x08011620   Section        0  usb_core.o(i.Standard_GetStatus)
    i.Standard_SetConfiguration              0x08011720   Section        0  usb_core.o(i.Standard_SetConfiguration)
    i.Standard_SetDeviceFeature              0x08011768   Section        0  usb_core.o(i.Standard_SetDeviceFeature)
    i.Standard_SetEndPointFeature            0x08011790   Section        0  usb_core.o(i.Standard_SetEndPointFeature)
    i.Standard_SetInterface                  0x08011860   Section        0  usb_core.o(i.Standard_SetInterface)
    i.Suspend                                0x080118cc   Section        0  usb_pwr.o(i.Suspend)
    i.SysTick_CLKSourceConfig                0x08011960   Section        0  misc.o(i.SysTick_CLKSourceConfig)
    i.SysTick_Handler                        0x08011988   Section        0  stm32_it.o(i.SysTick_Handler)
    i.SystemInit                             0x0801198c   Section        0  system_stm32f10x.o(i.SystemInit)
    i.USB_Cable_Config                       0x08011a14   Section        0  hw_config.o(i.USB_Cable_Config)
    i.USB_Init                               0x08011a18   Section        0  usb_init.o(i.USB_Init)
    i.USB_Interrupts_Config                  0x08011a54   Section        0  hw_config.o(i.USB_Interrupts_Config)
    i.USB_Istr                               0x08011a80   Section        0  usb_istr.o(i.USB_Istr)
    i.USB_LP_CAN1_RX0_IRQHandler             0x08011c4c   Section        0  stm32_it.o(i.USB_LP_CAN1_RX0_IRQHandler)
    i.USB_SIL_Init                           0x08011c54   Section        0  usb_sil.o(i.USB_SIL_Init)
    i.USB_SIL_Write                          0x08011c78   Section        0  usb_sil.o(i.USB_SIL_Write)
    i.UsageFault_Handler                     0x08011ca6   Section        0  stm32_it.o(i.UsageFault_Handler)
    i.UserToPMABufferCopy                    0x08011cac   Section        0  usb_mem.o(i.UserToPMABufferCopy)
    i.delay_init                             0x08011ce4   Section        0  delay.o(i.delay_init)
    i.delay_ms                               0x08011d28   Section        0  delay.o(i.delay_ms)
    i.keyboard_Data_Setup                    0x08011d74   Section        0  usb_prop.o(i.keyboard_Data_Setup)
    i.keyboard_GetConfigDescriptor           0x08011df0   Section        0  usb_prop.o(i.keyboard_GetConfigDescriptor)
    i.keyboard_GetDeviceDescriptor           0x08011e04   Section        0  usb_prop.o(i.keyboard_GetDeviceDescriptor)
    i.keyboard_GetHIDDescriptor              0x08011e18   Section        0  usb_prop.o(i.keyboard_GetHIDDescriptor)
    i.keyboard_GetProtocolValue              0x08011e2c   Section        0  usb_prop.o(i.keyboard_GetProtocolValue)
    i.keyboard_GetReportDescriptor           0x08011e48   Section        0  usb_prop.o(i.keyboard_GetReportDescriptor)
    i.keyboard_GetStringDescriptor           0x08011e5c   Section        0  usb_prop.o(i.keyboard_GetStringDescriptor)
    i.keyboard_Get_Interface_Setting         0x08011e84   Section        0  usb_prop.o(i.keyboard_Get_Interface_Setting)
    i.keyboard_NoData_Setup                  0x08011e9c   Section        0  usb_prop.o(i.keyboard_NoData_Setup)
    i.keyboard_Reset                         0x08011ec0   Section        0  usb_prop.o(i.keyboard_Reset)
    i.keyboard_Send                          0x08011f64   Section        0  hw_config.o(i.keyboard_Send)
    i.keyboard_SetConfiguration              0x08011f8c   Section        0  usb_prop.o(i.keyboard_SetConfiguration)
    i.keyboard_SetDeviceAddress              0x08011fa4   Section        0  usb_prop.o(i.keyboard_SetDeviceAddress)
    i.keyboard_SetProtocol                   0x08011fb0   Section        0  usb_prop.o(i.keyboard_SetProtocol)
    i.keyboard_Status_In                     0x08011fc8   Section        0  usb_prop.o(i.keyboard_Status_In)
    i.keyboard_Status_Out                    0x08011fca   Section        0  usb_prop.o(i.keyboard_Status_Out)
    i.keyboard_init                          0x08011fcc   Section        0  usb_prop.o(i.keyboard_init)
    i.main                                   0x08011ff4   Section        0  main.o(i.main)
    i.osu_key_scan_send                      0x0801202c   Section        0  osu.o(i.osu_key_scan_send)
    i.osu_send                               0x08012080   Section        0  osu.o(i.osu_send)
    i.osu_send_esc                           0x08012170   Section        0  osu.o(i.osu_send_esc)
    i.osu_send_restart                       0x08012198   Section        0  osu.o(i.osu_send_restart)
    .constdata                               0x08012210   Section      184  usb_desc.o(.constdata)
    .data                                    0x20000000   Section        9  usb_core.o(.data)
    .data                                    0x2000000c   Section       20  usb_init.o(.data)
    .data                                    0x20000020   Section        4  usb_int.o(.data)
    .data                                    0x20000024   Section       20  system_stm32f10x.o(.data)
    .data                                    0x20000038   Section        1  main.o(.data)
    .data                                    0x20000039   Section       26  usb_desc.o(.data)
    .data                                    0x20000054   Section       68  usb_istr.o(.data)
    .data                                    0x20000098   Section      156  usb_prop.o(.data)
    .data                                    0x20000134   Section       12  usb_pwr.o(.data)
    .data                                    0x20000140   Section        4  delay.o(.data)
    fac_us                                   0x20000140   Data           1  delay.o(.data)
    fac_ms                                   0x20000142   Data           2  delay.o(.data)
    .data                                    0x20000144   Section        5  osu.o(.data)
    .bss                                     0x2000014c   Section       28  usb_init.o(.bss)
    .bss                                     0x20000168   Section       32  usb_pwr.o(.bss)
    .bss                                     0x20000188   Section       96  libspace.o(.bss)
    HEAP                                     0x200001e8   Section      512  startup_stm32f10x_md.o(HEAP)
    Heap_Mem                                 0x200001e8   Data         512  startup_stm32f10x_md.o(HEAP)
    STACK                                    0x200003e8   Section     1024  startup_stm32f10x_md.o(STACK)
    Stack_Mem                                0x200003e8   Data        1024  startup_stm32f10x_md.o(STACK)
    __initial_sp                             0x200007e8   Data           0  startup_stm32f10x_md.o(STACK)

    Global Symbols

    Symbol Name                              Value     Ov Type        Size  Object(Section)

    BuildAttributes$$THM_ISAv4$P$D$K$B$S$PE$A:L22UL41UL21$X:L11$S22US41US21$IEEE1$IW$USESV6$~STKCKD$USESV7$~SHL$OSPACE$ROPI$EBA8$UX$STANDARDLIB$REQ8$PRES8$EABIv2 0x00000000   Number         0  anon$$obj.o ABSOLUTE
    __ARM_use_no_argv                        0x00000000   Number         0  main.o ABSOLUTE
    __ARM_exceptions_init                     - Undefined Weak Reference
    __alloca_initialize                       - Undefined Weak Reference
    __arm_preinit_                            - Undefined Weak Reference
    __cpp_initialize__aeabi_                  - Undefined Weak Reference
    __cxa_finalize                            - Undefined Weak Reference
    __rt_locale                               - Undefined Weak Reference
    __sigvec_lookup                           - Undefined Weak Reference
    _atexit_init                              - Undefined Weak Reference
    _call_atexit_fns                          - Undefined Weak Reference
    _clock_init                               - Undefined Weak Reference
    _fp_trap_init                             - Undefined Weak Reference
    _fp_trap_shutdown                         - Undefined Weak Reference
    _get_lc_collate                           - Undefined Weak Reference
    _get_lc_ctype                             - Undefined Weak Reference
    _get_lc_monetary                          - Undefined Weak Reference
    _get_lc_numeric                           - Undefined Weak Reference
    _get_lc_time                              - Undefined Weak Reference
    _getenv_init                              - Undefined Weak Reference
    _handle_redirection                       - Undefined Weak Reference
    _init_alloc                               - Undefined Weak Reference
    _init_user_alloc                          - Undefined Weak Reference
    _initio                                   - Undefined Weak Reference
    _rand_init                                - Undefined Weak Reference
    _signal_finish                            - Undefined Weak Reference
    _signal_init                              - Undefined Weak Reference
    _terminate_alloc                          - Undefined Weak Reference
    _terminate_user_alloc                     - Undefined Weak Reference
    _terminateio                              - Undefined Weak Reference
    __Vectors_Size                           0x000000ec   Number         0  startup_stm32f10x_md.o ABSOLUTE
    __Vectors                                0x08010000   Data           4  startup_stm32f10x_md.o(RESET)
    __Vectors_End                            0x080100ec   Data           0  startup_stm32f10x_md.o(RESET)
    __main                                   0x080100ed   Thumb Code     8  __main.o(!!!main)
    __scatterload                            0x080100f5   Thumb Code     0  __scatter.o(!!!scatter)
    __scatterload_rt2                        0x080100f5   Thumb Code    44  __scatter.o(!!!scatter)
    __scatterload_rt2_thumb_only             0x080100f5   Thumb Code     0  __scatter.o(!!!scatter)
    __scatterload_null                       0x08010103   Thumb Code     0  __scatter.o(!!!scatter)
    __decompress                             0x08010129   Thumb Code    90  __dczerorl2.o(!!dczerorl2)
    __decompress1                            0x08010129   Thumb Code     0  __dczerorl2.o(!!dczerorl2)
    __scatterload_zeroinit                   0x08010185   Thumb Code    28  __scatter_zi.o(!!handler_zi)
    __rt_lib_init                            0x080101a1   Thumb Code     0  libinit.o(.ARM.Collect$$libinit$$00000000)
    __rt_lib_init_alloca_1                   0x080101a3   Thumb Code     0  libinit2.o(.ARM.Collect$$libinit$$0000002E)
    __rt_lib_init_argv_1                     0x080101a3   Thumb Code     0  libinit2.o(.ARM.Collect$$libinit$$0000002C)
    __rt_lib_init_atexit_1                   0x080101a3   Thumb Code     0  libinit2.o(.ARM.Collect$$libinit$$0000001B)
    __rt_lib_init_clock_1                    0x080101a3   Thumb Code     0  libinit2.o(.ARM.Collect$$libinit$$00000021)
    __rt_lib_init_cpp_1                      0x080101a3   Thumb Code     0  libinit2.o(.ARM.Collect$$libinit$$00000032)
    __rt_lib_init_exceptions_1               0x080101a3   Thumb Code     0  libinit2.o(.ARM.Collect$$libinit$$00000030)
    __rt_lib_init_fp_1                       0x080101a3   Thumb Code     0  libinit2.o(.ARM.Collect$$libinit$$00000002)
    __rt_lib_init_fp_trap_1                  0x080101a3   Thumb Code     0  libinit2.o(.ARM.Collect$$libinit$$0000001F)
    __rt_lib_init_getenv_1                   0x080101a3   Thumb Code     0  libinit2.o(.ARM.Collect$$libinit$$00000023)
    __rt_lib_init_heap_1                     0x080101a3   Thumb Code     0  libinit2.o(.ARM.Collect$$libinit$$0000000A)
    __rt_lib_init_lc_collate_1               0x080101a3   Thumb Code     0  libinit2.o(.ARM.Collect$$libinit$$00000011)
    __rt_lib_init_lc_ctype_1                 0x080101a3   Thumb Code     0  libinit2.o(.ARM.Collect$$libinit$$00000013)
    __rt_lib_init_lc_monetary_1              0x080101a3   Thumb Code     0  libinit2.o(.ARM.Collect$$libinit$$00000015)
    __rt_lib_init_lc_numeric_1               0x080101a3   Thumb Code     0  libinit2.o(.ARM.Collect$$libinit$$00000017)
    __rt_lib_init_lc_time_1                  0x080101a3   Thumb Code     0  libinit2.o(.ARM.Collect$$libinit$$00000019)
    __rt_lib_init_preinit_1                  0x080101a3   Thumb Code     0  libinit2.o(.ARM.Collect$$libinit$$00000004)
    __rt_lib_init_rand_1                     0x080101a3   Thumb Code     0  libinit2.o(.ARM.Collect$$libinit$$0000000E)
    __rt_lib_init_return                     0x080101a3   Thumb Code     0  libinit2.o(.ARM.Collect$$libinit$$00000033)
    __rt_lib_init_signal_1                   0x080101a3   Thumb Code     0  libinit2.o(.ARM.Collect$$libinit$$0000001D)
    __rt_lib_init_stdio_1                    0x080101a3   Thumb Code     0  libinit2.o(.ARM.Collect$$libinit$$00000025)
    __rt_lib_init_user_alloc_1               0x080101a3   Thumb Code     0  libinit2.o(.ARM.Collect$$libinit$$0000000C)
    __rt_lib_shutdown                        0x080101a5   Thumb Code     0  libshutdown.o(.ARM.Collect$$libshutdown$$00000000)
    __rt_lib_shutdown_cpp_1                  0x080101a7   Thumb Code     0  libshutdown2.o(.ARM.Collect$$libshutdown$$00000002)
    __rt_lib_shutdown_fp_trap_1              0x080101a7   Thumb Code     0  libshutdown2.o(.ARM.Collect$$libshutdown$$00000007)
    __rt_lib_shutdown_heap_1                 0x080101a7   Thumb Code     0  libshutdown2.o(.ARM.Collect$$libshutdown$$0000000F)
    __rt_lib_shutdown_return                 0x080101a7   Thumb Code     0  libshutdown2.o(.ARM.Collect$$libshutdown$$00000010)
    __rt_lib_shutdown_signal_1               0x080101a7   Thumb Code     0  libshutdown2.o(.ARM.Collect$$libshutdown$$0000000A)
    __rt_lib_shutdown_stdio_1                0x080101a7   Thumb Code     0  libshutdown2.o(.ARM.Collect$$libshutdown$$00000004)
    __rt_lib_shutdown_user_alloc_1           0x080101a7   Thumb Code     0  libshutdown2.o(.ARM.Collect$$libshutdown$$0000000C)
    __rt_entry                               0x080101a9   Thumb Code     0  __rtentry.o(.ARM.Collect$$rtentry$$00000000)
    __rt_entry_presh_1                       0x080101a9   Thumb Code     0  __rtentry2.o(.ARM.Collect$$rtentry$$00000002)
    __rt_entry_sh                            0x080101a9   Thumb Code     0  __rtentry4.o(.ARM.Collect$$rtentry$$00000004)
    __rt_entry_li                            0x080101af   Thumb Code     0  __rtentry2.o(.ARM.Collect$$rtentry$$0000000A)
    __rt_entry_postsh_1                      0x080101af   Thumb Code     0  __rtentry2.o(.ARM.Collect$$rtentry$$00000009)
    __rt_entry_main                          0x080101b3   Thumb Code     0  __rtentry2.o(.ARM.Collect$$rtentry$$0000000D)
    __rt_entry_postli_1                      0x080101b3   Thumb Code     0  __rtentry2.o(.ARM.Collect$$rtentry$$0000000C)
    __rt_exit                                0x080101bb   Thumb Code     0  rtexit.o(.ARM.Collect$$rtexit$$00000000)
    __rt_exit_ls                             0x080101bd   Thumb Code     0  rtexit2.o(.ARM.Collect$$rtexit$$00000003)
    __rt_exit_prels_1                        0x080101bd   Thumb Code     0  rtexit2.o(.ARM.Collect$$rtexit$$00000002)
    __rt_exit_exit                           0x080101c1   Thumb Code     0  rtexit2.o(.ARM.Collect$$rtexit$$00000004)
    Reset_Handler                            0x080101c9   Thumb Code     8  startup_stm32f10x_md.o(.text)
    ADC1_2_IRQHandler                        0x080101e3   Thumb Code     0  startup_stm32f10x_md.o(.text)
    CAN1_RX1_IRQHandler                      0x080101e3   Thumb Code     0  startup_stm32f10x_md.o(.text)
    CAN1_SCE_IRQHandler                      0x080101e3   Thumb Code     0  startup_stm32f10x_md.o(.text)
    DMA1_Channel1_IRQHandler                 0x080101e3   Thumb Code     0  startup_stm32f10x_md.o(.text)
    DMA1_Channel2_IRQHandler                 0x080101e3   Thumb Code     0  startup_stm32f10x_md.o(.text)
    DMA1_Channel3_IRQHandler                 0x080101e3   Thumb Code     0  startup_stm32f10x_md.o(.text)
    DMA1_Channel4_IRQHandler                 0x080101e3   Thumb Code     0  startup_stm32f10x_md.o(.text)
    DMA1_Channel5_IRQHandler                 0x080101e3   Thumb Code     0  startup_stm32f10x_md.o(.text)
    DMA1_Channel6_IRQHandler                 0x080101e3   Thumb Code     0  startup_stm32f10x_md.o(.text)
    DMA1_Channel7_IRQHandler                 0x080101e3   Thumb Code     0  startup_stm32f10x_md.o(.text)
    EXTI0_IRQHandler                         0x080101e3   Thumb Code     0  startup_stm32f10x_md.o(.text)
    EXTI15_10_IRQHandler                     0x080101e3   Thumb Code     0  startup_stm32f10x_md.o(.text)
    EXTI1_IRQHandler                         0x080101e3   Thumb Code     0  startup_stm32f10x_md.o(.text)
    EXTI2_IRQHandler                         0x080101e3   Thumb Code     0  startup_stm32f10x_md.o(.text)
    EXTI3_IRQHandler                         0x080101e3   Thumb Code     0  startup_stm32f10x_md.o(.text)
    EXTI4_IRQHandler                         0x080101e3   Thumb Code     0  startup_stm32f10x_md.o(.text)
    EXTI9_5_IRQHandler                       0x080101e3   Thumb Code     0  startup_stm32f10x_md.o(.text)
    FLASH_IRQHandler                         0x080101e3   Thumb Code     0  startup_stm32f10x_md.o(.text)
    I2C1_ER_IRQHandler                       0x080101e3   Thumb Code     0  startup_stm32f10x_md.o(.text)
    I2C1_EV_IRQHandler                       0x080101e3   Thumb Code     0  startup_stm32f10x_md.o(.text)
    I2C2_ER_IRQHandler                       0x080101e3   Thumb Code     0  startup_stm32f10x_md.o(.text)
    I2C2_EV_IRQHandler                       0x080101e3   Thumb Code     0  startup_stm32f10x_md.o(.text)
    PVD_IRQHandler                           0x080101e3   Thumb Code     0  startup_stm32f10x_md.o(.text)
    RCC_IRQHandler                           0x080101e3   Thumb Code     0  startup_stm32f10x_md.o(.text)
    RTCAlarm_IRQHandler                      0x080101e3   Thumb Code     0  startup_stm32f10x_md.o(.text)
    RTC_IRQHandler                           0x080101e3   Thumb Code     0  startup_stm32f10x_md.o(.text)
    SPI1_IRQHandler                          0x080101e3   Thumb Code     0  startup_stm32f10x_md.o(.text)
    SPI2_IRQHandler                          0x080101e3   Thumb Code     0  startup_stm32f10x_md.o(.text)
    TAMPER_IRQHandler                        0x080101e3   Thumb Code     0  startup_stm32f10x_md.o(.text)
    TIM1_BRK_IRQHandler                      0x080101e3   Thumb Code     0  startup_stm32f10x_md.o(.text)
    TIM1_CC_IRQHandler                       0x080101e3   Thumb Code     0  startup_stm32f10x_md.o(.text)
    TIM1_TRG_COM_IRQHandler                  0x080101e3   Thumb Code     0  startup_stm32f10x_md.o(.text)
    TIM1_UP_IRQHandler                       0x080101e3   Thumb Code     0  startup_stm32f10x_md.o(.text)
    TIM2_IRQHandler                          0x080101e3   Thumb Code     0  startup_stm32f10x_md.o(.text)
    TIM3_IRQHandler                          0x080101e3   Thumb Code     0  startup_stm32f10x_md.o(.text)
    TIM4_IRQHandler                          0x080101e3   Thumb Code     0  startup_stm32f10x_md.o(.text)
    USART1_IRQHandler                        0x080101e3   Thumb Code     0  startup_stm32f10x_md.o(.text)
    USART2_IRQHandler                        0x080101e3   Thumb Code     0  startup_stm32f10x_md.o(.text)
    USART3_IRQHandler                        0x080101e3   Thumb Code     0  startup_stm32f10x_md.o(.text)
    USBWakeUp_IRQHandler                     0x080101e3   Thumb Code     0  startup_stm32f10x_md.o(.text)
    USB_HP_CAN1_TX_IRQHandler                0x080101e3   Thumb Code     0  startup_stm32f10x_md.o(.text)
    WWDG_IRQHandler                          0x080101e3   Thumb Code     0  startup_stm32f10x_md.o(.text)
    __user_initial_stackheap                 0x080101e5   Thumb Code     0  startup_stm32f10x_md.o(.text)
    __use_two_region_memory                  0x08010209   Thumb Code     2  heapauxi.o(.text)
    __rt_heap_escrow$2region                 0x0801020b   Thumb Code     2  heapauxi.o(.text)
    __rt_heap_expand$2region                 0x0801020d   Thumb Code     2  heapauxi.o(.text)
    __user_setup_stackheap                   0x0801020f   Thumb Code    74  sys_stackheap_outer.o(.text)
    exit                                     0x08010259   Thumb Code    18  exit.o(.text)
    __user_libspace                          0x0801026d   Thumb Code     8  libspace.o(.text)
    __user_perproc_libspace                  0x0801026d   Thumb Code     0  libspace.o(.text)
    __user_perthread_libspace                0x0801026d   Thumb Code     0  libspace.o(.text)
    _sys_exit                                0x08010275   Thumb Code     8  sys_exit.o(.text)
    __I$use$semihosting                      0x08010281   Thumb Code     0  use_no_semi.o(.text)
    __use_no_semihosting_swi                 0x08010281   Thumb Code     2  use_no_semi.o(.text)
    BusFault_Handler                         0x08010283   Thumb Code     4  stm32_it.o(i.BusFault_Handler)
    __semihosting_library_function           0x08010283   Thumb Code     0  indicate_semi.o(.text)
    ByteSwap                                 0x08010287   Thumb Code    12  usb_regs.o(i.ByteSwap)
    CTR_LP                                   0x08010295   Thumb Code   616  usb_int.o(i.CTR_LP)
    ClearDTOG_RX                             0x0801051d   Thumb Code    48  usb_regs.o(i.ClearDTOG_RX)
    ClearDTOG_TX                             0x08010551   Thumb Code    48  usb_regs.o(i.ClearDTOG_TX)
    Clear_Status_Out                         0x08010585   Thumb Code    34  usb_regs.o(i.Clear_Status_Out)
    DebugMon_Handler                         0x080109e5   Thumb Code     2  stm32_it.o(i.DebugMon_Handler)
    EP1_IN_Callback                          0x080109e9   Thumb Code     8  usb_endp.o(i.EP1_IN_Callback)
    GPIO_Init                                0x080109f5   Thumb Code   278  stm32f10x_gpio.o(i.GPIO_Init)
    GPIO_ReadInputDataBit                    0x08010b0b   Thumb Code    18  stm32f10x_gpio.o(i.GPIO_ReadInputDataBit)
    GPIO_SetBits                             0x08010b1d   Thumb Code     4  stm32f10x_gpio.o(i.GPIO_SetBits)
    GetEPRxAddr                              0x08010b21   Thumb Code    24  usb_regs.o(i.GetEPRxAddr)
    GetEPTxAddr                              0x08010b41   Thumb Code    22  usb_regs.o(i.GetEPTxAddr)
    Get_SerialNum                            0x08010b61   Thumb Code    42  hw_config.o(i.Get_SerialNum)
    HardFault_Handler                        0x08010b95   Thumb Code     4  stm32_it.o(i.HardFault_Handler)
    In0_Process                              0x08010b99   Thumb Code    98  usb_core.o(i.In0_Process)
    MemManage_Handler                        0x08010c47   Thumb Code     4  stm32_it.o(i.MemManage_Handler)
    NMI_Handler                              0x08010c4b   Thumb Code     2  stm32_it.o(i.NMI_Handler)
    NOP_Process                              0x08010c4d   Thumb Code     2  usb_core.o(i.NOP_Process)
    NVIC_Init                                0x08010c51   Thumb Code   100  misc.o(i.NVIC_Init)
    NVIC_PriorityGroupConfig                 0x08010cc1   Thumb Code    10  misc.o(i.NVIC_PriorityGroupConfig)
    Out0_Process                             0x08010e15   Thumb Code    70  usb_core.o(i.Out0_Process)
    PMAToUserBufferCopy                      0x08010e65   Thumb Code    34  usb_mem.o(i.PMAToUserBufferCopy)
    PendSV_Handler                           0x08010e8d   Thumb Code     2  stm32_it.o(i.PendSV_Handler)
    Post0_Process                            0x08010e91   Thumb Code    54  usb_core.o(i.Post0_Process)
    PowerOn                                  0x08010ed9   Thumb Code    70  usb_pwr.o(i.PowerOn)
    RCC_APB1PeriphClockCmd                   0x08010f29   Thumb Code    26  stm32f10x_rcc.o(i.RCC_APB1PeriphClockCmd)
    RCC_APB2PeriphClockCmd                   0x08010f49   Thumb Code    26  stm32f10x_rcc.o(i.RCC_APB2PeriphClockCmd)
    RCC_DeInit                               0x08010f69   Thumb Code    64  stm32f10x_rcc.o(i.RCC_DeInit)
    RCC_USBCLKConfig                         0x08010fb5   Thumb Code     6  stm32f10x_rcc.o(i.RCC_USBCLKConfig)
    Resume                                   0x08010fc1   Thumb Code   194  usb_pwr.o(i.Resume)
    Resume_Init                              0x08011091   Thumb Code    24  usb_pwr.o(i.Resume_Init)
    SVC_Handler                              0x080110ad   Thumb Code     2  stm32_it.o(i.SVC_Handler)
    SetBTABLE                                0x080110b1   Thumb Code    12  usb_regs.o(i.SetBTABLE)
    SetDeviceAddress                         0x080110c1   Thumb Code    68  usb_core.o(i.SetDeviceAddress)
    SetEPRxAddr                              0x08011111   Thumb Code    26  usb_regs.o(i.SetEPRxAddr)
    SetEPRxCount                             0x08011135   Thumb Code    68  usb_regs.o(i.SetEPRxCount)
    SetEPRxStatus                            0x08011181   Thumb Code    60  usb_regs.o(i.SetEPRxStatus)
    SetEPRxValid                             0x080111c1   Thumb Code    48  usb_regs.o(i.SetEPRxValid)
    SetEPTxAddr                              0x080111f5   Thumb Code    24  usb_regs.o(i.SetEPTxAddr)
    SetEPTxCount                             0x08011215   Thumb Code    20  usb_regs.o(i.SetEPTxCount)
    SetEPTxStatus                            0x08011231   Thumb Code    60  usb_regs.o(i.SetEPTxStatus)
    SetEPTxValid                             0x08011271   Thumb Code    48  usb_regs.o(i.SetEPTxValid)
    SetEPType                                0x080112a5   Thumb Code    32  usb_regs.o(i.SetEPType)
    SetISTR                                  0x080112c9   Thumb Code     6  usb_regs.o(i.SetISTR)
    Set_System                               0x080112d5   Thumb Code   144  hw_config.o(i.Set_System)
    Set_USBClock                             0x0801136d   Thumb Code    18  hw_config.o(i.Set_USBClock)
    Setup0_Process                           0x08011381   Thumb Code   170  usb_core.o(i.Setup0_Process)
    Standard_ClearFeature                    0x08011439   Thumb Code   342  usb_core.o(i.Standard_ClearFeature)
    Standard_GetConfiguration                0x080115a5   Thumb Code    34  usb_core.o(i.Standard_GetConfiguration)
    Standard_GetDescriptorData               0x080115d1   Thumb Code    32  usb_core.o(i.Standard_GetDescriptorData)
    Standard_GetInterface                    0x080115f5   Thumb Code    34  usb_core.o(i.Standard_GetInterface)
    Standard_GetStatus                       0x08011621   Thumb Code   238  usb_core.o(i.Standard_GetStatus)
    Standard_SetConfiguration                0x08011721   Thumb Code    60  usb_core.o(i.Standard_SetConfiguration)
    Standard_SetDeviceFeature                0x08011769   Thumb Code    30  usb_core.o(i.Standard_SetDeviceFeature)
    Standard_SetEndPointFeature              0x08011791   Thumb Code   192  usb_core.o(i.Standard_SetEndPointFeature)
    Standard_SetInterface                    0x08011861   Thumb Code    96  usb_core.o(i.Standard_SetInterface)
    Suspend                                  0x080118cd   Thumb Code   134  usb_pwr.o(i.Suspend)
    SysTick_CLKSourceConfig                  0x08011961   Thumb Code    40  misc.o(i.SysTick_CLKSourceConfig)
    SysTick_Handler                          0x08011989   Thumb Code     2  stm32_it.o(i.SysTick_Handler)
    SystemInit                               0x0801198d   Thumb Code   128  system_stm32f10x.o(i.SystemInit)
    USB_Cable_Config                         0x08011a15   Thumb Code     2  hw_config.o(i.USB_Cable_Config)
    USB_Init                                 0x08011a19   Thumb Code    36  usb_init.o(i.USB_Init)
    USB_Interrupts_Config                    0x08011a55   Thumb Code    42  hw_config.o(i.USB_Interrupts_Config)
    USB_Istr                                 0x08011a81   Thumb Code   422  usb_istr.o(i.USB_Istr)
    USB_LP_CAN1_RX0_IRQHandler               0x08011c4d   Thumb Code     8  stm32_it.o(i.USB_LP_CAN1_RX0_IRQHandler)
    USB_SIL_Init                             0x08011c55   Thumb Code    28  usb_sil.o(i.USB_SIL_Init)
    USB_SIL_Write                            0x08011c79   Thumb Code    46  usb_sil.o(i.USB_SIL_Write)
    UsageFault_Handler                       0x08011ca7   Thumb Code     4  stm32_it.o(i.UsageFault_Handler)
    UserToPMABufferCopy                      0x08011cad   Thumb Code    52  usb_mem.o(i.UserToPMABufferCopy)
    delay_init                               0x08011ce5   Thumb Code    50  delay.o(i.delay_init)
    delay_ms                                 0x08011d29   Thumb Code    72  delay.o(i.delay_ms)
    keyboard_Data_Setup                      0x08011d75   Thumb Code   108  usb_prop.o(i.keyboard_Data_Setup)
    keyboard_GetConfigDescriptor             0x08011df1   Thumb Code    14  usb_prop.o(i.keyboard_GetConfigDescriptor)
    keyboard_GetDeviceDescriptor             0x08011e05   Thumb Code    14  usb_prop.o(i.keyboard_GetDeviceDescriptor)
    keyboard_GetHIDDescriptor                0x08011e19   Thumb Code    14  usb_prop.o(i.keyboard_GetHIDDescriptor)
    keyboard_GetProtocolValue                0x08011e2d   Thumb Code    20  usb_prop.o(i.keyboard_GetProtocolValue)
    keyboard_GetReportDescriptor             0x08011e49   Thumb Code    14  usb_prop.o(i.keyboard_GetReportDescriptor)
    keyboard_GetStringDescriptor             0x08011e5d   Thumb Code    32  usb_prop.o(i.keyboard_GetStringDescriptor)
    keyboard_Get_Interface_Setting           0x08011e85   Thumb Code    22  usb_prop.o(i.keyboard_Get_Interface_Setting)
    keyboard_NoData_Setup                    0x08011e9d   Thumb Code    32  usb_prop.o(i.keyboard_NoData_Setup)
    keyboard_Reset                           0x08011ec1   Thumb Code   148  usb_prop.o(i.keyboard_Reset)
    keyboard_Send                            0x08011f65   Thumb Code    36  hw_config.o(i.keyboard_Send)
    keyboard_SetConfiguration                0x08011f8d   Thumb Code    14  usb_prop.o(i.keyboard_SetConfiguration)
    keyboard_SetDeviceAddress                0x08011fa5   Thumb Code     8  usb_prop.o(i.keyboard_SetDeviceAddress)
    keyboard_SetProtocol                     0x08011fb1   Thumb Code    14  usb_prop.o(i.keyboard_SetProtocol)
    keyboard_Status_In                       0x08011fc9   Thumb Code     2  usb_prop.o(i.keyboard_Status_In)
    keyboard_Status_Out                      0x08011fcb   Thumb Code     2  usb_prop.o(i.keyboard_Status_Out)
    keyboard_init                            0x08011fcd   Thumb Code    30  usb_prop.o(i.keyboard_init)
    main                                     0x08011ff5   Thumb Code    42  main.o(i.main)
    osu_key_scan_send                        0x0801202d   Thumb Code    60  osu.o(i.osu_key_scan_send)
    osu_send                                 0x08012081   Thumb Code   210  osu.o(i.osu_send)
    osu_send_esc                             0x08012171   Thumb Code    36  osu.o(i.osu_send_esc)
    osu_send_restart                         0x08012199   Thumb Code   116  osu.o(i.osu_send_restart)
    keyboard_DeviceDescriptor                0x08012210   Data          18  usb_desc.o(.constdata)
    keyboard_ConfigDescriptor                0x08012222   Data          41  usb_desc.o(.constdata)
    keyboard_ReportDescriptor                0x0801224b   Data          61  usb_desc.o(.constdata)
    keyboard_StringLangID                    0x08012288   Data           4  usb_desc.o(.constdata)
    keyboard_StringVendor                    0x0801228c   Data          34  usb_desc.o(.constdata)
    keyboard_StringProduct                   0x080122ae   Data          26  usb_desc.o(.constdata)
    Region$$Table$$Base                      0x080122c8   Number         0  anon$$obj.o(Region$$Table)
    Region$$Table$$Limit                     0x080122e8   Number         0  anon$$obj.o(Region$$Table)
    StatusInfo                               0x20000000   Data           2  usb_core.o(.data)
    DevRemoteWakeup                          0x20000004   Data           4  usb_core.o(.data)
    Data_Mul_MaxPacketSize                   0x20000008   Data           1  usb_core.o(.data)
    EPindex                                  0x2000000c   Data           1  usb_init.o(.data)
    pInformation                             0x20000010   Data           4  usb_init.o(.data)
    pProperty                                0x20000014   Data           4  usb_init.o(.data)
    SaveState                                0x20000018   Data           2  usb_init.o(.data)
    wInterrupt_Mask                          0x2000001a   Data           2  usb_init.o(.data)
    pUser_Standard_Requests                  0x2000001c   Data           4  usb_init.o(.data)
    SaveRState                               0x20000020   Data           2  usb_int.o(.data)
    SaveTState                               0x20000022   Data           2  usb_int.o(.data)
    SystemCoreClock                          0x20000024   Data           4  system_stm32f10x.o(.data)
    AHBPrescTable                            0x20000028   Data          16  system_stm32f10x.o(.data)
    PrevXferComplete                         0x20000038   Data           1  main.o(.data)
    keyboard_StringSerial                    0x20000039   Data          26  usb_desc.o(.data)
    wIstr                                    0x20000054   Data           2  usb_istr.o(.data)
    bIntPackSOF                              0x20000056   Data           1  usb_istr.o(.data)
    esof_counter                             0x20000058   Data           4  usb_istr.o(.data)
    wCNTR                                    0x2000005c   Data           4  usb_istr.o(.data)
    pEpInt_IN                                0x20000060   Data          28  usb_istr.o(.data)
    pEpInt_OUT                               0x2000007c   Data          28  usb_istr.o(.data)
    ProtocolValue                            0x20000098   Data           4  usb_prop.o(.data)
    Device_Table                             0x2000009c   Data           2  usb_prop.o(.data)
    Device_Property                          0x200000a0   Data          48  usb_prop.o(.data)
    User_Standard_Requests                   0x200000d0   Data          36  usb_prop.o(.data)
    Device_Descriptor                        0x200000f4   Data           8  usb_prop.o(.data)
    Config_Descriptor                        0x200000fc   Data           8  usb_prop.o(.data)
    keyboard_Report_Descriptor               0x20000104   Data           8  usb_prop.o(.data)
    Mouse_Hid_Descriptor                     0x2000010c   Data           8  usb_prop.o(.data)
    String_Descriptor                        0x20000114   Data          32  usb_prop.o(.data)
    bDeviceState                             0x20000134   Data           4  usb_pwr.o(.data)
    fSuspendEnabled                          0x20000138   Data           1  usb_pwr.o(.data)
    ResumeS                                  0x20000139   Data           2  usb_pwr.o(.data)
    remotewakeupon                           0x2000013c   Data           4  usb_pwr.o(.data)
    z                                        0x20000144   Data           1  osu.o(.data)
    x                                        0x20000145   Data           1  osu.o(.data)
    esc                                      0x20000146   Data           1  osu.o(.data)
    restart                                  0x20000147   Data           1  osu.o(.data)
    flag                                     0x20000148   Data           1  osu.o(.data)
    Device_Info                              0x2000014c   Data          28  usb_init.o(.bss)
    EP                                       0x20000168   Data          32  usb_pwr.o(.bss)
    __libspace_start                         0x20000188   Data          96  libspace.o(.bss)
    __temporary_stack_top$libspace           0x200001e8   Data           0  libspace.o(.bss)



==============================================================================

Memory Map of the image

  Image Entry point : 0x080100ed

  Load Region LR_IROM1 (Base: 0x08010000, Size: 0x00002434, Max: 0x0000ffff, ABSOLUTE, COMPRESSED[0x00002370])

    Execution Region ER_IROM1 (Exec base: 0x08010000, Load base: 0x08010000, Size: 0x000022e8, Max: 0x0000ffff, ABSOLUTE)

    Exec Addr    Load Addr    Size         Type   Attr      Idx    E Section Name        Object

    0x08010000   0x08010000   0x000000ec   Data   RO          672    RESET               startup_stm32f10x_md.o
    0x080100ec   0x080100ec   0x00000008   Code   RO         1559  * !!!main             c_w.l(__main.o)
    0x080100f4   0x080100f4   0x00000034   Code   RO         1718    !!!scatter          c_w.l(__scatter.o)
    0x08010128   0x08010128   0x0000005a   Code   RO         1716    !!dczerorl2         c_w.l(__dczerorl2.o)
    0x08010182   0x08010182   0x00000002   PAD
    0x08010184   0x08010184   0x0000001c   Code   RO         1720    !!handler_zi        c_w.l(__scatter_zi.o)
    0x080101a0   0x080101a0   0x00000002   Code   RO         1586    .ARM.Collect$$libinit$$00000000  c_w.l(libinit.o)
    0x080101a2   0x080101a2   0x00000000   Code   RO         1593    .ARM.Collect$$libinit$$00000002  c_w.l(libinit2.o)
    0x080101a2   0x080101a2   0x00000000   Code   RO         1595    .ARM.Collect$$libinit$$00000004  c_w.l(libinit2.o)
    0x080101a2   0x080101a2   0x00000000   Code   RO         1598    .ARM.Collect$$libinit$$0000000A  c_w.l(libinit2.o)
    0x080101a2   0x080101a2   0x00000000   Code   RO         1600    .ARM.Collect$$libinit$$0000000C  c_w.l(libinit2.o)
    0x080101a2   0x080101a2   0x00000000   Code   RO         1602    .ARM.Collect$$libinit$$0000000E  c_w.l(libinit2.o)
    0x080101a2   0x080101a2   0x00000000   Code   RO         1605    .ARM.Collect$$libinit$$00000011  c_w.l(libinit2.o)
    0x080101a2   0x080101a2   0x00000000   Code   RO         1607    .ARM.Collect$$libinit$$00000013  c_w.l(libinit2.o)
    0x080101a2   0x080101a2   0x00000000   Code   RO         1609    .ARM.Collect$$libinit$$00000015  c_w.l(libinit2.o)
    0x080101a2   0x080101a2   0x00000000   Code   RO         1611    .ARM.Collect$$libinit$$00000017  c_w.l(libinit2.o)
    0x080101a2   0x080101a2   0x00000000   Code   RO         1613    .ARM.Collect$$libinit$$00000019  c_w.l(libinit2.o)
    0x080101a2   0x080101a2   0x00000000   Code   RO         1615    .ARM.Collect$$libinit$$0000001B  c_w.l(libinit2.o)
    0x080101a2   0x080101a2   0x00000000   Code   RO         1617    .ARM.Collect$$libinit$$0000001D  c_w.l(libinit2.o)
    0x080101a2   0x080101a2   0x00000000   Code   RO         1619    .ARM.Collect$$libinit$$0000001F  c_w.l(libinit2.o)
    0x080101a2   0x080101a2   0x00000000   Code   RO         1621    .ARM.Collect$$libinit$$00000021  c_w.l(libinit2.o)
    0x080101a2   0x080101a2   0x00000000   Code   RO         1623    .ARM.Collect$$libinit$$00000023  c_w.l(libinit2.o)
    0x080101a2   0x080101a2   0x00000000   Code   RO         1625    .ARM.Collect$$libinit$$00000025  c_w.l(libinit2.o)
    0x080101a2   0x080101a2   0x00000000   Code   RO         1629    .ARM.Collect$$libinit$$0000002C  c_w.l(libinit2.o)
    0x080101a2   0x080101a2   0x00000000   Code   RO         1631    .ARM.Collect$$libinit$$0000002E  c_w.l(libinit2.o)
    0x080101a2   0x080101a2   0x00000000   Code   RO         1633    .ARM.Collect$$libinit$$00000030  c_w.l(libinit2.o)
    0x080101a2   0x080101a2   0x00000000   Code   RO         1635    .ARM.Collect$$libinit$$00000032  c_w.l(libinit2.o)
    0x080101a2   0x080101a2   0x00000002   Code   RO         1636    .ARM.Collect$$libinit$$00000033  c_w.l(libinit2.o)
    0x080101a4   0x080101a4   0x00000002   Code   RO         1656    .ARM.Collect$$libshutdown$$00000000  c_w.l(libshutdown.o)
    0x080101a6   0x080101a6   0x00000000   Code   RO         1669    .ARM.Collect$$libshutdown$$00000002  c_w.l(libshutdown2.o)
    0x080101a6   0x080101a6   0x00000000   Code   RO         1671    .ARM.Collect$$libshutdown$$00000004  c_w.l(libshutdown2.o)
    0x080101a6   0x080101a6   0x00000000   Code   RO         1674    .ARM.Collect$$libshutdown$$00000007  c_w.l(libshutdown2.o)
    0x080101a6   0x080101a6   0x00000000   Code   RO         1677    .ARM.Collect$$libshutdown$$0000000A  c_w.l(libshutdown2.o)
    0x080101a6   0x080101a6   0x00000000   Code   RO         1679    .ARM.Collect$$libshutdown$$0000000C  c_w.l(libshutdown2.o)
    0x080101a6   0x080101a6   0x00000000   Code   RO         1682    .ARM.Collect$$libshutdown$$0000000F  c_w.l(libshutdown2.o)
    0x080101a6   0x080101a6   0x00000002   Code   RO         1683    .ARM.Collect$$libshutdown$$00000010  c_w.l(libshutdown2.o)
    0x080101a8   0x080101a8   0x00000000   Code   RO         1561    .ARM.Collect$$rtentry$$00000000  c_w.l(__rtentry.o)
    0x080101a8   0x080101a8   0x00000000   Code   RO         1563    .ARM.Collect$$rtentry$$00000002  c_w.l(__rtentry2.o)
    0x080101a8   0x080101a8   0x00000006   Code   RO         1575    .ARM.Collect$$rtentry$$00000004  c_w.l(__rtentry4.o)
    0x080101ae   0x080101ae   0x00000000   Code   RO         1565    .ARM.Collect$$rtentry$$00000009  c_w.l(__rtentry2.o)
    0x080101ae   0x080101ae   0x00000004   Code   RO         1566    .ARM.Collect$$rtentry$$0000000A  c_w.l(__rtentry2.o)
    0x080101b2   0x080101b2   0x00000000   Code   RO         1568    .ARM.Collect$$rtentry$$0000000C  c_w.l(__rtentry2.o)
    0x080101b2   0x080101b2   0x00000008   Code   RO         1569    .ARM.Collect$$rtentry$$0000000D  c_w.l(__rtentry2.o)
    0x080101ba   0x080101ba   0x00000002   Code   RO         1590    .ARM.Collect$$rtexit$$00000000  c_w.l(rtexit.o)
    0x080101bc   0x080101bc   0x00000000   Code   RO         1638    .ARM.Collect$$rtexit$$00000002  c_w.l(rtexit2.o)
    0x080101bc   0x080101bc   0x00000004   Code   RO         1639    .ARM.Collect$$rtexit$$00000003  c_w.l(rtexit2.o)
    0x080101c0   0x080101c0   0x00000006   Code   RO         1640    .ARM.Collect$$rtexit$$00000004  c_w.l(rtexit2.o)
    0x080101c6   0x080101c6   0x00000002   PAD
    0x080101c8   0x080101c8   0x00000040   Code   RO          673    .text               startup_stm32f10x_md.o
    0x08010208   0x08010208   0x00000006   Code   RO         1557    .text               c_w.l(heapauxi.o)
    0x0801020e   0x0801020e   0x0000004a   Code   RO         1577    .text               c_w.l(sys_stackheap_outer.o)
    0x08010258   0x08010258   0x00000012   Code   RO         1579    .text               c_w.l(exit.o)
    0x0801026a   0x0801026a   0x00000002   PAD
    0x0801026c   0x0801026c   0x00000008   Code   RO         1587    .text               c_w.l(libspace.o)
    0x08010274   0x08010274   0x0000000c   Code   RO         1648    .text               c_w.l(sys_exit.o)
    0x08010280   0x08010280   0x00000002   Code   RO         1659    .text               c_w.l(use_no_semi.o)
    0x08010282   0x08010282   0x00000000   Code   RO         1661    .text               c_w.l(indicate_semi.o)
    0x08010282   0x08010282   0x00000004   Code   RO          803    i.BusFault_Handler  stm32_it.o
    0x08010286   0x08010286   0x0000000c   Code   RO          275    i.ByteSwap          usb_regs.o
    0x08010292   0x08010292   0x00000002   PAD
    0x08010294   0x08010294   0x00000288   Code   RO          228    i.CTR_LP            usb_int.o
    0x0801051c   0x0801051c   0x00000034   Code   RO          276    i.ClearDTOG_RX      usb_regs.o
    0x08010550   0x08010550   0x00000034   Code   RO          277    i.ClearDTOG_TX      usb_regs.o
    0x08010584   0x08010584   0x00000028   Code   RO          282    i.Clear_Status_Out  usb_regs.o
    0x080105ac   0x080105ac   0x000000c0   Code   RO            1    i.DataStageIn       usb_core.o
    0x0801066c   0x0801066c   0x000000e0   Code   RO            2    i.DataStageOut      usb_core.o
    0x0801074c   0x0801074c   0x00000298   Code   RO            3    i.Data_Setup0       usb_core.o
    0x080109e4   0x080109e4   0x00000002   Code   RO          804    i.DebugMon_Handler  stm32_it.o
    0x080109e6   0x080109e6   0x00000002   PAD
    0x080109e8   0x080109e8   0x0000000c   Code   RO          886    i.EP1_IN_Callback   usb_endp.o
    0x080109f4   0x080109f4   0x00000116   Code   RO         1175    i.GPIO_Init         stm32f10x_gpio.o
    0x08010b0a   0x08010b0a   0x00000012   Code   RO         1179    i.GPIO_ReadInputDataBit  stm32f10x_gpio.o
    0x08010b1c   0x08010b1c   0x00000004   Code   RO         1183    i.GPIO_SetBits      stm32f10x_gpio.o
    0x08010b20   0x08010b20   0x00000020   Code   RO          294    i.GetEPRxAddr       usb_regs.o
    0x08010b40   0x08010b40   0x00000020   Code   RO          297    i.GetEPTxAddr       usb_regs.o
    0x08010b60   0x08010b60   0x00000034   Code   RO          720    i.Get_SerialNum     hw_config.o
    0x08010b94   0x08010b94   0x00000004   Code   RO          805    i.HardFault_Handler  stm32_it.o
    0x08010b98   0x08010b98   0x00000070   Code   RO            4    i.In0_Process       usb_core.o
    0x08010c08   0x08010c08   0x0000003e   Code   RO          721    i.IntToUnicode      hw_config.o
    0x08010c46   0x08010c46   0x00000004   Code   RO          806    i.MemManage_Handler  stm32_it.o
    0x08010c4a   0x08010c4a   0x00000002   Code   RO          807    i.NMI_Handler       stm32_it.o
    0x08010c4c   0x08010c4c   0x00000002   Code   RO            5    i.NOP_Process       usb_core.o
    0x08010c4e   0x08010c4e   0x00000002   PAD
    0x08010c50   0x08010c50   0x00000070   Code   RO         1073    i.NVIC_Init         misc.o
    0x08010cc0   0x08010cc0   0x00000014   Code   RO         1074    i.NVIC_PriorityGroupConfig  misc.o
    0x08010cd4   0x08010cd4   0x00000140   Code   RO            6    i.NoData_Setup0     usb_core.o
    0x08010e14   0x08010e14   0x00000050   Code   RO            7    i.Out0_Process      usb_core.o
    0x08010e64   0x08010e64   0x00000028   Code   RO          257    i.PMAToUserBufferCopy  usb_mem.o
    0x08010e8c   0x08010e8c   0x00000002   Code   RO          808    i.PendSV_Handler    stm32_it.o
    0x08010e8e   0x08010e8e   0x00000002   PAD
    0x08010e90   0x08010e90   0x00000048   Code   RO            8    i.Post0_Process     usb_core.o
    0x08010ed8   0x08010ed8   0x00000050   Code   RO         1031    i.PowerOn           usb_pwr.o
    0x08010f28   0x08010f28   0x00000020   Code   RO         1288    i.RCC_APB1PeriphClockCmd  stm32f10x_rcc.o
    0x08010f48   0x08010f48   0x00000020   Code   RO         1290    i.RCC_APB2PeriphClockCmd  stm32f10x_rcc.o
    0x08010f68   0x08010f68   0x0000004c   Code   RO         1297    i.RCC_DeInit        stm32f10x_rcc.o
    0x08010fb4   0x08010fb4   0x0000000c   Code   RO         1316    i.RCC_USBCLKConfig  stm32f10x_rcc.o
    0x08010fc0   0x08010fc0   0x000000d0   Code   RO         1032    i.Resume            usb_pwr.o
    0x08011090   0x08011090   0x0000001c   Code   RO         1033    i.Resume_Init       usb_pwr.o
    0x080110ac   0x080110ac   0x00000002   Code   RO          809    i.SVC_Handler       stm32_it.o
    0x080110ae   0x080110ae   0x00000002   PAD
    0x080110b0   0x080110b0   0x00000010   Code   RO          305    i.SetBTABLE         usb_regs.o
    0x080110c0   0x080110c0   0x00000050   Code   RO            9    i.SetDeviceAddress  usb_core.o
    0x08011110   0x08011110   0x00000024   Code   RO          319    i.SetEPRxAddr       usb_regs.o
    0x08011134   0x08011134   0x0000004c   Code   RO          320    i.SetEPRxCount      usb_regs.o
    0x08011180   0x08011180   0x00000040   Code   RO          321    i.SetEPRxStatus     usb_regs.o
    0x080111c0   0x080111c0   0x00000034   Code   RO          322    i.SetEPRxValid      usb_regs.o
    0x080111f4   0x080111f4   0x00000020   Code   RO          323    i.SetEPTxAddr       usb_regs.o
    0x08011214   0x08011214   0x0000001c   Code   RO          324    i.SetEPTxCount      usb_regs.o
    0x08011230   0x08011230   0x00000040   Code   RO          325    i.SetEPTxStatus     usb_regs.o
    0x08011270   0x08011270   0x00000034   Code   RO          326    i.SetEPTxValid      usb_regs.o
    0x080112a4   0x080112a4   0x00000024   Code   RO          327    i.SetEPType         usb_regs.o
    0x080112c8   0x080112c8   0x0000000c   Code   RO          329    i.SetISTR           usb_regs.o
    0x080112d4   0x080112d4   0x00000098   Code   RO          723    i.Set_System        hw_config.o
    0x0801136c   0x0801136c   0x00000012   Code   RO          724    i.Set_USBClock      hw_config.o
    0x0801137e   0x0801137e   0x00000002   PAD
    0x08011380   0x08011380   0x000000b8   Code   RO           10    i.Setup0_Process    usb_core.o
    0x08011438   0x08011438   0x0000016c   Code   RO           11    i.Standard_ClearFeature  usb_core.o
    0x080115a4   0x080115a4   0x0000002c   Code   RO           12    i.Standard_GetConfiguration  usb_core.o
    0x080115d0   0x080115d0   0x00000024   Code   RO           13    i.Standard_GetDescriptorData  usb_core.o
    0x080115f4   0x080115f4   0x0000002c   Code   RO           14    i.Standard_GetInterface  usb_core.o
    0x08011620   0x08011620   0x00000100   Code   RO           15    i.Standard_GetStatus  usb_core.o
    0x08011720   0x08011720   0x00000048   Code   RO           16    i.Standard_SetConfiguration  usb_core.o
    0x08011768   0x08011768   0x00000028   Code   RO           17    i.Standard_SetDeviceFeature  usb_core.o
    0x08011790   0x08011790   0x000000d0   Code   RO           18    i.Standard_SetEndPointFeature  usb_core.o
    0x08011860   0x08011860   0x0000006c   Code   RO           19    i.Standard_SetInterface  usb_core.o
    0x080118cc   0x080118cc   0x00000094   Code   RO         1034    i.Suspend           usb_pwr.o
    0x08011960   0x08011960   0x00000028   Code   RO         1077    i.SysTick_CLKSourceConfig  misc.o
    0x08011988   0x08011988   0x00000002   Code   RO          810    i.SysTick_Handler   stm32_it.o
    0x0801198a   0x0801198a   0x00000002   PAD
    0x0801198c   0x0801198c   0x00000088   Code   RO          679    i.SystemInit        system_stm32f10x.o
    0x08011a14   0x08011a14   0x00000002   Code   RO          725    i.USB_Cable_Config  hw_config.o
    0x08011a16   0x08011a16   0x00000002   PAD
    0x08011a18   0x08011a18   0x0000003c   Code   RO          204    i.USB_Init          usb_init.o
    0x08011a54   0x08011a54   0x0000002a   Code   RO          726    i.USB_Interrupts_Config  hw_config.o
    0x08011a7e   0x08011a7e   0x00000002   PAD
    0x08011a80   0x08011a80   0x000001cc   Code   RO          899    i.USB_Istr          usb_istr.o
    0x08011c4c   0x08011c4c   0x00000008   Code   RO          811    i.USB_LP_CAN1_RX0_IRQHandler  stm32_it.o
    0x08011c54   0x08011c54   0x00000024   Code   RO          635    i.USB_SIL_Init      usb_sil.o
    0x08011c78   0x08011c78   0x0000002e   Code   RO          637    i.USB_SIL_Write     usb_sil.o
    0x08011ca6   0x08011ca6   0x00000004   Code   RO          812    i.UsageFault_Handler  stm32_it.o
    0x08011caa   0x08011caa   0x00000002   PAD
    0x08011cac   0x08011cac   0x00000038   Code   RO          258    i.UserToPMABufferCopy  usb_mem.o
    0x08011ce4   0x08011ce4   0x00000044   Code   RO         1489    i.delay_init        delay.o
    0x08011d28   0x08011d28   0x0000004c   Code   RO         1490    i.delay_ms          delay.o
    0x08011d74   0x08011d74   0x0000007c   Code   RO          917    i.keyboard_Data_Setup  usb_prop.o
    0x08011df0   0x08011df0   0x00000014   Code   RO          918    i.keyboard_GetConfigDescriptor  usb_prop.o
    0x08011e04   0x08011e04   0x00000014   Code   RO          919    i.keyboard_GetDeviceDescriptor  usb_prop.o
    0x08011e18   0x08011e18   0x00000014   Code   RO          920    i.keyboard_GetHIDDescriptor  usb_prop.o
    0x08011e2c   0x08011e2c   0x0000001c   Code   RO          921    i.keyboard_GetProtocolValue  usb_prop.o
    0x08011e48   0x08011e48   0x00000014   Code   RO          922    i.keyboard_GetReportDescriptor  usb_prop.o
    0x08011e5c   0x08011e5c   0x00000028   Code   RO          923    i.keyboard_GetStringDescriptor  usb_prop.o
    0x08011e84   0x08011e84   0x00000016   Code   RO          924    i.keyboard_Get_Interface_Setting  usb_prop.o
    0x08011e9a   0x08011e9a   0x00000002   PAD
    0x08011e9c   0x08011e9c   0x00000024   Code   RO          925    i.keyboard_NoData_Setup  usb_prop.o
    0x08011ec0   0x08011ec0   0x000000a4   Code   RO          926    i.keyboard_Reset    usb_prop.o
    0x08011f64   0x08011f64   0x00000028   Code   RO          727    i.keyboard_Send     hw_config.o
    0x08011f8c   0x08011f8c   0x00000018   Code   RO          927    i.keyboard_SetConfiguration  usb_prop.o
    0x08011fa4   0x08011fa4   0x0000000c   Code   RO          928    i.keyboard_SetDeviceAddress  usb_prop.o
    0x08011fb0   0x08011fb0   0x00000018   Code   RO          929    i.keyboard_SetProtocol  usb_prop.o
    0x08011fc8   0x08011fc8   0x00000002   Code   RO          930    i.keyboard_Status_In  usb_prop.o
    0x08011fca   0x08011fca   0x00000002   Code   RO          931    i.keyboard_Status_Out  usb_prop.o
    0x08011fcc   0x08011fcc   0x00000028   Code   RO          932    i.keyboard_init     usb_prop.o
    0x08011ff4   0x08011ff4   0x00000038   Code   RO          781    i.main              main.o
    0x0801202c   0x0801202c   0x00000054   Code   RO         1518    i.osu_key_scan_send  osu.o
    0x08012080   0x08012080   0x000000f0   Code   RO         1519    i.osu_send          osu.o
    0x08012170   0x08012170   0x00000028   Code   RO         1520    i.osu_send_esc      osu.o
    0x08012198   0x08012198   0x00000078   Code   RO         1521    i.osu_send_restart  osu.o
    0x08012210   0x08012210   0x000000b8   Data   RO          873    .constdata          usb_desc.o
    0x080122c8   0x080122c8   0x00000020   Data   RO         1714    Region$$Table       anon$$obj.o


    Execution Region RW_IRAM1 (Exec base: 0x20000000, Load base: 0x080122e8, Size: 0x000007e8, Max: 0x00005000, ABSOLUTE, COMPRESSED[0x00000088])

    Exec Addr    Load Addr    Size         Type   Attr      Idx    E Section Name        Object

    0x20000000   COMPRESSED   0x00000009   Data   RW           20    .data               usb_core.o
    0x20000009   COMPRESSED   0x00000003   PAD
    0x2000000c   COMPRESSED   0x00000014   Data   RW          206    .data               usb_init.o
    0x20000020   COMPRESSED   0x00000004   Data   RW          229    .data               usb_int.o
    0x20000024   COMPRESSED   0x00000014   Data   RW          680    .data               system_stm32f10x.o
    0x20000038   COMPRESSED   0x00000001   Data   RW          783    .data               main.o
    0x20000039   COMPRESSED   0x0000001a   Data   RW          874    .data               usb_desc.o
    0x20000053   COMPRESSED   0x00000001   PAD
    0x20000054   COMPRESSED   0x00000044   Data   RW          900    .data               usb_istr.o
    0x20000098   COMPRESSED   0x0000009c   Data   RW          933    .data               usb_prop.o
    0x20000134   COMPRESSED   0x0000000c   Data   RW         1036    .data               usb_pwr.o
    0x20000140   COMPRESSED   0x00000004   Data   RW         1492    .data               delay.o
    0x20000144   COMPRESSED   0x00000005   Data   RW         1522    .data               osu.o
    0x20000149   COMPRESSED   0x00000003   PAD
    0x2000014c        -       0x0000001c   Zero   RW          205    .bss                usb_init.o
    0x20000168        -       0x00000020   Zero   RW         1035    .bss                usb_pwr.o
    0x20000188        -       0x00000060   Zero   RW         1588    .bss                c_w.l(libspace.o)
    0x200001e8        -       0x00000200   Zero   RW          671    HEAP                startup_stm32f10x_md.o
    0x200003e8        -       0x00000400   Zero   RW          670    STACK               startup_stm32f10x_md.o


==============================================================================

Image component sizes


      Code (inc. data)   RO Data    RW Data    ZI Data      Debug   Object Name

         0          0          0          0          0         32   core_cm3.o
       144         22          0          4          0       1140   delay.o
       368         22          0          0          0       3910   hw_config.o
        56         14          0          1          0       1024   main.o
       172         22          0          0          0       3505   misc.o
       484         62          0          5          0       2380   osu.o
        64         26        236          0       1536        788   startup_stm32f10x_md.o
        34          0          0          0          0       4055   stm32_it.o
       300          0          0          0          0      11239   stm32f10x_gpio.o
       152         30          0          0          0       1950   stm32f10x_rcc.o
       136          8          0         20          0       1205   system_stm32f10x.o
      3102        294          0          9          0     242823   usb_core.o
         0          0        184         26          0        949   usb_desc.o
        12          4          0          0          0        402   usb_endp.o
        60         24          0         20         28       4150   usb_init.o
       648         32          0          4          0       1772   usb_int.o
       460         38          0         68          0       1435   usb_istr.o
        96         10          0          0          0       1816   usb_mem.o
       598        110          0        156          0      11796   usb_prop.o
       464         50          0         12         32       3440   usb_pwr.o
       688         96          0          0          0       9926   usb_regs.o
        82          8          0          0          0       1539   usb_sil.o

    ----------------------------------------------------------------------
      8142        872        452        332       1596     311276   Object Totals
         0          0         32          0          0          0   (incl. Generated)
        22          0          0          7          0          0   (incl. Padding)

    ----------------------------------------------------------------------

      Code (inc. data)   RO Data    RW Data    ZI Data      Debug   Library Member Name

        90          0          0          0          0          0   __dczerorl2.o
         8          0          0          0          0         68   __main.o
         0          0          0          0          0          0   __rtentry.o
        12          0          0          0          0          0   __rtentry2.o
         6          0          0          0          0          0   __rtentry4.o
        52          8          0          0          0          0   __scatter.o
        28          0          0          0          0          0   __scatter_zi.o
        18          0          0          0          0         80   exit.o
         6          0          0          0          0        152   heapauxi.o
         0          0          0          0          0          0   indicate_semi.o
         2          0          0          0          0          0   libinit.o
         2          0          0          0          0          0   libinit2.o
         2          0          0          0          0          0   libshutdown.o
         2          0          0          0          0          0   libshutdown2.o
         8          4          0          0         96         68   libspace.o
         2          0          0          0          0          0   rtexit.o
        10          0          0          0          0          0   rtexit2.o
        12          4          0          0          0         68   sys_exit.o
        74          0          0          0          0         80   sys_stackheap_outer.o
         2          0          0          0          0         68   use_no_semi.o

    ----------------------------------------------------------------------
       342         16          0          0         96        584   Library Totals
         6          0          0          0          0          0   (incl. Padding)

    ----------------------------------------------------------------------

      Code (inc. data)   RO Data    RW Data    ZI Data      Debug   Library Name

       336         16          0          0         96        584   c_w.l

    ----------------------------------------------------------------------
       342         16          0          0         96        584   Library Totals

    ----------------------------------------------------------------------

==============================================================================


      Code (inc. data)   RO Data    RW Data    ZI Data      Debug   

      8484        888        452        332       1692     306812   Grand Totals
      8484        888        452        136       1692     306812   ELF Image Totals (compressed)
      8484        888        452        136          0          0   ROM Totals

==============================================================================

    Total RO  Size (Code + RO Data)                 8936 (   8.73kB)
    Total RW  Size (RW Data + ZI Data)              2024 (   1.98kB)
    Total ROM Size (Code + RO Data + RW Data)       9072 (   8.86kB)

==============================================================================

